Archive member included to satisfy reference by file (symbol)

d:/truestudio for stm32 9.3.0/armtools/bin/../lib/gcc/arm-atollic-eabi/6.3.1/../../../../arm-atollic-eabi/lib/armv7e-m/fpu\libc_nano.a(lib_a-errno.o)
                              Src\syscalls.o (__errno)
d:/truestudio for stm32 9.3.0/armtools/bin/../lib/gcc/arm-atollic-eabi/6.3.1/../../../../arm-atollic-eabi/lib/armv7e-m/fpu\libc_nano.a(lib_a-impure.o)
                              d:/truestudio for stm32 9.3.0/armtools/bin/../lib/gcc/arm-atollic-eabi/6.3.1/../../../../arm-atollic-eabi/lib/armv7e-m/fpu\libc_nano.a(lib_a-errno.o) (_impure_ptr)
d:/truestudio for stm32 9.3.0/armtools/bin/../lib/gcc/arm-atollic-eabi/6.3.1/../../../../arm-atollic-eabi/lib/armv7e-m/fpu\libc_nano.a(lib_a-init.o)
                              startup\startup_stm32f407xx.o (__libc_init_array)
d:/truestudio for stm32 9.3.0/armtools/bin/../lib/gcc/arm-atollic-eabi/6.3.1/../../../../arm-atollic-eabi/lib/armv7e-m/fpu\libc_nano.a(lib_a-malloc.o)
                              Src\tm_stm32_delay.o (malloc)
d:/truestudio for stm32 9.3.0/armtools/bin/../lib/gcc/arm-atollic-eabi/6.3.1/../../../../arm-atollic-eabi/lib/armv7e-m/fpu\libc_nano.a(lib_a-memset.o)
                              Src\adc.o (memset)
d:/truestudio for stm32 9.3.0/armtools/bin/../lib/gcc/arm-atollic-eabi/6.3.1/../../../../arm-atollic-eabi/lib/armv7e-m/fpu\libc_nano.a(lib_a-nano-freer.o)
                              d:/truestudio for stm32 9.3.0/armtools/bin/../lib/gcc/arm-atollic-eabi/6.3.1/../../../../arm-atollic-eabi/lib/armv7e-m/fpu\libc_nano.a(lib_a-malloc.o) (_free_r)
d:/truestudio for stm32 9.3.0/armtools/bin/../lib/gcc/arm-atollic-eabi/6.3.1/../../../../arm-atollic-eabi/lib/armv7e-m/fpu\libc_nano.a(lib_a-nano-mallocr.o)
                              d:/truestudio for stm32 9.3.0/armtools/bin/../lib/gcc/arm-atollic-eabi/6.3.1/../../../../arm-atollic-eabi/lib/armv7e-m/fpu\libc_nano.a(lib_a-malloc.o) (_malloc_r)
d:/truestudio for stm32 9.3.0/armtools/bin/../lib/gcc/arm-atollic-eabi/6.3.1/../../../../arm-atollic-eabi/lib/armv7e-m/fpu\libc_nano.a(lib_a-nano-vfprintf_float.o)
                              (_printf_float)
d:/truestudio for stm32 9.3.0/armtools/bin/../lib/gcc/arm-atollic-eabi/6.3.1/../../../../arm-atollic-eabi/lib/armv7e-m/fpu\libc_nano.a(lib_a-nano-vfprintf_i.o)
                              d:/truestudio for stm32 9.3.0/armtools/bin/../lib/gcc/arm-atollic-eabi/6.3.1/../../../../arm-atollic-eabi/lib/armv7e-m/fpu\libc_nano.a(lib_a-nano-vfprintf_float.o) (_printf_common)
d:/truestudio for stm32 9.3.0/armtools/bin/../lib/gcc/arm-atollic-eabi/6.3.1/../../../../arm-atollic-eabi/lib/armv7e-m/fpu\libc_nano.a(lib_a-puts.o)
                              Src\main.o (puts)
d:/truestudio for stm32 9.3.0/armtools/bin/../lib/gcc/arm-atollic-eabi/6.3.1/../../../../arm-atollic-eabi/lib/armv7e-m/fpu\libc_nano.a(lib_a-sbrkr.o)
                              d:/truestudio for stm32 9.3.0/armtools/bin/../lib/gcc/arm-atollic-eabi/6.3.1/../../../../arm-atollic-eabi/lib/armv7e-m/fpu\libc_nano.a(lib_a-nano-mallocr.o) (_sbrk_r)
d:/truestudio for stm32 9.3.0/armtools/bin/../lib/gcc/arm-atollic-eabi/6.3.1/../../../../arm-atollic-eabi/lib/armv7e-m/fpu\libc_nano.a(lib_a-strlen.o)
                              d:/truestudio for stm32 9.3.0/armtools/bin/../lib/gcc/arm-atollic-eabi/6.3.1/../../../../arm-atollic-eabi/lib/armv7e-m/fpu\libc_nano.a(lib_a-nano-vfprintf_float.o) (strlen)
d:/truestudio for stm32 9.3.0/armtools/bin/../lib/gcc/arm-atollic-eabi/6.3.1/../../../../arm-atollic-eabi/lib/armv7e-m/fpu\libc_nano.a(lib_a-wbuf.o)
                              d:/truestudio for stm32 9.3.0/armtools/bin/../lib/gcc/arm-atollic-eabi/6.3.1/../../../../arm-atollic-eabi/lib/armv7e-m/fpu\libc_nano.a(lib_a-puts.o) (__swbuf_r)
d:/truestudio for stm32 9.3.0/armtools/bin/../lib/gcc/arm-atollic-eabi/6.3.1/../../../../arm-atollic-eabi/lib/armv7e-m/fpu\libc_nano.a(lib_a-wsetup.o)
                              d:/truestudio for stm32 9.3.0/armtools/bin/../lib/gcc/arm-atollic-eabi/6.3.1/../../../../arm-atollic-eabi/lib/armv7e-m/fpu\libc_nano.a(lib_a-puts.o) (__swsetup_r)
d:/truestudio for stm32 9.3.0/armtools/bin/../lib/gcc/arm-atollic-eabi/6.3.1/../../../../arm-atollic-eabi/lib/armv7e-m/fpu\libc_nano.a(lib_a-dtoa.o)
                              d:/truestudio for stm32 9.3.0/armtools/bin/../lib/gcc/arm-atollic-eabi/6.3.1/../../../../arm-atollic-eabi/lib/armv7e-m/fpu\libc_nano.a(lib_a-nano-vfprintf_float.o) (_dtoa_r)
d:/truestudio for stm32 9.3.0/armtools/bin/../lib/gcc/arm-atollic-eabi/6.3.1/../../../../arm-atollic-eabi/lib/armv7e-m/fpu\libc_nano.a(lib_a-fflush.o)
                              d:/truestudio for stm32 9.3.0/armtools/bin/../lib/gcc/arm-atollic-eabi/6.3.1/../../../../arm-atollic-eabi/lib/armv7e-m/fpu\libc_nano.a(lib_a-wbuf.o) (_fflush_r)
d:/truestudio for stm32 9.3.0/armtools/bin/../lib/gcc/arm-atollic-eabi/6.3.1/../../../../arm-atollic-eabi/lib/armv7e-m/fpu\libc_nano.a(lib_a-findfp.o)
[...]
Memory Configuration

Name             Origin             Length             Attributes
RAM              0x20000000         0x00020000         xrw
CCMRAM           0x10000000         0x00010000         rw
FLASH            0x08000000         0x00080000         xr
*default*        0x00000000         0xffffffff

Linker script and memory map

LOAD d:/truestudio for stm32 9.3.0/armtools/bin/../lib/gcc/arm-atollic-eabi/6.3.1/armv7e-m/fpu/crti.o
LOAD d:/truestudio for stm32 9.3.0/armtools/bin/../lib/gcc/arm-atollic-eabi/6.3.1/armv7e-m/fpu/crtbegin.o
LOAD Drivers\STM32F4xx_HAL_Driver\Src\stm32f4xx_hal.o
LOAD Drivers\STM32F4xx_HAL_Driver\Src\stm32f4xx_hal_adc.o
LOAD Drivers\STM32F4xx_HAL_Driver\Src\stm32f4xx_hal_adc_ex.o
LOAD Drivers\STM32F4xx_HAL_Driver\Src\stm32f4xx_hal_cortex.o
LOAD Drivers\STM32F4xx_HAL_Driver\Src\stm32f4xx_hal_dma.o
LOAD Drivers\STM32F4xx_HAL_Driver\Src\stm32f4xx_hal_dma_ex.o
LOAD Drivers\STM32F4xx_HAL_Driver\Src\stm32f4xx_hal_exti.o
LOAD Drivers\STM32F4xx_HAL_Driver\Src\stm32f4xx_hal_flash.o
LOAD Drivers\STM32F4xx_HAL_Driver\Src\stm32f4xx_hal_flash_ex.o
LOAD Drivers\STM32F4xx_HAL_Driver\Src\stm32f4xx_hal_flash_ramfunc.o
LOAD Drivers\STM32F4xx_HAL_Driver\Src\stm32f4xx_hal_gpio.o
LOAD Drivers\STM32F4xx_HAL_Driver\Src\stm32f4xx_hal_i2c.o
LOAD Drivers\STM32F4xx_HAL_Driver\Src\stm32f4xx_hal_i2c_ex.o
LOAD Drivers\STM32F4xx_HAL_Driver\Src\stm32f4xx_hal_pwr.o
LOAD Drivers\STM32F4xx_HAL_Driver\Src\stm32f4xx_hal_pwr_ex.o
LOAD Drivers\STM32F4xx_HAL_Driver\Src\stm32f4xx_hal_rcc.o
LOAD Drivers\STM32F4xx_HAL_Driver\Src\stm32f4xx_hal_rcc_ex.o
LOAD Drivers\STM32F4xx_HAL_Driver\Src\stm32f4xx_hal_tim.o
LOAD Drivers\STM32F4xx_HAL_Driver\Src\stm32f4xx_hal_tim_ex.o
LOAD Drivers\STM32F4xx_HAL_Driver\Src\stm32f4xx_hal_uart.o
LOAD Src\I2C_1.o
LOAD Src\MPU9250.o
LOAD Src\adc.o
LOAD Src\gpio.o
LOAD Src\hcsr04.o
LOAD Src\i2c.o
LOAD Src\main.o
LOAD Src\stm32f4xx_hal_msp.o
LOAD Src\stm32f4xx_it.o
LOAD Src\syscalls.o
LOAD Src\system_stm32f4xx.o
LOAD Src\tim.o
LOAD Src\tm_stm32_ahrs_imu.o
LOAD Src\tm_stm32_delay.o
LOAD Src\tm_stm32f4_gpio.o
LOAD Src\usart.o
LOAD startup\startup_stm32f407xx.o
                0x00000080                malloc_getpagesize_P = 0x80
START GROUP
LOAD d:/truestudio for stm32 9.3.0/armtools/bin/../lib/gcc/arm-atollic-eabi/6.3.1/../../../../arm-atollic-eabi/lib/armv7e-m/fpu\libc_nano.a
LOAD d:/truestudio for stm32 9.3.0/armtools/bin/../lib/gcc/arm-atollic-eabi/6.3.1/../../../../arm-atollic-eabi/lib/armv7e-m/fpu\libm.a
END GROUP
START GROUP
LOAD d:/truestudio for stm32 9.3.0/armtools/bin/../lib/gcc/arm-atollic-eabi/6.3.1/armv7e-m/fpu\libgcc.a
LOAD d:/truestudio for stm32 9.3.0/armtools/bin/../lib/gcc/arm-atollic-eabi/6.3.1/../../../../arm-atollic-eabi/lib/armv7e-m/fpu\libc_nano.a
END GROUP
START GROUP
LOAD d:/truestudio for stm32 9.3.0/armtools/bin/../lib/gcc/arm-atollic-eabi/6.3.1/armv7e-m/fpu\libgcc.a
LOAD d:/truestudio for stm32 9.3.0/armtools/bin/../lib/gcc/arm-atollic-eabi/6.3.1/../../../../arm-atollic-eabi/lib/armv7e-m/fpu\libc_nano.a
LOAD d:/truestudio for stm32 9.3.0/armtools/bin/../lib/gcc/arm-atollic-eabi/6.3.1/../../../../arm-atollic-eabi/lib/armv7e-m/fpu\libnosys.a
END GROUP
START GROUP
LOAD d:/truestudio for stm32 9.3.0/armtools/bin/../lib/gcc/arm-atollic-eabi/6.3.1/armv7e-m/fpu\libgcc.a
LOAD d:/truestudio for stm32 9.3.0/armtools/bin/../lib/gcc/arm-atollic-eabi/6.3.1/../../../../arm-atollic-eabi/lib/armv7e-m/fpu\libc_nano.a
LOAD d:/truestudio for stm32 9.3.0/armtools/bin/../lib/gcc/arm-atollic-eabi/6.3.1/../../../../arm-atollic-eabi/lib/armv7e-m/fpu\libnosys.a
END GROUP
LOAD d:/truestudio for stm32 9.3.0/armtools/bin/../lib/gcc/arm-atollic-eabi/6.3.1/armv7e-m/fpu/crtend.o
LOAD d:/truestudio for stm32 9.3.0/armtools/bin/../lib/gcc/arm-atollic-eabi/6.3.1/armv7e-m/fpu/crtn.o
                0x20020000                _estack = 0x20020000
                0x00000200                _Min_Heap_Size = 0x200
                0x00000400                _Min_Stack_Size = 0x400

.isr_vector     0x08000000      0x188
                0x08000000                . = ALIGN (0x4)
 *(.isr_vector)
 .isr_vector    0x08000000      0x188 startup\startup_stm32f407xx.o
                0x08000000                g_pfnVectors
                0x08000188                . = ALIGN (0x4)

.text           0x08000188     0x82a8
                0x08000188                . = ALIGN (0x4)
 *(.text)
 .text          0x08000188       0x40 d:/truestudio for stm32 9.3.0/armtools/bin/../lib/gcc/arm-atollic-eabi/6.3.1/armv7e-m/fpu/crtbegin.o
 .text          0x080001c8       0x10 d:/truestudio for stm32 9.3.0/armtools/bin/../lib/gcc/arm-atollic-eabi/6.3.1/../../../../arm-atollic-eabi/lib/armv7e-m/fpu\libc_nano.a(lib_a-strlen.o)
                0x080001c8                strlen
 .text          0x080001d8      0x370 d:/truestudio for stm32 9.3.0/armtools/bin/../lib/gcc/arm-atollic-eabi/6.3.1/armv7e-m/fpu\libgcc.a(_arm_addsubdf3.o)
                0x080001d8                __aeabi_drsub
                0x080001e0                __aeabi_dsub
                0x080001e0                __subdf3
                0x080001e4                __aeabi_dadd
                0x080001e4                __adddf3
                0x0800045c                __floatunsidf
                0x0800045c                __aeabi_ui2d
                0x0800047c                __floatsidf
                0x0800047c                __aeabi_i2d
                0x080004a0                __aeabi_f2d
                0x080004a0                __extendsfdf2
                0x080004dc                __floatundidf
                0x080004dc                __aeabi_ul2d
                0x080004ec                __floatdidf
                0x080004ec                __aeabi_l2d
 .text          0x08000548      0x424 d:/truestudio for stm32 9.3.0/armtools/bin/../lib/gcc/arm-atollic-eabi/6.3.1/armv7e-m/fpu\libgcc.a(_arm_muldivdf3.o)
                0x08000548                __aeabi_dmul
                0x08000548                __muldf3
                0x0800079c                __divdf3
                0x0800079c                __aeabi_ddiv
 .text          0x0800096c      0x110 d:/truestudio for stm32 9.3.0/armtools/bin/../lib/gcc/arm-atollic-eabi/6.3.1/armv7e-m/fpu\libgcc.a(_arm_cmpdf2.o)
                0x0800096c                __gtdf2
                0x0800096c                __gedf2
                0x08000974                __ltdf2
                0x08000974                __ledf2
                0x0800097c                __nedf2
                0x0800097c                __eqdf2
                0x0800097c                __cmpdf2
                0x080009f8                __aeabi_cdrcmple
                0x08000a08                __aeabi_cdcmpeq
                0x08000a08                __aeabi_cdcmple
                0x08000a18                __aeabi_dcmpeq
                0x08000a2c                __aeabi_dcmplt
                0x08000a40                __aeabi_dcmple
                0x08000a54                __aeabi_dcmpge
                0x08000a68                __aeabi_dcmpgt
 .text          0x08000a7c       0x2c d:/truestudio for stm32 9.3.0/armtools/bin/../lib/gcc/arm-atollic-eabi/6.3.1/armv7e-m/fpu\libgcc.a(_arm_unorddf2.o)
                0x08000a7c                __unorddf2
                0x08000a7c                __aeabi_dcmpun
 .text          0x08000aa8       0x50 d:/truestudio for stm32 9.3.0/armtools/bin/../lib/gcc/arm-atollic-eabi/6.3.1/armv7e-m/fpu\libgcc.a(_arm_fixdfsi.o)
                0x08000aa8                __aeabi_d2iz
                0x08000aa8                __fixdfsi
 .text          0x08000af8       0xa0 d:/truestudio for stm32 9.3.0/armtools/bin/../lib/gcc/arm-atollic-eabi/6.3.1/armv7e-m/fpu\libgcc.a(_arm_truncdfsf2.o)
                0x08000af8                __truncdfsf2
                0x08000af8                __aeabi_d2f
 .text          0x08000b98       0x30 d:/truestudio for stm32 9.3.0/armtools/bin/../lib/gcc/arm-atollic-eabi/6.3.1/armv7e-m/fpu\libgcc.a(_aeabi_uldivmod.o)
                0x08000b98                __aeabi_uldivmod
 .text          0x08000bc8      0x2dc d:/truestudio for stm32 9.3.0/armtools/bin/../lib/gcc/arm-atollic-eabi/6.3.1/armv7e-m/fpu\libgcc.a(_udivmoddi4.o)
                0x08000bc8                __udivmoddi4
 .text          0x08000ea4        0x4 d:/truestudio for stm32 9.3.0/armtools/bin/../lib/gcc/arm-atollic-eabi/6.3.1/armv7e-m/fpu\libgcc.a(_dvmd_tls.o)
                0x08000ea4                __aeabi_idiv0
                0x08000ea4                __aeabi_ldiv0
 *(.text*)
 .text.HAL_InitTick
                0x08000ea8       0x48 Drivers\STM32F4xx_HAL_Driver\Src\stm32f4xx_hal.o
                0x08000ea8                HAL_InitTick
 .text.HAL_Init
                0x08000ef0       0x34 Drivers\STM32F4xx_HAL_Driver\Src\stm32f4xx_hal.o
                0x08000ef0                HAL_Init
 .text.HAL_ADC_Init
                0x08000f24      0x14c Drivers\STM32F4xx_HAL_Driver\Src\stm32f4xx_hal_adc.o
                0x08000f24                HAL_ADC_Init
 .text.HAL_ADC_Start_IT
                0x08001070       0xf8 Drivers\STM32F4xx_HAL_Driver\Src\stm32f4xx_hal_adc.o
                0x08001070                HAL_ADC_Start_IT
 .text.HAL_ADC_GetValue
                0x08001168        0x6 Drivers\STM32F4xx_HAL_Driver\Src\stm32f4xx_hal_adc.o
                0x08001168                HAL_ADC_GetValue
 .text.HAL_ADC_LevelOutOfWindowCallback
                0x0800116e        0x2 Drivers\STM32F4xx_HAL_Driver\Src\stm32f4xx_hal_adc.o
                0x0800116e                HAL_ADC_LevelOutOfWindowCallback
 .text.HAL_ADC_ErrorCallback
                0x08001170        0x2 Drivers\STM32F4xx_HAL_Driver\Src\stm32f4xx_hal_adc.o
                0x08001170                HAL_ADC_ErrorCallback
 .text.HAL_ADC_IRQHandler
                0x08001172      0x128 Drivers\STM32F4xx_HAL_Driver\Src\stm32f4xx_hal_adc.o
                0x08001172                HAL_ADC_IRQHandler
 *fill*         0x0800129a        0x2 
 .text.HAL_ADC_ConfigChannel
                0x0800129c      0x12c Drivers\STM32F4xx_HAL_Driver\Src\stm32f4xx_hal_adc.o
                0x0800129c                HAL_ADC_ConfigChannel
 .text.HAL_ADCEx_InjectedConvCpltCallback
                0x080013c8        0x2 Drivers\STM32F4xx_HAL_Driver\Src\stm32f4xx_hal_adc_ex.o
                0x080013c8                HAL_ADCEx_InjectedConvCpltCallback
 *fill*         0x080013ca        0x2 
 .text.HAL_NVIC_SetPriorityGrouping
                0x080013cc       0x24 Drivers\STM32F4xx_HAL_Driver\Src\stm32f4xx_hal_cortex.o
                0x080013cc                HAL_NVIC_SetPriorityGrouping
 .text.HAL_NVIC_SetPriority
                0x080013f0       0x68 Drivers\STM32F4xx_HAL_Driver\Src\stm32f4xx_hal_cortex.o
                0x080013f0                HAL_NVIC_SetPriority
 .text.HAL_NVIC_EnableIRQ
                0x08001458       0x1c Drivers\STM32F4xx_HAL_Driver\Src\stm32f4xx_hal_cortex.o
                0x08001458                HAL_NVIC_EnableIRQ
 .text.HAL_SYSTICK_Config
                0x08001474       0x2c Drivers\STM32F4xx_HAL_Driver\Src\stm32f4xx_hal_cortex.o
                0x08001474                HAL_SYSTICK_Config
 .text.HAL_DMA_Abort_IT
                0x080014a0       0x24 Drivers\STM32F4xx_HAL_Driver\Src\stm32f4xx_hal_dma.o
                0x080014a0                HAL_DMA_Abort_IT
 .text.HAL_DMA_GetState
                0x080014c4        0x6 Drivers\STM32F4xx_HAL_Driver\Src\stm32f4xx_hal_dma.o
                0x080014c4                HAL_DMA_GetState
 *fill*         0x080014ca        0x2 
 .text.HAL_GPIO_Init
                0x080014cc      0x1c0 Drivers\STM32F4xx_HAL_Driver\Src\stm32f4xx_hal_gpio.o
                0x080014cc                HAL_GPIO_Init
 .text.HAL_GPIO_WritePin
                0x0800168c        0xa Drivers\STM32F4xx_HAL_Driver\Src\stm32f4xx_hal_gpio.o
                0x0800168c                HAL_GPIO_WritePin
 *fill*         0x08001696        0x2 
 .text.HAL_GPIO_EXTI_IRQHandler
                0x08001698       0x18 Drivers\STM32F4xx_HAL_Driver\Src\stm32f4xx_hal_gpio.o
                0x08001698                HAL_GPIO_EXTI_IRQHandler
 .text.I2C_IsAcknowledgeFailed
                0x080016b0       0x34 Drivers\STM32F4xx_HAL_Driver\Src\stm32f4xx_hal_i2c.o
 .text.I2C_WaitOnMasterAddressFlagUntilTimeout
                0x080016e4       0x8a Drivers\STM32F4xx_HAL_Driver\Src\stm32f4xx_hal_i2c.o
 .text.I2C_WaitOnBTFFlagUntilTimeout
                0x0800176e       0x4c Drivers\STM32F4xx_HAL_Driver\Src\stm32f4xx_hal_i2c.o
 .text.I2C_WaitOnRXNEFlagUntilTimeout
                0x080017ba       0x5e Drivers\STM32F4xx_HAL_Driver\Src\stm32f4xx_hal_i2c.o
 .text.I2C_WaitOnFlagUntilTimeout
                0x08001818       0x64 Drivers\STM32F4xx_HAL_Driver\Src\stm32f4xx_hal_i2c.o
 .text.I2C_WaitOnTXEFlagUntilTimeout
                0x0800187c       0x4c Drivers\STM32F4xx_HAL_Driver\Src\stm32f4xx_hal_i2c.o
 .text.HAL_I2C_Init
                0x080018c8      0x148 Drivers\STM32F4xx_HAL_Driver\Src\stm32f4xx_hal_i2c.o
                0x080018c8                HAL_I2C_Init
 .text.HAL_I2C_Master_Transmit
                0x08001a10      0x19c Drivers\STM32F4xx_HAL_Driver\Src\stm32f4xx_hal_i2c.o
                0x08001a10                HAL_I2C_Master_Transmit
 .text.HAL_I2C_Master_Receive
                0x08001bac      0x2dc Drivers\STM32F4xx_HAL_Driver\Src\stm32f4xx_hal_i2c.o
                0x08001bac                HAL_I2C_Master_Receive
 .text.HAL_I2C_MasterTxCpltCallback
                0x08001e88        0x2 Drivers\STM32F4xx_HAL_Driver\Src\stm32f4xx_hal_i2c.o
                0x08001e88                HAL_I2C_MasterTxCpltCallback
 .text.HAL_I2C_MasterRxCpltCallback
                0x08001e8a        0x2 Drivers\STM32F4xx_HAL_Driver\Src\stm32f4xx_hal_i2c.o
                0x08001e8a                HAL_I2C_MasterRxCpltCallback
 .text.HAL_I2C_SlaveTxCpltCallback
                0x08001e8c        0x2 Drivers\STM32F4xx_HAL_Driver\Src\stm32f4xx_hal_i2c.o
                0x08001e8c                HAL_I2C_SlaveTxCpltCallback
 .text.HAL_I2C_SlaveRxCpltCallback
                0x08001e8e        0x2 Drivers\STM32F4xx_HAL_Driver\Src\stm32f4xx_hal_i2c.o
                0x08001e8e                HAL_I2C_SlaveRxCpltCallback
 .text.HAL_I2C_AddrCallback
                0x08001e90        0x2 Drivers\STM32F4xx_HAL_Driver\Src\stm32f4xx_hal_i2c.o
                0x08001e90                HAL_I2C_AddrCallback
 .text.HAL_I2C_ListenCpltCallback
                0x08001e92        0x2 Drivers\STM32F4xx_HAL_Driver\Src\stm32f4xx_hal_i2c.o
                0x08001e92                HAL_I2C_ListenCpltCallback
 .text.HAL_I2C_MemTxCpltCallback
                0x08001e94        0x2 Drivers\STM32F4xx_HAL_Driver\Src\stm32f4xx_hal_i2c.o
                0x08001e94                HAL_I2C_MemTxCpltCallback
 .text.HAL_I2C_MemRxCpltCallback
                0x08001e96        0x2 Drivers\STM32F4xx_HAL_Driver\Src\stm32f4xx_hal_i2c.o
                0x08001e96                HAL_I2C_MemRxCpltCallback
 .text.HAL_I2C_ErrorCallback
                0x08001e98        0x2 Drivers\STM32F4xx_HAL_Driver\Src\stm32f4xx_hal_i2c.o
                0x08001e98                HAL_I2C_ErrorCallback
 .text.HAL_I2C_AbortCpltCallback
                0x08001e9a        0x2 Drivers\STM32F4xx_HAL_Driver\Src\stm32f4xx_hal_i2c.o
                0x08001e9a                HAL_I2C_AbortCpltCallback
 .text.I2C_DMAAbort
                0x08001e9c       0x76 Drivers\STM32F4xx_HAL_Driver\Src\stm32f4xx_hal_i2c.o
 *fill*         0x08001f12        0x2 
 .text.I2C_ITError
                0x08001f14      0x144 Drivers\STM32F4xx_HAL_Driver\Src\stm32f4xx_hal_i2c.o
 .text.HAL_I2C_EV_IRQHandler
                0x08002058      0x848 Drivers\STM32F4xx_HAL_Driver\Src\stm32f4xx_hal_i2c.o
                0x08002058                HAL_I2C_EV_IRQHandler
 .text.HAL_I2C_ER_IRQHandler
                0x080028a0      0x12c Drivers\STM32F4xx_HAL_Driver\Src\stm32f4xx_hal_i2c.o
                0x080028a0                HAL_I2C_ER_IRQHandler
 .text.HAL_I2C_GetError
                0x080029cc        0x4 Drivers\STM32F4xx_HAL_Driver\Src\stm32f4xx_hal_i2c.o
                0x080029cc                HAL_I2C_GetError
 .text.HAL_RCC_OscConfig
                0x080029d0      0x304 Drivers\STM32F4xx_HAL_Driver\Src\stm32f4xx_hal_rcc.o
                0x080029d0                HAL_RCC_OscConfig
 .text.HAL_RCC_GetSysClockFreq
                0x08002cd4       0x5c Drivers\STM32F4xx_HAL_Driver\Src\stm32f4xx_hal_rcc.o
                0x08002cd4                HAL_RCC_GetSysClockFreq
 .text.HAL_RCC_ClockConfig
                0x08002d30      0x134 Drivers\STM32F4xx_HAL_Driver\Src\stm32f4xx_hal_rcc.o
                0x08002d30                HAL_RCC_ClockConfig
 .text.HAL_RCC_GetHCLKFreq
                0x08002e64        0xc Drivers\STM32F4xx_HAL_Driver\Src\stm32f4xx_hal_rcc.o
                0x08002e64                HAL_RCC_GetHCLKFreq
 .text.HAL_RCC_GetPCLK1Freq
                0x08002e70       0x20 Drivers\STM32F4xx_HAL_Driver\Src\stm32f4xx_hal_rcc.o
                0x08002e70                HAL_RCC_GetPCLK1Freq
 .text.HAL_RCC_GetPCLK2Freq
                0x08002e90       0x20 Drivers\STM32F4xx_HAL_Driver\Src\stm32f4xx_hal_rcc.o
                0x08002e90                HAL_RCC_GetPCLK2Freq
 .text.TIM_OC1_SetConfig
                0x08002eb0       0x64 Drivers\STM32F4xx_HAL_Driver\Src\stm32f4xx_hal_tim.o
 .text.TIM_OC3_SetConfig
                0x08002f14       0x6c Drivers\STM32F4xx_HAL_Driver\Src\stm32f4xx_hal_tim.o
 .text.TIM_OC4_SetConfig
                0x08002f80       0x4c Drivers\STM32F4xx_HAL_Driver\Src\stm32f4xx_hal_tim.o
 .text.HAL_TIM_PWM_MspInit
                0x08002fcc        0x2 Drivers\STM32F4xx_HAL_Driver\Src\stm32f4xx_hal_tim.o
                0x08002fcc                HAL_TIM_PWM_MspInit
 .text.HAL_TIM_PeriodElapsedCallback
                0x08002fce        0x2 Drivers\STM32F4xx_HAL_Driver\Src\stm32f4xx_hal_tim.o
                0x08002fce                HAL_TIM_PeriodElapsedCallback
 .text.HAL_TIM_OC_DelayElapsedCallback
                0x08002fd0        0x2 Drivers\STM32F4xx_HAL_Driver\Src\stm32f4xx_hal_tim.o
                0x08002fd0                HAL_TIM_OC_DelayElapsedCallback
 .text.HAL_TIM_IC_CaptureCallback
                0x08002fd2        0x2 Drivers\STM32F4xx_HAL_Driver\Src\stm32f4xx_hal_tim.o
                0x08002fd2                HAL_TIM_IC_CaptureCallback
 .text.HAL_TIM_PWM_PulseFinishedCallback
                0x08002fd4        0x2 Drivers\STM32F4xx_HAL_Driver\Src\stm32f4xx_hal_tim.o
                0x08002fd4                HAL_TIM_PWM_PulseFinishedCallback
 .text.HAL_TIM_TriggerCallback
                0x08002fd6        0x2 Drivers\STM32F4xx_HAL_Driver\Src\stm32f4xx_hal_tim.o
                0x08002fd6                HAL_TIM_TriggerCallback
 .text.HAL_TIM_IRQHandler
                0x08002fd8      0x144 Drivers\STM32F4xx_HAL_Driver\Src\stm32f4xx_hal_tim.o
                0x08002fd8                HAL_TIM_IRQHandler
 .text.TIM_Base_SetConfig
                0x0800311c       0xcc Drivers\STM32F4xx_HAL_Driver\Src\stm32f4xx_hal_tim.o
                0x0800311c                TIM_Base_SetConfig
 .text.HAL_TIM_Base_Init
                0x080031e8       0x34 Drivers\STM32F4xx_HAL_Driver\Src\stm32f4xx_hal_tim.o
                0x080031e8                HAL_TIM_Base_Init
 .text.HAL_TIM_PWM_Init
                0x0800321c       0x34 Drivers\STM32F4xx_HAL_Driver\Src\stm32f4xx_hal_tim.o
                0x0800321c                HAL_TIM_PWM_Init
 .text.TIM_OC2_SetConfig
                0x08003250       0x6c Drivers\STM32F4xx_HAL_Driver\Src\stm32f4xx_hal_tim.o
                0x08003250                TIM_OC2_SetConfig
 .text.HAL_TIM_PWM_ConfigChannel
                0x080032bc       0xc4 Drivers\STM32F4xx_HAL_Driver\Src\stm32f4xx_hal_tim.o
                0x080032bc                HAL_TIM_PWM_ConfigChannel
 .text.TIM_ETR_SetConfig
                0x08003380       0x14 Drivers\STM32F4xx_HAL_Driver\Src\stm32f4xx_hal_tim.o
                0x08003380                TIM_ETR_SetConfig
 .text.HAL_TIM_ConfigClockSource
                0x08003394      0x128 Drivers\STM32F4xx_HAL_Driver\Src\stm32f4xx_hal_tim.o
                0x08003394                HAL_TIM_ConfigClockSource
 .text.TIM_CCxChannelCmd
                0x080034bc       0x1c Drivers\STM32F4xx_HAL_Driver\Src\stm32f4xx_hal_tim.o
                0x080034bc                TIM_CCxChannelCmd
 .text.HAL_TIM_PWM_Start
                0x080034d8       0x40 Drivers\STM32F4xx_HAL_Driver\Src\stm32f4xx_hal_tim.o
                0x080034d8                HAL_TIM_PWM_Start
 .text.HAL_TIM_PWM_Start_IT
                0x08003518       0x80 Drivers\STM32F4xx_HAL_Driver\Src\stm32f4xx_hal_tim.o
                0x08003518                HAL_TIM_PWM_Start_IT
 .text.HAL_TIMEx_MasterConfigSynchronization
                0x08003598       0x3c Drivers\STM32F4xx_HAL_Driver\Src\stm32f4xx_hal_tim_ex.o
                0x08003598                HAL_TIMEx_MasterConfigSynchronization
 .text.HAL_TIMEx_ConfigBreakDeadTime
                0x080035d4       0x4c Drivers\STM32F4xx_HAL_Driver\Src\stm32f4xx_hal_tim_ex.o
                0x080035d4                HAL_TIMEx_ConfigBreakDeadTime
 .text.HAL_TIMEx_CommutCallback
                0x08003620        0x2 Drivers\STM32F4xx_HAL_Driver\Src\stm32f4xx_hal_tim_ex.o
                0x08003620                HAL_TIMEx_CommutCallback
 .text.HAL_TIMEx_BreakCallback
                0x08003622        0x2 Drivers\STM32F4xx_HAL_Driver\Src\stm32f4xx_hal_tim_ex.o
                0x08003622                HAL_TIMEx_BreakCallback
 .text.UART_EndRxTransfer
                0x08003624       0x1a Drivers\STM32F4xx_HAL_Driver\Src\stm32f4xx_hal_uart.o
 *fill*         0x0800363e        0x2 
 .text.UART_SetConfig
                0x08003640      0x234 Drivers\STM32F4xx_HAL_Driver\Src\stm32f4xx_hal_uart.o
 .text.UART_WaitOnFlagUntilTimeout.constprop.3
                0x08003874       0x50 Drivers\STM32F4xx_HAL_Driver\Src\stm32f4xx_hal_uart.o
 .text.HAL_UART_Init
                0x080038c4       0x5c Drivers\STM32F4xx_HAL_Driver\Src\stm32f4xx_hal_uart.o
                0x080038c4                HAL_UART_Init
 .text.HAL_UART_Transmit
                0x08003920       0xba Drivers\STM32F4xx_HAL_Driver\Src\stm32f4xx_hal_uart.o
                0x08003920                HAL_UART_Transmit
 .text.HAL_UART_TxCpltCallback
                0x080039da        0x2 Drivers\STM32F4xx_HAL_Driver\Src\stm32f4xx_hal_uart.o
                0x080039da                HAL_UART_TxCpltCallback
 .text.HAL_UART_RxCpltCallback
                0x080039dc        0x2 Drivers\STM32F4xx_HAL_Driver\Src\stm32f4xx_hal_uart.o
                0x080039dc                HAL_UART_RxCpltCallback
 .text.UART_Receive_IT
                0x080039de       0x7c Drivers\STM32F4xx_HAL_Driver\Src\stm32f4xx_hal_uart.o
 .text.HAL_UART_ErrorCallback
                0x08003a5a        0x2 Drivers\STM32F4xx_HAL_Driver\Src\stm32f4xx_hal_uart.o
                0x08003a5a                HAL_UART_ErrorCallback
 .text.HAL_UART_IRQHandler
                0x08003a5c      0x140 Drivers\STM32F4xx_HAL_Driver\Src\stm32f4xx_hal_uart.o
                0x08003a5c                HAL_UART_IRQHandler
 .text.UART_DMAAbortOnError
                0x08003b9c       0x10 Drivers\STM32F4xx_HAL_Driver\Src\stm32f4xx_hal_uart.o
 .text.I2C_Write
                0x08003bac       0x28 Src\I2C_1.o
                0x08003bac                I2C_Write
 .text.I2C_ReadMulti
                0x08003bd4       0x44 Src\I2C_1.o
                0x08003bd4                I2C_ReadMulti
 .text.MPU9250_Init
                0x08003c18      0x1fc Src\MPU9250.o
                0x08003c18                MPU9250_Init
 .text.MPU9250_ReadAcce
                0x08003e14       0x7c Src\MPU9250.o
                0x08003e14                MPU9250_ReadAcce
 .text.MPU9250_ReadGyro
                0x08003e90       0x90 Src\MPU9250.o
                0x08003e90                MPU9250_ReadGyro
 .text.MPU9250_ReadMag
                0x08003f20       0x6a Src\MPU9250.o
                0x08003f20                MPU9250_ReadMag
 .text.MPU9250_DataReady
                0x08003f8a       0x24 Src\MPU9250.o
                0x08003f8a                MPU9250_DataReady
 *fill*         0x08003fae        0x2 
 .text.MX_ADC3_Init
                0x08003fb0       0x80 Src\adc.o
                0x08003fb0                MX_ADC3_Init
 .text.HAL_ADC_MspInit
                0x08004030       0x74 Src\adc.o
                0x08004030                HAL_ADC_MspInit
 .text.MX_GPIO_Init
                0x080040a4      0x130 Src\gpio.o
                0x080040a4                MX_GPIO_Init
 .text.Delay    0x080041d4       0x30 Src\hcsr04.o
 .text.TM_HCSR04_Read
                0x08004204       0x70 Src\hcsr04.o
                0x08004204                TM_HCSR04_Read
 .text.TM_HCSR04_Init
                0x08004274       0x64 Src\hcsr04.o
                0x08004274                TM_HCSR04_Init
 .text.MX_I2C1_Init
                0x080042d8       0x40 Src\i2c.o
                0x080042d8                MX_I2C1_Init
 .text.HAL_I2C_MspInit
                0x08004318       0x90 Src\i2c.o
                0x08004318                HAL_I2C_MspInit
 .text.__io_putchar
                0x080043a8       0x38 Src\main.o
                0x080043a8                __io_putchar
 .text.on_off   0x080043e0       0x10 Src\main.o
                0x080043e0                on_off
 .text.HAL_GPIO_EXTI_Callback
                0x080043f0        0x2 Src\main.o
                0x080043f0                HAL_GPIO_EXTI_Callback
 *fill*         0x080043f2        0x2 
 .text.HAL_ADC_ConvCpltCallback
                0x080043f4       0xb4 Src\main.o
                0x080043f4                HAL_ADC_ConvCpltCallback
 .text.SystemClock_Config
                0x080044a8       0x94 Src\main.o
                0x080044a8                SystemClock_Config
 .text.startup.main
                0x0800453c      0x440 Src\main.o
                0x0800453c                main
 .text.Error_Handler
                0x0800497c        0x2 Src\main.o
                0x0800497c                Error_Handler
 *fill*         0x0800497e        0x2 
 .text.HAL_MspInit
                0x08004980       0x48 Src\stm32f4xx_hal_msp.o
                0x08004980                HAL_MspInit
 .text.NMI_Handler
                0x080049c8        0x2 Src\stm32f4xx_it.o
                0x080049c8                NMI_Handler
 .text.HardFault_Handler
                0x080049ca        0x2 Src\stm32f4xx_it.o
                0x080049ca                HardFault_Handler
 .text.MemManage_Handler
                0x080049cc        0x2 Src\stm32f4xx_it.o
                0x080049cc                MemManage_Handler
 .text.BusFault_Handler
                0x080049ce        0x2 Src\stm32f4xx_it.o
                0x080049ce                BusFault_Handler
 .text.UsageFault_Handler
                0x080049d0        0x2 Src\stm32f4xx_it.o
                0x080049d0                UsageFault_Handler
 .text.SVC_Handler
                0x080049d2        0x2 Src\stm32f4xx_it.o
                0x080049d2                SVC_Handler
 .text.DebugMon_Handler
                0x080049d4        0x2 Src\stm32f4xx_it.o
                0x080049d4                DebugMon_Handler
 .text.PendSV_Handler
                0x080049d6        0x2 Src\stm32f4xx_it.o
                0x080049d6                PendSV_Handler
 .text.SysTick_Handler
                0x080049d8        0x4 Src\stm32f4xx_it.o
                0x080049d8                SysTick_Handler
 .text.RCC_IRQHandler
                0x080049dc        0x2 Src\stm32f4xx_it.o
                0x080049dc                RCC_IRQHandler
 *fill*         0x080049de        0x2 
 .text.ADC_IRQHandler
                0x080049e0        0xc Src\stm32f4xx_it.o
                0x080049e0                ADC_IRQHandler
 .text.EXTI9_5_IRQHandler
                0x080049ec       0x1c Src\stm32f4xx_it.o
                0x080049ec                EXTI9_5_IRQHandler
 .text.TIM1_CC_IRQHandler
                0x08004a08        0xc Src\stm32f4xx_it.o
                0x08004a08                TIM1_CC_IRQHandler
 .text.TIM1_UP_TIM10_IRQHandler
                0x08004a14        0x4 Src\stm32f4xx_it.o
                0x08004a14                TIM1_UP_TIM10_IRQHandler
 .text.TIM4_IRQHandler
                0x08004a18        0xc Src\stm32f4xx_it.o
                0x08004a18                TIM4_IRQHandler
 .text.I2C1_EV_IRQHandler
                0x08004a24        0xc Src\stm32f4xx_it.o
                0x08004a24                I2C1_EV_IRQHandler
 .text.I2C1_ER_IRQHandler
                0x08004a30        0xc Src\stm32f4xx_it.o
                0x08004a30                I2C1_ER_IRQHandler
 .text.USART1_IRQHandler
                0x08004a3c        0xc Src\stm32f4xx_it.o
                0x08004a3c                USART1_IRQHandler
 .text.EXTI15_10_IRQHandler
                0x08004a48       0x1c Src\stm32f4xx_it.o
                0x08004a48                EXTI15_10_IRQHandler
 .text.USART6_IRQHandler
                0x08004a64        0xc Src\stm32f4xx_it.o
                0x08004a64                USART6_IRQHandler
 .text._read    0x08004a70       0x1c Src\syscalls.o
                0x08004a70                _read
 .text._write   0x08004a8c       0x1c Src\syscalls.o
                0x08004a8c                _write
 .text._sbrk    0x08004aa8       0x34 Src\syscalls.o
                0x08004aa8                _sbrk
 .text._close   0x08004adc        0x6 Src\syscalls.o
                0x08004adc                _close
 .text._fstat   0x08004ae2        0xa Src\syscalls.o
                0x08004ae2                _fstat
 .text._isatty  0x08004aec        0x4 Src\syscalls.o
                0x08004aec                _isatty
 .text._lseek   0x08004af0        0x4 Src\syscalls.o
                0x08004af0                _lseek
 .text.SystemInit
                0x08004af4       0x4c Src\system_stm32f4xx.o
                0x08004af4                SystemInit
 .text.HAL_TIM_Base_MspInit
                0x08004b40       0x7c Src\tim.o
                0x08004b40                HAL_TIM_Base_MspInit
 .text.HAL_TIM_MspPostInit
                0x08004bbc       0x90 Src\tim.o
                0x08004bbc                HAL_TIM_MspPostInit
 .text.MX_TIM1_Init
                0x08004c4c       0xd8 Src\tim.o
                0x08004c4c                MX_TIM1_Init
 .text.MX_TIM4_Init
                0x08004d24       0xa4 Src\tim.o
                0x08004d24                MX_TIM4_Init
 .text.oneOverSqrt
                0x08004dc8       0x28 Src\tm_stm32_ahrs_imu.o
 .text.calculateAngles
                0x08004df0      0x158 Src\tm_stm32_ahrs_imu.o
 .text.TM_AHRSIMU_Init
                0x08004f48       0x22 Src\tm_stm32_ahrs_imu.o
                0x08004f48                TM_AHRSIMU_Init
 .text.TM_AHRSIMU_UpdateIMU
                0x08004f6a      0x21a Src\tm_stm32_ahrs_imu.o
                0x08004f6a                TM_AHRSIMU_UpdateIMU
 .text.TM_DELAY_Init
                0x08005184       0x3c Src\tm_stm32_delay.o
                0x08005184                TM_DELAY_Init
 .text.TM_DELAY_1msHandler
                0x080051c0        0x2 Src\tm_stm32_delay.o
                0x080051c0                TM_DELAY_1msHandler
 *fill*         0x080051c2        0x2 
 .text.HAL_IncTick
                0x080051c4       0x70 Src\tm_stm32_delay.o
                0x080051c4                HAL_IncTick
 .text.HAL_Delay
                0x08005234       0x30 Src\tm_stm32_delay.o
                0x08005234                HAL_Delay
 .text.HAL_GetTick
                0x08005264        0xc Src\tm_stm32_delay.o
                0x08005264                HAL_GetTick
 .text.TM_GPIO_INT_EnableClock
                0x08005270       0x20 Src\tm_stm32f4_gpio.o
                0x08005270                TM_GPIO_INT_EnableClock
 .text.TM_GPIO_INT_Init
                0x08005290       0xc4 Src\tm_stm32f4_gpio.o
                0x08005290                TM_GPIO_INT_Init
 .text.TM_GPIO_Init
                0x08005354       0x36 Src\tm_stm32f4_gpio.o
                0x08005354                TM_GPIO_Init
 *fill*         0x0800538a        0x2 
 .text.MX_USART1_UART_Init
                0x0800538c       0x38 Src\usart.o
                0x0800538c                MX_USART1_UART_Init
 .text.MX_USART6_UART_Init
                0x080053c4       0x38 Src\usart.o
                0x080053c4                MX_USART6_UART_Init
 .text.HAL_UART_MspInit
                0x080053fc       0xe8 Src\usart.o
                0x080053fc                HAL_UART_MspInit
 .text.Reset_Handler
                0x080054e4       0x50 startup\startup_stm32f407xx.o
                0x080054e4                Reset_Handler
 .text.Default_Handler
                0x08005534        0x2 startup\startup_stm32f407xx.o
                0x08005534                RTC_Alarm_IRQHandler
                0x08005534                HASH_RNG_IRQHandler
                0x08005534                EXTI2_IRQHandler
                0x08005534                TIM8_CC_IRQHandler
                0x08005534                DMA2_Stream5_IRQHandler
                0x08005534                DMA1_Stream5_IRQHandler
                0x08005534                PVD_IRQHandler
                0x08005534                SDIO_IRQHandler
                0x08005534                TAMP_STAMP_IRQHandler
                0x08005534                CAN2_RX1_IRQHandler
                0x08005534                EXTI3_IRQHandler
                0x08005534                TIM8_TRG_COM_TIM14_IRQHandler
                0x08005534                TIM8_UP_TIM13_IRQHandler
                0x08005534                I2C3_ER_IRQHandler
                0x08005534                EXTI0_IRQHandler
                0x08005534                I2C2_EV_IRQHandler
                0x08005534                DMA1_Stream2_IRQHandler
                0x08005534                CAN1_RX0_IRQHandler
                0x08005534                FPU_IRQHandler
                0x08005534                OTG_HS_WKUP_IRQHandler
                0x08005534                CAN2_SCE_IRQHandler
                0x08005534                DMA2_Stream2_IRQHandler
                0x08005534                SPI1_IRQHandler
                0x08005534                TIM6_DAC_IRQHandler
                0x08005534                TIM1_BRK_TIM9_IRQHandler
                0x08005534                DCMI_IRQHandler
                0x08005534                CAN2_RX0_IRQHandler
                0x08005534                DMA2_Stream3_IRQHandler
                0x08005534                USART3_IRQHandler
                0x08005534                CAN1_RX1_IRQHandler
                0x08005534                UART5_IRQHandler
                0x08005534                DMA2_Stream0_IRQHandler
                0x08005534                DMA1_Stream6_IRQHandler
                0x08005534                DMA1_Stream1_IRQHandler
                0x08005534                UART4_IRQHandler
                0x08005534                TIM3_IRQHandler
                0x08005534                TIM8_BRK_TIM12_IRQHandler
                0x08005534                Default_Handler
                0x08005534                DMA1_Stream7_IRQHandler
                0x08005534                TIM7_IRQHandler
                0x08005534                CAN2_TX_IRQHandler
                0x08005534                TIM5_IRQHandler
                0x08005534                DMA2_Stream7_IRQHandler
                0x08005534                I2C3_EV_IRQHandler
                0x08005534                RTC_WKUP_IRQHandler
                0x08005534                ETH_WKUP_IRQHandler
                0x08005534                SPI2_IRQHandler
                0x08005534                OTG_HS_EP1_IN_IRQHandler
                0x08005534                DMA1_Stream0_IRQHandler
                0x08005534                CAN1_TX_IRQHandler
                0x08005534                EXTI4_IRQHandler
                0x08005534                FSMC_IRQHandler
                0x08005534                ETH_IRQHandler
                0x08005534                OTG_HS_EP1_OUT_IRQHandler
                0x08005534                WWDG_IRQHandler
                0x08005534                TIM2_IRQHandler
                0x08005534                OTG_FS_WKUP_IRQHandler
                0x08005534                TIM1_TRG_COM_TIM11_IRQHandler
                0x08005534                OTG_HS_IRQHandler
                0x08005534                EXTI1_IRQHandler
                0x08005534                USART2_IRQHandler
                0x08005534                I2C2_ER_IRQHandler
                0x08005534                DMA2_Stream1_IRQHandler
                0x08005534                CAN1_SCE_IRQHandler
                0x08005534                FLASH_IRQHandler
                0x08005534                DMA2_Stream4_IRQHandler
                0x08005534                OTG_FS_IRQHandler
                0x08005534                SPI3_IRQHandler
                0x08005534                DMA1_Stream4_IRQHandler
                0x08005534                DMA2_Stream6_IRQHandler
                0x08005534                DMA1_Stream3_IRQHandler
 *fill*         0x08005536        0x2 
 .text.__errno  0x08005538        0xc d:/truestudio for stm32 9.3.0/armtools/bin/../lib/gcc/arm-atollic-eabi/6.3.1/../../../../arm-atollic-eabi/lib/armv7e-m/fpu\libc_nano.a(lib_a-errno.o)
                0x08005538                __errno
 .text.__libc_init_array
                0x08005544       0x48 d:/truestudio for stm32 9.3.0/armtools/bin/../lib/gcc/arm-atollic-eabi/6.3.1/../../../../arm-atollic-eabi/lib/armv7e-m/fpu\libc_nano.a(lib_a-init.o)
                0x08005544                __libc_init_array
 .text.malloc   0x0800558c       0x10 d:/truestudio for stm32 9.3.0/armtools/bin/../lib/gcc/arm-atollic-eabi/6.3.1/../../../../arm-atollic-eabi/lib/armv7e-m/fpu\libc_nano.a(lib_a-malloc.o)
                0x0800558c                malloc
 .text.memset   0x0800559c       0x10 d:/truestudio for stm32 9.3.0/armtools/bin/../lib/gcc/arm-atollic-eabi/6.3.1/../../../../arm-atollic-eabi/lib/armv7e-m/fpu\libc_nano.a(lib_a-memset.o)
                0x0800559c                memset
 .text._free_r  0x080055ac       0x9c d:/truestudio for stm32 9.3.0/armtools/bin/../lib/gcc/arm-atollic-eabi/6.3.1/../../../../arm-atollic-eabi/lib/armv7e-m/fpu\libc_nano.a(lib_a-nano-freer.o)
                0x080055ac                _free_r
 .text._malloc_r
                0x08005648       0xbc d:/truestudio for stm32 9.3.0/armtools/bin/../lib/gcc/arm-atollic-eabi/6.3.1/../../../../arm-atollic-eabi/lib/armv7e-m/fpu\libc_nano.a(lib_a-nano-mallocr.o)
                0x08005648                _malloc_r
 .text.__cvt    0x08005704       0xc2 d:/truestudio for stm32 9.3.0/armtools/bin/../lib/gcc/arm-atollic-eabi/6.3.1/../../../../arm-atollic-eabi/lib/armv7e-m/fpu\libc_nano.a(lib_a-nano-vfprintf_float.o)
                0x08005704                __cvt
 .text.__exponent
                0x080057c6       0x6a d:/truestudio for stm32 9.3.0/armtools/bin/../lib/gcc/arm-atollic-eabi/6.3.1/../../../../arm-atollic-eabi/lib/armv7e-m/fpu\libc_nano.a(lib_a-nano-vfprintf_float.o)
                0x080057c6                __exponent
 .text._printf_float
                0x08005830      0x480 d:/truestudio for stm32 9.3.0/armtools/bin/../lib/gcc/arm-atollic-eabi/6.3.1/../../../../arm-atollic-eabi/lib/armv7e-m/fpu\libc_nano.a(lib_a-nano-vfprintf_float.o)
                0x08005830                _printf_float
 .text._printf_common
                0x08005cb0       0xec d:/truestudio for stm32 9.3.0/armtools/bin/../lib/gcc/arm-atollic-eabi/6.3.1/../../../../arm-atollic-eabi/lib/armv7e-m/fpu\libc_nano.a(lib_a-nano-vfprintf_i.o)
                0x08005cb0                _printf_common
 .text._puts_r  0x08005d9c       0xb8 d:/truestudio for stm32 9.3.0/armtools/bin/../lib/gcc/arm-atollic-eabi/6.3.1/../../../../arm-atollic-eabi/lib/armv7e-m/fpu\libc_nano.a(lib_a-puts.o)
                0x08005d9c                _puts_r
 .text.puts     0x08005e54       0x10 d:/truestudio for stm32 9.3.0/armtools/bin/../lib/gcc/arm-atollic-eabi/6.3.1/../../../../arm-atollic-eabi/lib/armv7e-m/fpu\libc_nano.a(lib_a-puts.o)
                0x08005e54                puts
 .text._sbrk_r  0x08005e64       0x20 d:/truestudio for stm32 9.3.0/armtools/bin/../lib/gcc/arm-atollic-eabi/6.3.1/../../../../arm-atollic-eabi/lib/armv7e-m/fpu\libc_nano.a(lib_a-sbrkr.o)
                0x08005e64                _sbrk_r
 .text.__swbuf_r
                0x08005e84       0xa4 d:/truestudio for stm32 9.3.0/armtools/bin/../lib/gcc/arm-atollic-eabi/6.3.1/../../../../arm-atollic-eabi/lib/armv7e-m/fpu\libc_nano.a(lib_a-wbuf.o)
                0x08005e84                __swbuf_r
 .text.__swsetup_r
                0x08005f28       0xdc d:/truestudio for stm32 9.3.0/armtools/bin/../lib/gcc/arm-atollic-eabi/6.3.1/../../../../arm-atollic-eabi/lib/armv7e-m/fpu\libc_nano.a(lib_a-wsetup.o)
                0x08005f28                __swsetup_r
 .text.quorem   0x08006004      0x118 d:/truestudio for stm32 9.3.0/armtools/bin/../lib/gcc/arm-atollic-eabi/6.3.1/../../../../arm-atollic-eabi/lib/armv7e-m/fpu\libc_nano.a(lib_a-dtoa.o)
 *fill*         0x0800611c        0x4 
 .text._dtoa_r  0x08006120      0xb9c d:/truestudio for stm32 9.3.0/armtools/bin/../lib/gcc/arm-atollic-eabi/6.3.1/../../../../arm-atollic-eabi/lib/armv7e-m/fpu\libc_nano.a(lib_a-dtoa.o)
                0x08006120                _dtoa_r
 .text.__sflush_r
                0x08006cbc      0x110 d:/truestudio for stm32 9.3.0/armtools/bin/../lib/gcc/arm-atollic-eabi/6.3.1/../../../../arm-atollic-eabi/lib/armv7e-m/fpu\libc_nano.a(lib_a-fflush.o)
                0x08006cbc                __sflush_r
 .text._fflush_r
                0x08006dcc       0x54 d:/truestudio for stm32 9.3.0/armtools/bin/../lib/gcc/arm-atollic-eabi/6.3.1/../../../../arm-atollic-eabi/lib/armv7e-m/fpu\libc_nano.a(lib_a-fflush.o)
                0x08006dcc                _fflush_r
 .text._cleanup_r
                0x08006e20        0xc d:/truestudio for stm32 9.3.0/armtools/bin/../lib/gcc/arm-atollic-eabi/6.3.1/../../../../arm-atollic-eabi/lib/armv7e-m/fpu\libc_nano.a(lib_a-findfp.o)
                0x08006e20                _cleanup_r
 .text.std.isra.0
                0x08006e2c       0x48 d:/truestudio for stm32 9.3.0/armtools/bin/../lib/gcc/arm-atollic-eabi/6.3.1/../../../../arm-atollic-eabi/lib/armv7e-m/fpu\libc_nano.a(lib_a-findfp.o)
 .text.__sfmoreglue
                0x08006e74       0x2c d:/truestudio for stm32 9.3.0/armtools/bin/../lib/gcc/arm-atollic-eabi/6.3.1/../../../../arm-atollic-eabi/lib/armv7e-m/fpu\libc_nano.a(lib_a-findfp.o)
                0x08006e74                __sfmoreglue
 .text.__sinit  0x08006ea0       0x60 d:/truestudio for stm32 9.3.0/armtools/bin/../lib/gcc/arm-atollic-eabi/6.3.1/../../../../arm-atollic-eabi/lib/armv7e-m/fpu\libc_nano.a(lib_a-findfp.o)
                0x08006ea0                __sinit
 .text.__sfp    0x08006f00       0x78 d:/truestudio for stm32 9.3.0/armtools/bin/../lib/gcc/arm-atollic-eabi/6.3.1/../../../../arm-atollic-eabi/lib/armv7e-m/fpu\libc_nano.a(lib_a-findfp.o)
                0x08006f00                __sfp
 .text._fwalk_reent
                0x08006f78       0x3c d:/truestudio for stm32 9.3.0/armtools/bin/../lib/gcc/arm-atollic-eabi/6.3.1/../../../../arm-atollic-eabi/lib/armv7e-m/fpu\libc_nano.a(lib_a-fwalk.o)
                0x08006f78                _fwalk_reent
 .text._localeconv_r
                0x08006fb4       0x1c d:/truestudio for stm32 9.3.0/armtools/bin/../lib/gcc/arm-atollic-eabi/6.3.1/../../../../arm-atollic-eabi/lib/armv7e-m/fpu\libc_nano.a(lib_a-localeconv.o)
                0x08006fb4                _localeconv_r
 .text.__swhatbuf_r
                0x08006fd0       0x48 d:/truestudio for stm32 9.3.0/armtools/bin/../lib/gcc/arm-atollic-eabi/6.3.1/../../../../arm-atollic-eabi/lib/armv7e-m/fpu\libc_nano.a(lib_a-makebuf.o)
                0x08006fd0                __swhatbuf_r
 .text.__smakebuf_r
                0x08007018       0x80 d:/truestudio for stm32 9.3.0/armtools/bin/../lib/gcc/arm-atollic-eabi/6.3.1/../../../../arm-atollic-eabi/lib/armv7e-m/fpu\libc_nano.a(lib_a-makebuf.o)
                0x08007018                __smakebuf_r
 .text.memcpy   0x08007098       0x16 d:/truestudio for stm32 9.3.0/armtools/bin/../lib/gcc/arm-atollic-eabi/6.3.1/../../../../arm-atollic-eabi/lib/armv7e-m/fpu\libc_nano.a(lib_a-memcpy-stub.o)
                0x08007098                memcpy
 .text.__malloc_lock
                0x080070ae        0x2 d:/truestudio for stm32 9.3.0/armtools/bin/../lib/gcc/arm-atollic-eabi/6.3.1/../../../../arm-atollic-eabi/lib/armv7e-m/fpu\libc_nano.a(lib_a-mlock.o)
                0x080070ae                __malloc_lock
 .text.__malloc_unlock
                0x080070b0        0x2 d:/truestudio for stm32 9.3.0/armtools/bin/../lib/gcc/arm-atollic-eabi/6.3.1/../../../../arm-atollic-eabi/lib/armv7e-m/fpu\libc_nano.a(lib_a-mlock.o)
                0x080070b0                __malloc_unlock
 .text._Balloc  0x080070b2       0x68 d:/truestudio for stm32 9.3.0/armtools/bin/../lib/gcc/arm-atollic-eabi/6.3.1/../../../../arm-atollic-eabi/lib/armv7e-m/fpu\libc_nano.a(lib_a-mprec.o)
                0x080070b2                _Balloc
 .text._Bfree   0x0800711a       0x2e d:/truestudio for stm32 9.3.0/armtools/bin/../lib/gcc/arm-atollic-eabi/6.3.1/../../../../arm-atollic-eabi/lib/armv7e-m/fpu\libc_nano.a(lib_a-mprec.o)
                0x0800711a                _Bfree
 .text.__multadd
                0x08007148       0x76 d:/truestudio for stm32 9.3.0/armtools/bin/../lib/gcc/arm-atollic-eabi/6.3.1/../../../../arm-atollic-eabi/lib/armv7e-m/fpu\libc_nano.a(lib_a-mprec.o)
                0x08007148                __multadd
 .text.__hi0bits
                0x080071be       0x3e d:/truestudio for stm32 9.3.0/armtools/bin/../lib/gcc/arm-atollic-eabi/6.3.1/../../../../arm-atollic-eabi/lib/armv7e-m/fpu\libc_nano.a(lib_a-mprec.o)
                0x080071be                __hi0bits
 .text.__lo0bits
                0x080071fc       0x5e d:/truestudio for stm32 9.3.0/armtools/bin/../lib/gcc/arm-atollic-eabi/6.3.1/../../../../arm-atollic-eabi/lib/armv7e-m/fpu\libc_nano.a(lib_a-mprec.o)
                0x080071fc                __lo0bits
 .text.__i2b    0x0800725a       0x12 d:/truestudio for stm32 9.3.0/armtools/bin/../lib/gcc/arm-atollic-eabi/6.3.1/../../../../arm-atollic-eabi/lib/armv7e-m/fpu\libc_nano.a(lib_a-mprec.o)
                0x0800725a                __i2b
 .text.__multiply
                0x0800726c      0x11a d:/truestudio for stm32 9.3.0/armtools/bin/../lib/gcc/arm-atollic-eabi/6.3.1/../../../../arm-atollic-eabi/lib/armv7e-m/fpu\libc_nano.a(lib_a-mprec.o)
                0x0800726c                __multiply
 *fill*         0x08007386        0x2 
 .text.__pow5mult
                0x08007388       0x9c d:/truestudio for stm32 9.3.0/armtools/bin/../lib/gcc/arm-atollic-eabi/6.3.1/../../../../arm-atollic-eabi/lib/armv7e-m/fpu\libc_nano.a(lib_a-mprec.o)
                0x08007388                __pow5mult
 .text.__lshift
                0x08007424       0xa2 d:/truestudio for stm32 9.3.0/armtools/bin/../lib/gcc/arm-atollic-eabi/6.3.1/../../../../arm-atollic-eabi/lib/armv7e-m/fpu\libc_nano.a(lib_a-mprec.o)
                0x08007424                __lshift
 .text.__mcmp   0x080074c6       0x34 d:/truestudio for stm32 9.3.0/armtools/bin/../lib/gcc/arm-atollic-eabi/6.3.1/../../../../arm-atollic-eabi/lib/armv7e-m/fpu\libc_nano.a(lib_a-mprec.o)
                0x080074c6                __mcmp
 .text.__mdiff  0x080074fa       0xbc d:/truestudio for stm32 9.3.0/armtools/bin/../lib/gcc/arm-atollic-eabi/6.3.1/../../../../arm-atollic-eabi/lib/armv7e-m/fpu\libc_nano.a(lib_a-mprec.o)
                0x080074fa                __mdiff
 .text.__d2b    0x080075b6       0x9e d:/truestudio for stm32 9.3.0/armtools/bin/../lib/gcc/arm-atollic-eabi/6.3.1/../../../../arm-atollic-eabi/lib/armv7e-m/fpu\libc_nano.a(lib_a-mprec.o)
                0x080075b6                __d2b
 .text._calloc_r
                0x08007654       0x1c d:/truestudio for stm32 9.3.0/armtools/bin/../lib/gcc/arm-atollic-eabi/6.3.1/../../../../arm-atollic-eabi/lib/armv7e-m/fpu\libc_nano.a(lib_a-nano-callocr.o)
                0x08007654                _calloc_r
 .text.__sread  0x08007670       0x22 d:/truestudio for stm32 9.3.0/armtools/bin/../lib/gcc/arm-atollic-eabi/6.3.1/../../../../arm-atollic-eabi/lib/armv7e-m/fpu\libc_nano.a(lib_a-stdio.o)
                0x08007670                __sread
 .text.__swrite
                0x08007692       0x38 d:/truestudio for stm32 9.3.0/armtools/bin/../lib/gcc/arm-atollic-eabi/6.3.1/../../../../arm-atollic-eabi/lib/armv7e-m/fpu\libc_nano.a(lib_a-stdio.o)
                0x08007692                __swrite
 .text.__sseek  0x080076ca       0x24 d:/truestudio for stm32 9.3.0/armtools/bin/../lib/gcc/arm-atollic-eabi/6.3.1/../../../../arm-atollic-eabi/lib/armv7e-m/fpu\libc_nano.a(lib_a-stdio.o)
                0x080076ca                __sseek
 .text.__sclose
                0x080076ee        0x8 d:/truestudio for stm32 9.3.0/armtools/bin/../lib/gcc/arm-atollic-eabi/6.3.1/../../../../arm-atollic-eabi/lib/armv7e-m/fpu\libc_nano.a(lib_a-stdio.o)
                0x080076ee                __sclose
 *fill*         0x080076f6        0x2 
 .text._write_r
                0x080076f8       0x24 d:/truestudio for stm32 9.3.0/armtools/bin/../lib/gcc/arm-atollic-eabi/6.3.1/../../../../arm-atollic-eabi/lib/armv7e-m/fpu\libc_nano.a(lib_a-writer.o)
                0x080076f8                _write_r
 .text._close_r
                0x0800771c       0x20 d:/truestudio for stm32 9.3.0/armtools/bin/../lib/gcc/arm-atollic-eabi/6.3.1/../../../../arm-atollic-eabi/lib/armv7e-m/fpu\libc_nano.a(lib_a-closer.o)
                0x0800771c                _close_r
 .text._fstat_r
                0x0800773c       0x24 d:/truestudio for stm32 9.3.0/armtools/bin/../lib/gcc/arm-atollic-eabi/6.3.1/../../../../arm-atollic-eabi/lib/armv7e-m/fpu\libc_nano.a(lib_a-fstatr.o)
                0x0800773c                _fstat_r
 .text._isatty_r
                0x08007760       0x20 d:/truestudio for stm32 9.3.0/armtools/bin/../lib/gcc/arm-atollic-eabi/6.3.1/../../../../arm-atollic-eabi/lib/armv7e-m/fpu\libc_nano.a(lib_a-isattyr.o)
                0x08007760                _isatty_r
 .text._lseek_r
                0x08007780       0x24 d:/truestudio for stm32 9.3.0/armtools/bin/../lib/gcc/arm-atollic-eabi/6.3.1/../../../../arm-atollic-eabi/lib/armv7e-m/fpu\libc_nano.a(lib_a-lseekr.o)
                0x08007780                _lseek_r
 .text.__ascii_mbtowc
                0x080077a4       0x24 d:/truestudio for stm32 9.3.0/armtools/bin/../lib/gcc/arm-atollic-eabi/6.3.1/../../../../arm-atollic-eabi/lib/armv7e-m/fpu\libc_nano.a(lib_a-mbtowc_r.o)
                0x080077a4                __ascii_mbtowc
 .text._read_r  0x080077c8       0x24 d:/truestudio for stm32 9.3.0/armtools/bin/../lib/gcc/arm-atollic-eabi/6.3.1/../../../../arm-atollic-eabi/lib/armv7e-m/fpu\libc_nano.a(lib_a-readr.o)
                0x080077c8                _read_r
 .text.__ascii_wctomb
                0x080077ec       0x1a d:/truestudio for stm32 9.3.0/armtools/bin/../lib/gcc/arm-atollic-eabi/6.3.1/../../../../arm-atollic-eabi/lib/armv7e-m/fpu\libc_nano.a(lib_a-wctomb_r.o)
                0x080077ec                __ascii_wctomb
 *fill*         0x08007806        0x2 
 .text.asin     0x08007808       0xb0 d:/truestudio for stm32 9.3.0/armtools/bin/../lib/gcc/arm-atollic-eabi/6.3.1/../../../../arm-atollic-eabi/lib/armv7e-m/fpu\libm.a(lib_a-w_asin.o)
                0x08007808                asin
 .text.atan2    0x080078b8        0x4 d:/truestudio for stm32 9.3.0/armtools/bin/../lib/gcc/arm-atollic-eabi/6.3.1/../../../../arm-atollic-eabi/lib/armv7e-m/fpu\libm.a(lib_a-w_atan2.o)
                0x080078b8                atan2
 .text.sqrt     0x080078bc       0xb4 d:/truestudio for stm32 9.3.0/armtools/bin/../lib/gcc/arm-atollic-eabi/6.3.1/../../../../arm-atollic-eabi/lib/armv7e-m/fpu\libm.a(lib_a-w_sqrt.o)
                0x080078bc                sqrt
 .text.__ieee754_asin
                0x08007970      0x418 d:/truestudio for stm32 9.3.0/armtools/bin/../lib/gcc/arm-atollic-eabi/6.3.1/../../../../arm-atollic-eabi/lib/armv7e-m/fpu\libm.a(lib_a-e_asin.o)
                0x08007970                __ieee754_asin
 .text.__ieee754_atan2
                0x08007d88      0x1b4 d:/truestudio for stm32 9.3.0/armtools/bin/../lib/gcc/arm-atollic-eabi/6.3.1/../../../../arm-atollic-eabi/lib/armv7e-m/fpu\libm.a(lib_a-e_atan2.o)
                0x08007d88                __ieee754_atan2
 .text.__ieee754_sqrt
                0x08007f3c      0x160 d:/truestudio for stm32 9.3.0/armtools/bin/../lib/gcc/arm-atollic-eabi/6.3.1/../../../../arm-atollic-eabi/lib/armv7e-m/fpu\libm.a(lib_a-e_sqrt.o)
                0x08007f3c                __ieee754_sqrt
 *fill*         0x0800809c        0x4 
 .text.atan     0x080080a0      0x350 d:/truestudio for stm32 9.3.0/armtools/bin/../lib/gcc/arm-atollic-eabi/6.3.1/../../../../arm-atollic-eabi/lib/armv7e-m/fpu\libm.a(lib_a-s_atan.o)
                0x080080a0                atan
 .text.fabs     0x080083f0        0xe d:/truestudio for stm32 9.3.0/armtools/bin/../lib/gcc/arm-atollic-eabi/6.3.1/../../../../arm-atollic-eabi/lib/armv7e-m/fpu\libm.a(lib_a-s_fabs.o)
                0x080083f0                fabs
 .text.matherr  0x080083fe        0x4 d:/truestudio for stm32 9.3.0/armtools/bin/../lib/gcc/arm-atollic-eabi/6.3.1/../../../../arm-atollic-eabi/lib/armv7e-m/fpu\libm.a(lib_a-s_matherr.o)
                0x080083fe                matherr
 *fill*         0x08008402        0x6 
 .text.nan      0x08008408       0x10 d:/truestudio for stm32 9.3.0/armtools/bin/../lib/gcc/arm-atollic-eabi/6.3.1/../../../../arm-atollic-eabi/lib/armv7e-m/fpu\libm.a(lib_a-s_nan.o)
                0x08008408                nan
 *(.glue_7)
 .glue_7        0x08008418        0x0 linker stubs
 *(.glue_7t)
 .glue_7t       0x08008418        0x0 linker stubs
 *(.eh_frame)
 .eh_frame      0x08008418        0x0 d:/truestudio for stm32 9.3.0/armtools/bin/../lib/gcc/arm-atollic-eabi/6.3.1/armv7e-m/fpu/crtbegin.o
 *(.init)
 .init          0x08008418        0x4 d:/truestudio for stm32 9.3.0/armtools/bin/../lib/gcc/arm-atollic-eabi/6.3.1/armv7e-m/fpu/crti.o
                0x08008418                _init
 .init          0x0800841c        0x8 d:/truestudio for stm32 9.3.0/armtools/bin/../lib/gcc/arm-atollic-eabi/6.3.1/armv7e-m/fpu/crtn.o
 *(.fini)
 .fini          0x08008424        0x4 d:/truestudio for stm32 9.3.0/armtools/bin/../lib/gcc/arm-atollic-eabi/6.3.1/armv7e-m/fpu/crti.o
                0x08008424                _fini
 .fini          0x08008428        0x8 d:/truestudio for stm32 9.3.0/armtools/bin/../lib/gcc/arm-atollic-eabi/6.3.1/armv7e-m/fpu/crtn.o
                0x08008430                . = ALIGN (0x4)
                0x08008430                _etext = .

.vfp11_veneer   0x08008430        0x0
 .vfp11_veneer  0x08008430        0x0 linker stubs

.v4_bx          0x08008430        0x0
 .v4_bx         0x08008430        0x0 linker stubs

.iplt           0x08008430        0x0
 .iplt          0x08008430        0x0 d:/truestudio for stm32 9.3.0/armtools/bin/../lib/gcc/arm-atollic-eabi/6.3.1/armv7e-m/fpu/crtbegin.o

.rodata         0x08008430      0x320
                0x08008430                . = ALIGN (0x4)
 *(.rodata)
 *(.rodata*)
 .rodata.main.str1.1
                0x08008430       0x2c Src\main.o
                                 0x31 (size before relaxing)
 .rodata.AHBPrescTable
                0x0800845c       0x10 Src\system_stm32f4xx.o
                0x0800845c                AHBPrescTable
 .rodata.APBPrescTable
                0x0800846c        0x8 Src\system_stm32f4xx.o
                0x0800846c                APBPrescTable
 .rodata._global_impure_ptr
                0x08008474        0x4 d:/truestudio for stm32 9.3.0/armtools/bin/../lib/gcc/arm-atollic-eabi/6.3.1/../../../../arm-atollic-eabi/lib/armv7e-m/fpu\libc_nano.a(lib_a-impure.o)
                0x08008474                _global_impure_ptr
 .rodata._printf_float.str1.1
                0x08008478       0x12 d:/truestudio for stm32 9.3.0/armtools/bin/../lib/gcc/arm-atollic-eabi/6.3.1/../../../../arm-atollic-eabi/lib/armv7e-m/fpu\libc_nano.a(lib_a-nano-vfprintf_float.o)
 .rodata._dtoa_r.str1.1
                0x0800848a        0xd d:/truestudio for stm32 9.3.0/armtools/bin/../lib/gcc/arm-atollic-eabi/6.3.1/../../../../arm-atollic-eabi/lib/armv7e-m/fpu\libc_nano.a(lib_a-dtoa.o)
                                  0xf (size before relaxing)
 *fill*         0x08008497        0x1 
 .rodata.__sf_fake_stderr
                0x08008498       0x20 d:/truestudio for stm32 9.3.0/armtools/bin/../lib/gcc/arm-atollic-eabi/6.3.1/../../../../arm-atollic-eabi/lib/armv7e-m/fpu\libc_nano.a(lib_a-findfp.o)
                0x08008498                __sf_fake_stderr
 .rodata.__sf_fake_stdin
                0x080084b8       0x20 d:/truestudio for stm32 9.3.0/armtools/bin/../lib/gcc/arm-atollic-eabi/6.3.1/../../../../arm-atollic-eabi/lib/armv7e-m/fpu\libc_nano.a(lib_a-findfp.o)
                0x080084b8                __sf_fake_stdin
 .rodata.__sf_fake_stdout
                0x080084d8       0x20 d:/truestudio for stm32 9.3.0/armtools/bin/../lib/gcc/arm-atollic-eabi/6.3.1/../../../../arm-atollic-eabi/lib/armv7e-m/fpu\libc_nano.a(lib_a-findfp.o)
                0x080084d8                __sf_fake_stdout
 .rodata.__mprec_bigtens
                0x080084f8       0x28 d:/truestudio for stm32 9.3.0/armtools/bin/../lib/gcc/arm-atollic-eabi/6.3.1/../../../../arm-atollic-eabi/lib/armv7e-m/fpu\libc_nano.a(lib_a-mprec.o)
                0x080084f8                __mprec_bigtens
 .rodata.__mprec_tens
                0x08008520       0xc8 d:/truestudio for stm32 9.3.0/armtools/bin/../lib/gcc/arm-atollic-eabi/6.3.1/../../../../arm-atollic-eabi/lib/armv7e-m/fpu\libc_nano.a(lib_a-mprec.o)
                0x08008520                __mprec_tens
 .rodata.p05.7175
                0x080085e8        0xc d:/truestudio for stm32 9.3.0/armtools/bin/../lib/gcc/arm-atollic-eabi/6.3.1/../../../../arm-atollic-eabi/lib/armv7e-m/fpu\libc_nano.a(lib_a-mprec.o)
 .rodata._setlocale_r.str1.1
                0x080085f4        0x8 d:/truestudio for stm32 9.3.0/armtools/bin/../lib/gcc/arm-atollic-eabi/6.3.1/../../../../arm-atollic-eabi/lib/armv7e-m/fpu\libc_nano.a(lib_a-locale.o)
                                  0x9 (size before relaxing)
 .rodata.str1.1
                0x080085fc        0x2 d:/truestudio for stm32 9.3.0/armtools/bin/../lib/gcc/arm-atollic-eabi/6.3.1/../../../../arm-atollic-eabi/lib/armv7e-m/fpu\libc_nano.a(lib_a-locale.o)
 .rodata._ctype_
                0x080085fe      0x101 d:/truestudio for stm32 9.3.0/armtools/bin/../lib/gcc/arm-atollic-eabi/6.3.1/../../../../arm-atollic-eabi/lib/armv7e-m/fpu\libc_nano.a(lib_a-ctype_.o)
                0x080085fe                _ctype_
 .rodata.asin.str1.1
                0x080086ff        0x5 d:/truestudio for stm32 9.3.0/armtools/bin/../lib/gcc/arm-atollic-eabi/6.3.1/../../../../arm-atollic-eabi/lib/armv7e-m/fpu\libm.a(lib_a-w_asin.o)
                                  0x6 (size before relaxing)
 .rodata.sqrt.str1.1
                0x08008704        0x5 d:/truestudio for stm32 9.3.0/armtools/bin/../lib/gcc/arm-atollic-eabi/6.3.1/../../../../arm-atollic-eabi/lib/armv7e-m/fpu\libm.a(lib_a-w_sqrt.o)
 *fill*         0x08008709        0x7 
 .rodata.atanhi
                0x08008710       0x20 d:/truestudio for stm32 9.3.0/armtools/bin/../lib/gcc/arm-atollic-eabi/6.3.1/../../../../arm-atollic-eabi/lib/armv7e-m/fpu\libm.a(lib_a-s_atan.o)
 .rodata.atanlo
                0x08008730       0x20 d:/truestudio for stm32 9.3.0/armtools/bin/../lib/gcc/arm-atollic-eabi/6.3.1/../../../../arm-atollic-eabi/lib/armv7e-m/fpu\libm.a(lib_a-s_atan.o)
                0x08008750                . = ALIGN (0x4)

.ARM.extab
 *(.ARM.extab* .gnu.linkonce.armextab.*)

.ARM            0x08008750        0x8
                0x08008750                __exidx_start = .
 *(.ARM.exidx*)
 .ARM.exidx     0x08008750        0x8 d:/truestudio for stm32 9.3.0/armtools/bin/../lib/gcc/arm-atollic-eabi/6.3.1/armv7e-m/fpu\libgcc.a(_udivmoddi4.o)
                0x08008758                __exidx_end = .

.rel.dyn        0x08008758        0x0
 .rel.iplt      0x08008758        0x0 d:/truestudio for stm32 9.3.0/armtools/bin/../lib/gcc/arm-atollic-eabi/6.3.1/armv7e-m/fpu/crtbegin.o

.preinit_array  0x08008758        0x0
                0x08008758                PROVIDE (__preinit_array_start, .)
 *(.preinit_array*)
                0x08008758                PROVIDE (__preinit_array_end, .)

.init_array     0x08008758        0x4
                0x08008758                PROVIDE (__init_array_start, .)
 *(SORT(.init_array.*))
 *(.init_array*)
 .init_array    0x08008758        0x4 d:/truestudio for stm32 9.3.0/armtools/bin/../lib/gcc/arm-atollic-eabi/6.3.1/armv7e-m/fpu/crtbegin.o
                0x0800875c                PROVIDE (__init_array_end, .)

.fini_array     0x0800875c        0x4
                [!provide]                PROVIDE (__fini_array_start, .)
 *(SORT(.fini_array.*))
 *(.fini_array*)
 .fini_array    0x0800875c        0x4 d:/truestudio for stm32 9.3.0/armtools/bin/../lib/gcc/arm-atollic-eabi/6.3.1/armv7e-m/fpu/crtbegin.o
                [!provide]                PROVIDE (__fini_array_end, .)
                0x08008760                _sidata = LOADADDR (.data)

.data           0x20000000      0x1e0 load address 0x08008760
                0x20000000                . = ALIGN (0x4)
                0x20000000                _sdata = .
 *(.data)
 *(.data*)
 .data.uwTickFreq
                0x20000000        0x1 Drivers\STM32F4xx_HAL_Driver\Src\stm32f4xx_hal.o
                0x20000000                uwTickFreq
 *fill*         0x20000001        0x3 
 .data.uwTickPrio
                0x20000004        0x4 Drivers\STM32F4xx_HAL_Driver\Src\stm32f4xx_hal.o
                0x20000004                uwTickPrio
 .data.SystemCoreClock
                0x20000008        0x4 Src\system_stm32f4xx.o
                0x20000008                SystemCoreClock
 .data._impure_ptr
                0x2000000c        0x4 d:/truestudio for stm32 9.3.0/armtools/bin/../lib/gcc/arm-atollic-eabi/6.3.1/../../../../arm-atollic-eabi/lib/armv7e-m/fpu\libc_nano.a(lib_a-impure.o)
                0x2000000c                _impure_ptr
 .data.impure_data
                0x20000010       0x60 d:/truestudio for stm32 9.3.0/armtools/bin/../lib/gcc/arm-atollic-eabi/6.3.1/../../../../arm-atollic-eabi/lib/armv7e-m/fpu\libc_nano.a(lib_a-impure.o)
 .data.__global_locale
                0x20000070      0x16c d:/truestudio for stm32 9.3.0/armtools/bin/../lib/gcc/arm-atollic-eabi/6.3.1/../../../../arm-atollic-eabi/lib/armv7e-m/fpu\libc_nano.a(lib_a-locale.o)
                0x20000070                __global_locale
 .data.__fdlib_version
                0x200001dc        0x1 d:/truestudio for stm32 9.3.0/armtools/bin/../lib/gcc/arm-atollic-eabi/6.3.1/../../../../arm-atollic-eabi/lib/armv7e-m/fpu\libm.a(lib_a-s_lib_ver.o)
                0x200001dc                __fdlib_version
                0x200001e0                . = ALIGN (0x4)
 *fill*         0x200001dd        0x3 
                0x200001e0                _edata = .
                0x08008940                _siccmram = LOADADDR (.ccmram)

.igot.plt       0x200001e0        0x0 load address 0x08008940
 .igot.plt      0x200001e0        0x0 d:/truestudio for stm32 9.3.0/armtools/bin/../lib/gcc/arm-atollic-eabi/6.3.1/armv7e-m/fpu/crtbegin.o

.ccmram         0x10000000        0x0 load address 0x08008940
                0x10000000                . = ALIGN (0x4)
                0x10000000                _sccmram = .
 *(.ccmram)
 *(.ccmram*)
                0x10000000                . = ALIGN (0x4)
                0x10000000                _eccmram = .
                0x10000000                . = ALIGN (0x4)

.bss            0x200001e0      0x3dc
                0x200001e0                _sbss = .
                0x200001e0                __bss_start__ = _sbss
 *(.bss)
 .bss           0x200001e0       0x1c d:/truestudio for stm32 9.3.0/armtools/bin/../lib/gcc/arm-atollic-eabi/6.3.1/armv7e-m/fpu/crtbegin.o
 *(.bss*)
 .bss.adcIndex  0x200001fc        0x1 Src\main.o
                0x200001fc                adcIndex
 *fill*         0x200001fd        0x3 
 .bss.heap_end.7010
                0x20000200        0x4 Src\syscalls.o
 .bss.CustomTimers
                0x20000204       0x18 Src\tm_stm32_delay.o
 .bss.TM_Time   0x2000021c        0x4 Src\tm_stm32_delay.o
                0x2000021c                TM_Time
 .bss.TM_Time2  0x20000220        0x4 Src\tm_stm32_delay.o
                0x20000220                TM_Time2
 .bss.GPIO_UsedPins
                0x20000224       0x1a Src\tm_stm32f4_gpio.o
 *fill*         0x2000023e        0x2 
 .bss.__malloc_free_list
                0x20000240        0x4 d:/truestudio for stm32 9.3.0/armtools/bin/../lib/gcc/arm-atollic-eabi/6.3.1/../../../../arm-atollic-eabi/lib/armv7e-m/fpu\libc_nano.a(lib_a-nano-mallocr.o)
                0x20000240                __malloc_free_list
 .bss.__malloc_sbrk_start
                0x20000244        0x4 d:/truestudio for stm32 9.3.0/armtools/bin/../lib/gcc/arm-atollic-eabi/6.3.1/../../../../arm-atollic-eabi/lib/armv7e-m/fpu\libc_nano.a(lib_a-nano-mallocr.o)
                0x20000244                __malloc_sbrk_start
 *(COMMON)
 COMMON         0x20000248        0x8 Src\MPU9250.o
                0x20000248                gyro
                0x2000024c                bt
 COMMON         0x20000250       0x48 Src\adc.o
                0x20000250                hadc3
 COMMON         0x20000298       0x54 Src\i2c.o
                0x20000298                hi2c1
 COMMON         0x200002ec      0x1cc Src\main.o
                0x200002ec                filtered_Az
                0x200002f0                hcsr04
                0x20000304                IMU
                0x2000032c                g_Uart_6_Com_RxBuffer
                0x20000390                hcsr04_distance
                0x20000394                voice_key
                0x20000398                g_Uart_RxBuffer
                0x200003fc                MPU9250
                0x200004b4                adcval
 COMMON         0x200004b8       0x80 Src\tim.o
                0x200004b8                htim4
                0x200004f8                htim1
 COMMON         0x20000538       0x80 Src\usart.o
                0x20000538                huart1
                0x20000578                huart6
 COMMON         0x200005b8        0x4 d:/truestudio for stm32 9.3.0/armtools/bin/../lib/gcc/arm-atollic-eabi/6.3.1/../../../../arm-atollic-eabi/lib/armv7e-m/fpu\libc_nano.a(lib_a-reent.o)
                0x200005b8                errno
                0x200005bc                . = ALIGN (0x4)
                0x200005bc                _ebss = .
                0x200005bc                __bss_end__ = _ebss

._user_heap_stack
                0x200005bc      0x600
                0x200005bc                . = ALIGN (0x4)
                0x200005bc                PROVIDE (end, .)
                [!provide]                PROVIDE (_end, .)
                0x200007bc                . = (. + _Min_Heap_Size)
 *fill*         0x200005bc      0x200 
                0x20000bbc                . = (. + _Min_Stack_Size)
 *fill*         0x200007bc      0x400 
                0x20000bbc                . = ALIGN (0x4)

/DISCARD/
 libc.a(*)
 libm.a(*)
 libgcc.a(*)

.ARM.attributes
                0x00000000       0x30
 *(.ARM.attributes)
 .ARM.attributes
                0x00000000       0x22 d:/truestudio for stm32 9.3.0/armtools/bin/../lib/gcc/arm-atollic-eabi/6.3.1/armv7e-m/fpu/crti.o
 .ARM.attributes
                0x00000022       0x34 d:/truestudio for stm32 9.3.0/armtools/bin/../lib/gcc/arm-atollic-eabi/6.3.1/armv7e-m/fpu/crtbegin.o
 .ARM.attributes
                0x00000056       0x39 Drivers\STM32F4xx_HAL_Driver\Src\stm32f4xx_hal.o
 .ARM.attributes
                0x0000008f       0x39 Drivers\STM32F4xx_HAL_Driver\Src\stm32f4xx_hal_adc.o
 .ARM.attributes
                0x000000c8       0x39 Drivers\STM32F4xx_HAL_Driver\Src\stm32f4xx_hal_adc_ex.o
 .ARM.attributes
                0x00000101       0x39 Drivers\STM32F4xx_HAL_Driver\Src\stm32f4xx_hal_cortex.o
 .ARM.attributes
                0x0000013a       0x39 Drivers\STM32F4xx_HAL_Driver\Src\stm32f4xx_hal_dma.o
 .ARM.attributes
                0x00000173       0x39 Drivers\STM32F4xx_HAL_Driver\Src\stm32f4xx_hal_gpio.o
 .ARM.attributes
                0x000001ac       0x39 Drivers\STM32F4xx_HAL_Driver\Src\stm32f4xx_hal_i2c.o
 .ARM.attributes
                0x000001e5       0x39 Drivers\STM32F4xx_HAL_Driver\Src\stm32f4xx_hal_rcc.o
 .ARM.attributes
                0x0000021e       0x39 Drivers\STM32F4xx_HAL_Driver\Src\stm32f4xx_hal_tim.o
 .ARM.attributes
                0x00000257       0x39 Drivers\STM32F4xx_HAL_Driver\Src\stm32f4xx_hal_tim_ex.o
 .ARM.attributes
                0x00000290       0x39 Drivers\STM32F4xx_HAL_Driver\Src\stm32f4xx_hal_uart.o
 .ARM.attributes
                0x000002c9       0x39 Src\I2C_1.o
 .ARM.attributes
                0x00000302       0x39 Src\MPU9250.o
 .ARM.attributes
                0x0000033b       0x39 Src\adc.o
 .ARM.attributes
                0x00000374       0x39 Src\gpio.o
 .ARM.attributes
                0x000003ad       0x39 Src\hcsr04.o
 .ARM.attributes
                0x000003e6       0x39 Src\i2c.o
 .ARM.attributes
                0x0000041f       0x39 Src\main.o
 .ARM.attributes
                0x00000458       0x39 Src\stm32f4xx_hal_msp.o
 .ARM.attributes
                0x00000491       0x39 Src\stm32f4xx_it.o
 .ARM.attributes
                0x000004ca       0x39 Src\syscalls.o
 .ARM.attributes
                0x00000503       0x39 Src\system_stm32f4xx.o
 .ARM.attributes
                0x0000053c       0x39 Src\tim.o
 .ARM.attributes
                0x00000575       0x39 Src\tm_stm32_ahrs_imu.o
 .ARM.attributes
                0x000005ae       0x39 Src\tm_stm32_delay.o
 .ARM.attributes
                0x000005e7       0x39 Src\tm_stm32f4_gpio.o
 .ARM.attributes
                0x00000620       0x39 Src\usart.o
 .ARM.attributes
                0x00000659       0x21 startup\startup_stm32f407xx.o
 .ARM.attributes
                0x0000067a       0x34 d:/truestudio for stm32 9.3.0/armtools/bin/../lib/gcc/arm-atollic-eabi/6.3.1/../../../../arm-atollic-eabi/lib/armv7e-m/fpu\libc_nano.a(lib_a-errno.o)
 .ARM.attributes
                0x000006ae       0x34 d:/truestudio for stm32 9.3.0/armtools/bin/../lib/gcc/arm-atollic-eabi/6.3.1/../../../../arm-atollic-eabi/lib/armv7e-m/fpu\libc_nano.a(lib_a-impure.o)
 .ARM.attributes
                0x000006e2       0x34 d:/truestudio for stm32 9.3.0/armtools/bin/../lib/gcc/arm-atollic-eabi/6.3.1/../../../../arm-atollic-eabi/lib/armv7e-m/fpu\libc_nano.a(lib_a-init.o)
 .ARM.attributes
                0x00000716       0x34 d:/truestudio for stm32 9.3.0/armtools/bin/../lib/gcc/arm-atollic-eabi/6.3.1/../../../../arm-atollic-eabi/lib/armv7e-m/fpu\libc_nano.a(lib_a-malloc.o)
 .ARM.attributes
                0x0000074a       0x34 d:/truestudio for stm32 9.3.0/armtools/bin/../lib/gcc/arm-atollic-eabi/6.3.1/../../../../arm-atollic-eabi/lib/armv7e-m/fpu\libc_nano.a(lib_a-memset.o)
 .ARM.attributes
                0x0000077e       0x34 d:/truestudio for stm32 9.3.0/armtools/bin/../lib/gcc/arm-atollic-eabi/6.3.1/../../../../arm-atollic-eabi/lib/armv7e-m/fpu\libc_nano.a(lib_a-nano-freer.o)
 .ARM.attributes
                0x000007b2       0x34 d:/truestudio for stm32 9.3.0/armtools/bin/../lib/gcc/arm-atollic-eabi/6.3.1/../../../../arm-atollic-eabi/lib/armv7e-m/fpu\libc_nano.a(lib_a-nano-mallocr.o)
 .ARM.attributes
                0x000007e6       0x34 d:/truestudio for stm32 9.3.0/armtools/bin/../lib/gcc/arm-atollic-eabi/6.3.1/../../../../arm-atollic-eabi/lib/armv7e-m/fpu\libc_nano.a(lib_a-nano-vfprintf_float.o)
 .ARM.attributes
                0x0000081a       0x34 d:/truestudio for stm32 9.3.0/armtools/bin/../lib/gcc/arm-atollic-eabi/6.3.1/../../../../arm-atollic-eabi/lib/armv7e-m/fpu\libc_nano.a(lib_a-nano-vfprintf_i.o)
 .ARM.attributes
                0x0000084e       0x34 d:/truestudio for stm32 9.3.0/armtools/bin/../lib/gcc/arm-atollic-eabi/6.3.1/../../../../arm-atollic-eabi/lib/armv7e-m/fpu\libc_nano.a(lib_a-puts.o)
 .ARM.attributes
                0x00000882       0x34 d:/truestudio for stm32 9.3.0/armtools/bin/../lib/gcc/arm-atollic-eabi/6.3.1/../../../../arm-atollic-eabi/lib/armv7e-m/fpu\libc_nano.a(lib_a-sbrkr.o)
 .ARM.attributes
                0x000008b6       0x1b d:/truestudio for stm32 9.3.0/armtools/bin/../lib/gcc/arm-atollic-eabi/6.3.1/../../../../arm-atollic-eabi/lib/armv7e-m/fpu\libc_nano.a(lib_a-strlen.o)
 .ARM.attributes
                0x000008d1       0x34 d:/truestudio for stm32 9.3.0/armtools/bin/../lib/gcc/arm-atollic-eabi/6.3.1/../../../../arm-atollic-eabi/lib/armv7e-m/fpu\libc_nano.a(lib_a-wbuf.o)
 .ARM.attributes
                0x00000905       0x34 d:/truestudio for stm32 9.3.0/armtools/bin/../lib/gcc/arm-atollic-eabi/6.3.1/../../../../arm-atollic-eabi/lib/armv7e-m/fpu\libc_nano.a(lib_a-wsetup.o)
 .ARM.attributes
                0x00000939       0x34 d:/truestudio for stm32 9.3.0/armtools/bin/../lib/gcc/arm-atollic-eabi/6.3.1/../../../../arm-atollic-eabi/lib/armv7e-m/fpu\libc_nano.a(lib_a-dtoa.o)
 .ARM.attributes
                0x0000096d       0x34 d:/truestudio for stm32 9.3.0/armtools/bin/../lib/gcc/arm-atollic-eabi/6.3.1/../../../../arm-atollic-eabi/lib/armv7e-m/fpu\libc_nano.a(lib_a-fflush.o)
 .ARM.attributes
                0x000009a1       0x34 d:/truestudio for stm32 9.3.0/armtools/bin/../lib/gcc/arm-atollic-eabi/6.3.1/../../../../arm-atollic-eabi/lib/armv7e-m/fpu\libc_nano.a(lib_a-findfp.o)
 .ARM.attributes
                0x000009d5       0x34 d:/truestudio for stm32 9.3.0/armtools/bin/../lib/gcc/arm-atollic-eabi/6.3.1/../../../../arm-atollic-eabi/lib/armv7e-m/fpu\libc_nano.a(lib_a-fwalk.o)
 .ARM.attributes
                0x00000a09       0x34 d:/truestudio for stm32 9.3.0/armtools/bin/../lib/gcc/arm-atollic-eabi/6.3.1/../../../../arm-atollic-eabi/lib/armv7e-m/fpu\libc_nano.a(lib_a-localeconv.o)
 .ARM.attributes
                0x00000a3d       0x34 d:/truestudio for stm32 9.3.0/armtools/bin/../lib/gcc/arm-atollic-eabi/6.3.1/../../../../arm-atollic-eabi/lib/armv7e-m/fpu\libc_nano.a(lib_a-makebuf.o)
 .ARM.attributes
                0x00000a71       0x34 d:/truestudio for stm32 9.3.0/armtools/bin/../lib/gcc/arm-atollic-eabi/6.3.1/../../../../arm-atollic-eabi/lib/armv7e-m/fpu\libc_nano.a(lib_a-memcpy-stub.o)
 .ARM.attributes
                0x00000aa5       0x34 d:/truestudio for stm32 9.3.0/armtools/bin/../lib/gcc/arm-atollic-eabi/6.3.1/../../../../arm-atollic-eabi/lib/armv7e-m/fpu\libc_nano.a(lib_a-mlock.o)
 .ARM.attributes
                0x00000ad9       0x34 d:/truestudio for stm32 9.3.0/armtools/bin/../lib/gcc/arm-atollic-eabi/6.3.1/../../../../arm-atollic-eabi/lib/armv7e-m/fpu\libc_nano.a(lib_a-mprec.o)
 .ARM.attributes
                0x00000b0d       0x34 d:/truestudio for stm32 9.3.0/armtools/bin/../lib/gcc/arm-atollic-eabi/6.3.1/../../../../arm-atollic-eabi/lib/armv7e-m/fpu\libc_nano.a(lib_a-nano-callocr.o)
 .ARM.attributes
                0x00000b41       0x34 d:/truestudio for stm32 9.3.0/armtools/bin/../lib/gcc/arm-atollic-eabi/6.3.1/../../../../arm-atollic-eabi/lib/armv7e-m/fpu\libc_nano.a(lib_a-reent.o)
 .ARM.attributes
                0x00000b75       0x34 d:/truestudio for stm32 9.3.0/armtools/bin/../lib/gcc/arm-atollic-eabi/6.3.1/../../../../arm-atollic-eabi/lib/armv7e-m/fpu\libc_nano.a(lib_a-stdio.o)
 .ARM.attributes
                0x00000ba9       0x34 d:/truestudio for stm32 9.3.0/armtools/bin/../lib/gcc/arm-atollic-eabi/6.3.1/../../../../arm-atollic-eabi/lib/armv7e-m/fpu\libc_nano.a(lib_a-writer.o)
 .ARM.attributes
                0x00000bdd       0x34 d:/truestudio for stm32 9.3.0/armtools/bin/../lib/gcc/arm-atollic-eabi/6.3.1/../../../../arm-atollic-eabi/lib/armv7e-m/fpu\libc_nano.a(lib_a-closer.o)
 .ARM.attributes
                0x00000c11       0x34 d:/truestudio for stm32 9.3.0/armtools/bin/../lib/gcc/arm-atollic-eabi/6.3.1/../../../../arm-atollic-eabi/lib/armv7e-m/fpu\libc_nano.a(lib_a-fstatr.o)
 .ARM.attributes
                0x00000c45       0x34 d:/truestudio for stm32 9.3.0/armtools/bin/../lib/gcc/arm-atollic-eabi/6.3.1/../../../../arm-atollic-eabi/lib/armv7e-m/fpu\libc_nano.a(lib_a-isattyr.o)
 .ARM.attributes
                0x00000c79       0x34 d:/truestudio for stm32 9.3.0/armtools/bin/../lib/gcc/arm-atollic-eabi/6.3.1/../../../../arm-atollic-eabi/lib/armv7e-m/fpu\libc_nano.a(lib_a-locale.o)
 .ARM.attributes
                0x00000cad       0x34 d:/truestudio for stm32 9.3.0/armtools/bin/../lib/gcc/arm-atollic-eabi/6.3.1/../../../../arm-atollic-eabi/lib/armv7e-m/fpu\libc_nano.a(lib_a-lseekr.o)
 .ARM.attributes
                0x00000ce1       0x34 d:/truestudio for stm32 9.3.0/armtools/bin/../lib/gcc/arm-atollic-eabi/6.3.1/../../../../arm-atollic-eabi/lib/armv7e-m/fpu\libc_nano.a(lib_a-mbtowc_r.o)
 .ARM.attributes
                0x00000d15       0x34 d:/truestudio for stm32 9.3.0/armtools/bin/../lib/gcc/arm-atollic-eabi/6.3.1/../../../../arm-atollic-eabi/lib/armv7e-m/fpu\libc_nano.a(lib_a-readr.o)
 .ARM.attributes
                0x00000d49       0x34 d:/truestudio for stm32 9.3.0/armtools/bin/../lib/gcc/arm-atollic-eabi/6.3.1/../../../../arm-atollic-eabi/lib/armv7e-m/fpu\libc_nano.a(lib_a-wctomb_r.o)
 .ARM.attributes
                0x00000d7d       0x34 d:/truestudio for stm32 9.3.0/armtools/bin/../lib/gcc/arm-atollic-eabi/6.3.1/../../../../arm-atollic-eabi/lib/armv7e-m/fpu\libc_nano.a(lib_a-ctype_.o)
 .ARM.attributes
                0x00000db1       0x34 d:/truestudio for stm32 9.3.0/armtools/bin/../lib/gcc/arm-atollic-eabi/6.3.1/../../../../arm-atollic-eabi/lib/armv7e-m/fpu\libm.a(lib_a-w_asin.o)
 .ARM.attributes
                0x00000de5       0x34 d:/truestudio for stm32 9.3.0/armtools/bin/../lib/gcc/arm-atollic-eabi/6.3.1/../../../../arm-atollic-eabi/lib/armv7e-m/fpu\libm.a(lib_a-w_atan2.o)
 .ARM.attributes
                0x00000e19       0x34 d:/truestudio for stm32 9.3.0/armtools/bin/../lib/gcc/arm-atollic-eabi/6.3.1/../../../../arm-atollic-eabi/lib/armv7e-m/fpu\libm.a(lib_a-w_sqrt.o)
 .ARM.attributes
                0x00000e4d       0x34 d:/truestudio for stm32 9.3.0/armtools/bin/../lib/gcc/arm-atollic-eabi/6.3.1/../../../../arm-atollic-eabi/lib/armv7e-m/fpu\libm.a(lib_a-e_asin.o)
 .ARM.attributes
                0x00000e81       0x34 d:/truestudio for stm32 9.3.0/armtools/bin/../lib/gcc/arm-atollic-eabi/6.3.1/../../../../arm-atollic-eabi/lib/armv7e-m/fpu\libm.a(lib_a-e_atan2.o)
 .ARM.attributes
                0x00000eb5       0x34 d:/truestudio for stm32 9.3.0/armtools/bin/../lib/gcc/arm-atollic-eabi/6.3.1/../../../../arm-atollic-eabi/lib/armv7e-m/fpu\libm.a(lib_a-e_sqrt.o)
 .ARM.attributes
                0x00000ee9       0x34 d:/truestudio for stm32 9.3.0/armtools/bin/../lib/gcc/arm-atollic-eabi/6.3.1/../../../../arm-atollic-eabi/lib/armv7e-m/fpu\libm.a(lib_a-s_atan.o)
 .ARM.attributes
                0x00000f1d       0x34 d:/truestudio for stm32 9.3.0/armtools/bin/../lib/gcc/arm-atollic-eabi/6.3.1/../../../../arm-atollic-eabi/lib/armv7e-m/fpu\libm.a(lib_a-s_fabs.o)
 .ARM.attributes
                0x00000f51       0x34 d:/truestudio for stm32 9.3.0/armtools/bin/../lib/gcc/arm-atollic-eabi/6.3.1/../../../../arm-atollic-eabi/lib/armv7e-m/fpu\libm.a(lib_a-s_lib_ver.o)
 .ARM.attributes
                0x00000f85       0x34 d:/truestudio for stm32 9.3.0/armtools/bin/../lib/gcc/arm-atollic-eabi/6.3.1/../../../../arm-atollic-eabi/lib/armv7e-m/fpu\libm.a(lib_a-s_matherr.o)
 .ARM.attributes
                0x00000fb9       0x34 d:/truestudio for stm32 9.3.0/armtools/bin/../lib/gcc/arm-atollic-eabi/6.3.1/../../../../arm-atollic-eabi/lib/armv7e-m/fpu\libm.a(lib_a-s_nan.o)
 .ARM.attributes
                0x00000fed       0x22 d:/truestudio for stm32 9.3.0/armtools/bin/../lib/gcc/arm-atollic-eabi/6.3.1/armv7e-m/fpu\libgcc.a(_arm_addsubdf3.o)
 .ARM.attributes
                0x0000100f       0x22 d:/truestudio for stm32 9.3.0/armtools/bin/../lib/gcc/arm-atollic-eabi/6.3.1/armv7e-m/fpu\libgcc.a(_arm_muldivdf3.o)
 .ARM.attributes
                0x00001031       0x22 d:/truestudio for stm32 9.3.0/armtools/bin/../lib/gcc/arm-atollic-eabi/6.3.1/armv7e-m/fpu\libgcc.a(_arm_cmpdf2.o)
 .ARM.attributes
                0x00001053       0x22 d:/truestudio for stm32 9.3.0/armtools/bin/../lib/gcc/arm-atollic-eabi/6.3.1/armv7e-m/fpu\libgcc.a(_arm_unorddf2.o)
 .ARM.attributes
                0x00001075       0x22 d:/truestudio for stm32 9.3.0/armtools/bin/../lib/gcc/arm-atollic-eabi/6.3.1/armv7e-m/fpu\libgcc.a(_arm_fixdfsi.o)
 .ARM.attributes
                0x00001097       0x22 d:/truestudio for stm32 9.3.0/armtools/bin/../lib/gcc/arm-atollic-eabi/6.3.1/armv7e-m/fpu\libgcc.a(_arm_truncdfsf2.o)
 .ARM.attributes
                0x000010b9       0x22 d:/truestudio for stm32 9.3.0/armtools/bin/../lib/gcc/arm-atollic-eabi/6.3.1/armv7e-m/fpu\libgcc.a(_aeabi_uldivmod.o)
 .ARM.attributes
                0x000010db       0x34 d:/truestudio for stm32 9.3.0/armtools/bin/../lib/gcc/arm-atollic-eabi/6.3.1/armv7e-m/fpu\libgcc.a(_udivmoddi4.o)
 .ARM.attributes
                0x0000110f       0x22 d:/truestudio for stm32 9.3.0/armtools/bin/../lib/gcc/arm-atollic-eabi/6.3.1/armv7e-m/fpu\libgcc.a(_dvmd_tls.o)
 .ARM.attributes
                0x00001131       0x22 d:/truestudio for stm32 9.3.0/armtools/bin/../lib/gcc/arm-atollic-eabi/6.3.1/armv7e-m/fpu/crtn.o
OUTPUT(all_test2.elf elf32-littlearm)

.debug_info     0x00000000    0x1bfa6
 .debug_info    0x00000000      0x9ef Drivers\STM32F4xx_HAL_Driver\Src\stm32f4xx_hal.o
 .debug_info    0x000009ef      0xdb1 Drivers\STM32F4xx_HAL_Driver\Src\stm32f4xx_hal_adc.o
 .debug_info    0x000017a0      0xbd6 Drivers\STM32F4xx_HAL_Driver\Src\stm32f4xx_hal_adc_ex.o
 .debug_info    0x00002376      0xf39 Drivers\STM32F4xx_HAL_Driver\Src\stm32f4xx_hal_cortex.o
 .debug_info    0x000032af      0xa4c Drivers\STM32F4xx_HAL_Driver\Src\stm32f4xx_hal_dma.o
 .debug_info    0x00003cfb      0x775 Drivers\STM32F4xx_HAL_Driver\Src\stm32f4xx_hal_gpio.o
 .debug_info    0x00004470     0x334f Drivers\STM32F4xx_HAL_Driver\Src\stm32f4xx_hal_i2c.o
 .debug_info    0x000077bf      0xa57 Drivers\STM32F4xx_HAL_Driver\Src\stm32f4xx_hal_rcc.o
 .debug_info    0x00008216     0x34cf Drivers\STM32F4xx_HAL_Driver\Src\stm32f4xx_hal_tim.o
 .debug_info    0x0000b6e5     0x12fe Drivers\STM32F4xx_HAL_Driver\Src\stm32f4xx_hal_tim_ex.o
 .debug_info    0x0000c9e3     0x16c9 Drivers\STM32F4xx_HAL_Driver\Src\stm32f4xx_hal_uart.o
 .debug_info    0x0000e0ac      0x800 Src\I2C_1.o
 .debug_info    0x0000e8ac      0xe29 Src\MPU9250.o
 .debug_info    0x0000f6d5      0xd5c Src\adc.o
 .debug_info    0x00010431      0x859 Src\gpio.o
 .debug_info    0x00010c8a      0xdf7 Src\hcsr04.o
 .debug_info    0x00011a81      0xd27 Src\i2c.o
 .debug_info    0x000127a8     0x26ce Src\main.o
 .debug_info    0x00014e76      0x59f Src\stm32f4xx_hal_msp.o
 .debug_info    0x00015415      0xf22 Src\stm32f4xx_it.o
 .debug_info    0x00016337      0xfe1 Src\syscalls.o
 .debug_info    0x00017318      0x50a Src\system_stm32f4xx.o
 .debug_info    0x00017822     0x1191 Src\tim.o
 .debug_info    0x000189b3      0xf3f Src\tm_stm32_ahrs_imu.o
 .debug_info    0x000198f2      0xfb4 Src\tm_stm32_delay.o
 .debug_info    0x0001a8a6      0x982 Src\tm_stm32f4_gpio.o
 .debug_info    0x0001b228      0xd1b Src\usart.o
 .debug_info    0x0001bf43       0x63 startup\startup_stm32f407xx.o

.debug_abbrev   0x00000000     0x4156
 .debug_abbrev  0x00000000      0x23d Drivers\STM32F4xx_HAL_Driver\Src\stm32f4xx_hal.o
 .debug_abbrev  0x0000023d      0x2bf Drivers\STM32F4xx_HAL_Driver\Src\stm32f4xx_hal_adc.o
 .debug_abbrev  0x000004fc      0x284 Drivers\STM32F4xx_HAL_Driver\Src\stm32f4xx_hal_adc_ex.o
 .debug_abbrev  0x00000780      0x314 Drivers\STM32F4xx_HAL_Driver\Src\stm32f4xx_hal_cortex.o
 .debug_abbrev  0x00000a94      0x2e8 Drivers\STM32F4xx_HAL_Driver\Src\stm32f4xx_hal_dma.o
 .debug_abbrev  0x00000d7c      0x1ef Drivers\STM32F4xx_HAL_Driver\Src\stm32f4xx_hal_gpio.o
 .debug_abbrev  0x00000f6b      0x399 Drivers\STM32F4xx_HAL_Driver\Src\stm32f4xx_hal_i2c.o
 .debug_abbrev  0x00001304      0x2cb Drivers\STM32F4xx_HAL_Driver\Src\stm32f4xx_hal_rcc.o
 .debug_abbrev  0x000015cf      0x324 Drivers\STM32F4xx_HAL_Driver\Src\stm32f4xx_hal_tim.o
 .debug_abbrev  0x000018f3      0x29c Drivers\STM32F4xx_HAL_Driver\Src\stm32f4xx_hal_tim_ex.o
 .debug_abbrev  0x00001b8f      0x2fb Drivers\STM32F4xx_HAL_Driver\Src\stm32f4xx_hal_uart.o
 .debug_abbrev  0x00001e8a      0x194 Src\I2C_1.o
 .debug_abbrev  0x0000201e      0x242 Src\MPU9250.o
 .debug_abbrev  0x00002260      0x213 Src\adc.o
 .debug_abbrev  0x00002473      0x1af Src\gpio.o
 .debug_abbrev  0x00002622      0x237 Src\hcsr04.o
 .debug_abbrev  0x00002859      0x20b Src\i2c.o
 .debug_abbrev  0x00002a64      0x33f Src\main.o
 .debug_abbrev  0x00002da3      0x166 Src\stm32f4xx_hal_msp.o
 .debug_abbrev  0x00002f09      0x217 Src\stm32f4xx_it.o
 .debug_abbrev  0x00003120      0x2d9 Src\syscalls.o
 .debug_abbrev  0x000033f9      0x10e Src\system_stm32f4xx.o
 .debug_abbrev  0x00003507      0x217 Src\tim.o
 .debug_abbrev  0x0000371e      0x2a5 Src\tm_stm32_ahrs_imu.o
 .debug_abbrev  0x000039c3      0x35a Src\tm_stm32_delay.o
 .debug_abbrev  0x00003d1d      0x214 Src\tm_stm32f4_gpio.o
 .debug_abbrev  0x00003f31      0x213 Src\usart.o
 .debug_abbrev  0x00004144       0x12 startup\startup_stm32f407xx.o

.debug_loc      0x00000000     0xbd2b
 .debug_loc     0x00000000      0x11b Drivers\STM32F4xx_HAL_Driver\Src\stm32f4xx_hal.o
 .debug_loc     0x0000011b      0x7aa Drivers\STM32F4xx_HAL_Driver\Src\stm32f4xx_hal_adc.o
 .debug_loc     0x000008c5      0x7a8 Drivers\STM32F4xx_HAL_Driver\Src\stm32f4xx_hal_adc_ex.o
 .debug_loc     0x0000106d      0x4fb Drivers\STM32F4xx_HAL_Driver\Src\stm32f4xx_hal_cortex.o
 .debug_loc     0x00001568      0x727 Drivers\STM32F4xx_HAL_Driver\Src\stm32f4xx_hal_dma.o
 .debug_loc     0x00001c8f      0x36d Drivers\STM32F4xx_HAL_Driver\Src\stm32f4xx_hal_gpio.o
 .debug_loc     0x00001ffc     0x2f30 Drivers\STM32F4xx_HAL_Driver\Src\stm32f4xx_hal_i2c.o
 .debug_loc     0x00004f2c      0x336 Drivers\STM32F4xx_HAL_Driver\Src\stm32f4xx_hal_rcc.o
 .debug_loc     0x00005262     0x3009 Drivers\STM32F4xx_HAL_Driver\Src\stm32f4xx_hal_tim.o
 .debug_loc     0x0000826b      0xa7c Drivers\STM32F4xx_HAL_Driver\Src\stm32f4xx_hal_tim_ex.o
 .debug_loc     0x00008ce7     0x1335 Drivers\STM32F4xx_HAL_Driver\Src\stm32f4xx_hal_uart.o
 .debug_loc     0x0000a01c      0x135 Src\I2C_1.o
 .debug_loc     0x0000a151      0x167 Src\MPU9250.o
 .debug_loc     0x0000a2b8       0x58 Src\adc.o
 .debug_loc     0x0000a310      0x142 Src\hcsr04.o
 .debug_loc     0x0000a452       0x58 Src\i2c.o
 .debug_loc     0x0000a4aa       0x40 Src\main.o
 .debug_loc     0x0000a4ea      0x3ef Src\syscalls.o
 .debug_loc     0x0000a8d9      0x11c Src\system_stm32f4xx.o
 .debug_loc     0x0000a9f5       0x9d Src\tim.o
 .debug_loc     0x0000aa92      0xa61 Src\tm_stm32_ahrs_imu.o
 .debug_loc     0x0000b4f3      0x216 Src\tm_stm32_delay.o
 .debug_loc     0x0000b709      0x598 Src\tm_stm32f4_gpio.o
 .debug_loc     0x0000bca1       0x8a Src\usart.o

.debug_aranges  0x00000000      0xfa8
 .debug_aranges
                0x00000000       0xe8 Drivers\STM32F4xx_HAL_Driver\Src\stm32f4xx_hal.o
 .debug_aranges
                0x000000e8       0xb8 Drivers\STM32F4xx_HAL_Driver\Src\stm32f4xx_hal_adc.o
 .debug_aranges
                0x000001a0       0x90 Drivers\STM32F4xx_HAL_Driver\Src\stm32f4xx_hal_adc_ex.o
 .debug_aranges
                0x00000230       0xa8 Drivers\STM32F4xx_HAL_Driver\Src\stm32f4xx_hal_cortex.o
 .debug_aranges
                0x000002d8       0x80 Drivers\STM32F4xx_HAL_Driver\Src\stm32f4xx_hal_dma.o
 .debug_aranges
                0x00000358       0x58 Drivers\STM32F4xx_HAL_Driver\Src\stm32f4xx_hal_gpio.o
 .debug_aranges
                0x000003b0      0x1b0 Drivers\STM32F4xx_HAL_Driver\Src\stm32f4xx_hal_i2c.o
 .debug_aranges
                0x00000560       0x88 Drivers\STM32F4xx_HAL_Driver\Src\stm32f4xx_hal_rcc.o
 .debug_aranges
                0x000005e8      0x278 Drivers\STM32F4xx_HAL_Driver\Src\stm32f4xx_hal_tim.o
 .debug_aranges
                0x00000860       0xf8 Drivers\STM32F4xx_HAL_Driver\Src\stm32f4xx_hal_tim_ex.o
 .debug_aranges
                0x00000958      0x170 Drivers\STM32F4xx_HAL_Driver\Src\stm32f4xx_hal_uart.o
 .debug_aranges
                0x00000ac8       0x28 Src\I2C_1.o
 .debug_aranges
                0x00000af0       0x40 Src\MPU9250.o
 .debug_aranges
                0x00000b30       0x30 Src\adc.o
 .debug_aranges
                0x00000b60       0x20 Src\gpio.o
 .debug_aranges
                0x00000b80       0x30 Src\hcsr04.o
 .debug_aranges
                0x00000bb0       0x30 Src\i2c.o
 .debug_aranges
                0x00000be0       0x50 Src\main.o
 .debug_aranges
                0x00000c30       0x20 Src\stm32f4xx_hal_msp.o
 .debug_aranges
                0x00000c50       0x90 Src\stm32f4xx_it.o
 .debug_aranges
                0x00000ce0       0xb0 Src\syscalls.o
 .debug_aranges
                0x00000d90       0x28 Src\system_stm32f4xx.o
 .debug_aranges
                0x00000db8       0x40 Src\tim.o
 .debug_aranges
                0x00000df8       0x40 Src\tm_stm32_ahrs_imu.o
 .debug_aranges
                0x00000e38       0x78 Src\tm_stm32_delay.o
 .debug_aranges
                0x00000eb0       0x98 Src\tm_stm32f4_gpio.o
 .debug_aranges
                0x00000f48       0x38 Src\usart.o
 .debug_aranges
                0x00000f80       0x28 startup\startup_stm32f407xx.o

.debug_ranges   0x00000000     0x13e0
 .debug_ranges  0x00000000       0xd8 Drivers\STM32F4xx_HAL_Driver\Src\stm32f4xx_hal.o
 .debug_ranges  0x000000d8       0xc8 Drivers\STM32F4xx_HAL_Driver\Src\stm32f4xx_hal_adc.o
 .debug_ranges  0x000001a0       0x80 Drivers\STM32F4xx_HAL_Driver\Src\stm32f4xx_hal_adc_ex.o
 .debug_ranges  0x00000220      0x128 Drivers\STM32F4xx_HAL_Driver\Src\stm32f4xx_hal_cortex.o
 .debug_ranges  0x00000348       0xc8 Drivers\STM32F4xx_HAL_Driver\Src\stm32f4xx_hal_dma.o
 .debug_ranges  0x00000410       0x68 Drivers\STM32F4xx_HAL_Driver\Src\stm32f4xx_hal_gpio.o
 .debug_ranges  0x00000478      0x3d0 Drivers\STM32F4xx_HAL_Driver\Src\stm32f4xx_hal_i2c.o
 .debug_ranges  0x00000848       0xb0 Drivers\STM32F4xx_HAL_Driver\Src\stm32f4xx_hal_rcc.o
 .debug_ranges  0x000008f8      0x340 Drivers\STM32F4xx_HAL_Driver\Src\stm32f4xx_hal_tim.o
 .debug_ranges  0x00000c38       0xe8 Drivers\STM32F4xx_HAL_Driver\Src\stm32f4xx_hal_tim_ex.o
 .debug_ranges  0x00000d20      0x178 Drivers\STM32F4xx_HAL_Driver\Src\stm32f4xx_hal_uart.o
 .debug_ranges  0x00000e98       0x18 Src\I2C_1.o
 .debug_ranges  0x00000eb0       0x30 Src\MPU9250.o
 .debug_ranges  0x00000ee0       0x38 Src\adc.o
 .debug_ranges  0x00000f18       0x40 Src\gpio.o
 .debug_ranges  0x00000f58       0x20 Src\hcsr04.o
 .debug_ranges  0x00000f78       0x58 Src\i2c.o
 .debug_ranges  0x00000fd0       0x40 Src\main.o
 .debug_ranges  0x00001010       0x28 Src\stm32f4xx_hal_msp.o
 .debug_ranges  0x00001038       0x80 Src\stm32f4xx_it.o
 .debug_ranges  0x000010b8       0xa0 Src\syscalls.o
 .debug_ranges  0x00001158       0x18 Src\system_stm32f4xx.o
 .debug_ranges  0x00001170       0x98 Src\tim.o
 .debug_ranges  0x00001208       0x30 Src\tm_stm32_ahrs_imu.o
 .debug_ranges  0x00001238       0x68 Src\tm_stm32_delay.o
 .debug_ranges  0x000012a0       0xc8 Src\tm_stm32f4_gpio.o
 .debug_ranges  0x00001368       0x58 Src\usart.o
 .debug_ranges  0x000013c0       0x20 startup\startup_stm32f407xx.o

.debug_line     0x00000000     0x8ef5
 .debug_line    0x00000000      0x3e3 Drivers\STM32F4xx_HAL_Driver\Src\stm32f4xx_hal.o
 .debug_line    0x000003e3      0x6e4 Drivers\STM32F4xx_HAL_Driver\Src\stm32f4xx_hal_adc.o
 .debug_line    0x00000ac7      0x561 Drivers\STM32F4xx_HAL_Driver\Src\stm32f4xx_hal_adc_ex.o
 .debug_line    0x00001028      0x41e Drivers\STM32F4xx_HAL_Driver\Src\stm32f4xx_hal_cortex.o
 .debug_line    0x00001446      0x537 Drivers\STM32F4xx_HAL_Driver\Src\stm32f4xx_hal_dma.o
 .debug_line    0x0000197d      0x3ac Drivers\STM32F4xx_HAL_Driver\Src\stm32f4xx_hal_gpio.o
 .debug_line    0x00001d29     0x1bb9 Drivers\STM32F4xx_HAL_Driver\Src\stm32f4xx_hal_i2c.o
 .debug_line    0x000038e2      0x4bc Drivers\STM32F4xx_HAL_Driver\Src\stm32f4xx_hal_rcc.o
 .debug_line    0x00003d9e     0x114b Drivers\STM32F4xx_HAL_Driver\Src\stm32f4xx_hal_tim.o
 .debug_line    0x00004ee9      0x645 Drivers\STM32F4xx_HAL_Driver\Src\stm32f4xx_hal_tim_ex.o
 .debug_line    0x0000552e      0xb3e Drivers\STM32F4xx_HAL_Driver\Src\stm32f4xx_hal_uart.o
 .debug_line    0x0000606c      0x202 Src\I2C_1.o
 .debug_line    0x0000626e      0x2c9 Src\MPU9250.o
 .debug_line    0x00006537      0x28a Src\adc.o
 .debug_line    0x000067c1      0x1fa Src\gpio.o
 .debug_line    0x000069bb      0x2f4 Src\hcsr04.o
 .debug_line    0x00006caf      0x26b Src\i2c.o
 .debug_line    0x00006f1a      0x510 Src\main.o
 .debug_line    0x0000742a      0x1cb Src\stm32f4xx_hal_msp.o
 .debug_line    0x000075f5      0x354 Src\stm32f4xx_it.o
 .debug_line    0x00007949      0x34b Src\syscalls.o
 .debug_line    0x00007c94      0x1a6 Src\system_stm32f4xx.o
 .debug_line    0x00007e3a      0x31b Src\tim.o
 .debug_line    0x00008155      0x378 Src\tm_stm32_ahrs_imu.o
 .debug_line    0x000084cd      0x3a8 Src\tm_stm32_delay.o
 .debug_line    0x00008875      0x358 Src\tm_stm32f4_gpio.o
 .debug_line    0x00008bcd      0x2a9 Src\usart.o
 .debug_line    0x00008e76       0x7f startup\startup_stm32f407xx.o

.debug_str      0x00000000     0x5c30
 .debug_str     0x00000000      0xb32 Drivers\STM32F4xx_HAL_Driver\Src\stm32f4xx_hal.o
                                0xba0 (size before relaxing)
 .debug_str     0x00000b32      0x690 Drivers\STM32F4xx_HAL_Driver\Src\stm32f4xx_hal_adc.o
                                0x994 (size before relaxing)
 .debug_str     0x000011c2      0x2df Drivers\STM32F4xx_HAL_Driver\Src\stm32f4xx_hal_adc_ex.o
                                0x9f7 (size before relaxing)
 .debug_str     0x000014a1      0x4a1 Drivers\STM32F4xx_HAL_Driver\Src\stm32f4xx_hal_cortex.o
                                0xc6b (size before relaxing)
 .debug_str     0x00001942      0x2ef Drivers\STM32F4xx_HAL_Driver\Src\stm32f4xx_hal_dma.o
                                0x7b7 (size before relaxing)
 .debug_str     0x00001c31      0x1b4 Drivers\STM32F4xx_HAL_Driver\Src\stm32f4xx_hal_gpio.o
                                0x531 (size before relaxing)
 .debug_str     0x00001de5      0xae9 Drivers\STM32F4xx_HAL_Driver\Src\stm32f4xx_hal_i2c.o