stm32f4xx_hal_i2c.c:7042:26:I2C_IsAcknowledgeFailed	0	static
stm32f4xx_hal_i2c.c:6835:26:I2C_WaitOnMasterAddressFlagUntilTimeout	32	static
stm32f4xx_hal_i2c.c:6924:26:I2C_WaitOnBTFFlagUntilTimeout	16	static
stm32f4xx_hal_i2c.c:6997:26:I2C_WaitOnRXNEFlagUntilTimeout	16	static
stm32f4xx_hal_i2c.c:6800:26:I2C_WaitOnFlagUntilTimeout	32	static
stm32f4xx_hal_i2c.c:6886:26:I2C_WaitOnTXEFlagUntilTimeout	16	static
stm32f4xx_hal_i2c.c:6380:26:I2C_RequestMemoryWrite	40	static
stm32f4xx_hal_i2c.c:6456:26:I2C_RequestMemoryRead	40	static
stm32f4xx_hal_i2c.c:588:13:HAL_I2C_MspInit	0	static
stm32f4xx_hal_i2c.c:431:19:HAL_I2C_Init	16	static
stm32f4xx_hal_i2c.c:604:13:HAL_I2C_MspDeInit	0	static
stm32f4xx_hal_i2c.c:542:19:HAL_I2C_DeInit	8	static
stm32f4xx_hal_i2c.c:1024:19:HAL_I2C_Master_Transmit	40	static
stm32f4xx_hal_i2c.c:1148:19:HAL_I2C_Master_Receive	64	static
stm32f4xx_hal_i2c.c:1392:19:HAL_I2C_Slave_Transmit	40	static
stm32f4xx_hal_i2c.c:1522:19:HAL_I2C_Slave_Receive	40	static
stm32f4xx_hal_i2c.c:1643:19:HAL_I2C_Master_Transmit_IT	24	static
stm32f4xx_hal_i2c.c:1723:19:HAL_I2C_Master_Receive_IT	24	static
stm32f4xx_hal_i2c.c:1805:19:HAL_I2C_Slave_Transmit_IT	8	static
stm32f4xx_hal_i2c.c:1867:19:HAL_I2C_Slave_Receive_IT	8	static
stm32f4xx_hal_i2c.c:1931:19:HAL_I2C_Master_Transmit_DMA	24	static
stm32f4xx_hal_i2c.c:2072:19:HAL_I2C_Master_Receive_DMA	24	static
stm32f4xx_hal_i2c.c:2211:19:HAL_I2C_Slave_Transmit_DMA	24	static
stm32f4xx_hal_i2c.c:2308:19:HAL_I2C_Slave_Receive_DMA	24	static
stm32f4xx_hal_i2c.c:2410:19:HAL_I2C_Mem_Write	40	static
stm32f4xx_hal_i2c.c:2533:19:HAL_I2C_Mem_Read	56	static
stm32f4xx_hal_i2c.c:2780:19:HAL_I2C_Mem_Write_IT	24	static
stm32f4xx_hal_i2c.c:2868:19:HAL_I2C_Mem_Read_IT	32	static
stm32f4xx_hal_i2c.c:2962:19:HAL_I2C_Mem_Write_DMA	48	static
stm32f4xx_hal_i2c.c:3108:19:HAL_I2C_Mem_Read_DMA	56	static
stm32f4xx_hal_i2c.c:3268:19:HAL_I2C_IsDeviceReady	56	static
stm32f4xx_hal_i2c.c:3400:19:HAL_I2C_Master_Seq_Transmit_IT	24	static
stm32f4xx_hal_i2c.c:3498:19:HAL_I2C_Master_Seq_Transmit_DMA	32	static
stm32f4xx_hal_i2c.c:3664:19:HAL_I2C_Master_Seq_Receive_IT	24	static
stm32f4xx_hal_i2c.c:3780:19:HAL_I2C_Master_Seq_Receive_DMA	32	static
stm32f4xx_hal_i2c.c:3967:19:HAL_I2C_Slave_Seq_Transmit_IT	24	static
stm32f4xx_hal_i2c.c:4033:19:HAL_I2C_Slave_Seq_Transmit_DMA	40	static
stm32f4xx_hal_i2c.c:4190:19:HAL_I2C_Slave_Seq_Receive_IT	24	static
stm32f4xx_hal_i2c.c:4256:19:HAL_I2C_Slave_Seq_Receive_DMA	40	static
stm32f4xx_hal_i2c.c:4409:19:HAL_I2C_EnableListen_IT	0	static
stm32f4xx_hal_i2c.c:4442:19:HAL_I2C_DisableListen_IT	0	static
stm32f4xx_hal_i2c.c:4770:13:HAL_I2C_MasterTxCpltCallback	0	static
stm32f4xx_hal_i2c.c:4786:13:HAL_I2C_MasterRxCpltCallback	0	static
stm32f4xx_hal_i2c.c:4801:13:HAL_I2C_SlaveTxCpltCallback	0	static
stm32f4xx_hal_i2c.c:4817:13:HAL_I2C_SlaveRxCpltCallback	0	static
stm32f4xx_hal_i2c.c:4835:13:HAL_I2C_AddrCallback	0	static
stm32f4xx_hal_i2c.c:4853:13:HAL_I2C_ListenCpltCallback	0	static
stm32f4xx_hal_i2c.c:4869:13:HAL_I2C_MemTxCpltCallback	0	static
stm32f4xx_hal_i2c.c:4885:13:HAL_I2C_MemRxCpltCallback	0	static
stm32f4xx_hal_i2c.c:4901:13:HAL_I2C_ErrorCallback	0	static
stm32f4xx_hal_i2c.c:6689:13:I2C_DMAError	16	static
stm32f4xx_hal_i2c.c:6557:13:I2C_DMAXferCplt	16	static
stm32f4xx_hal_i2c.c:4917:13:HAL_I2C_AbortCpltCallback	0	static
stm32f4xx_hal_i2c.c:6724:13:I2C_DMAAbort	16	static
stm32f4xx_hal_i2c.c:6067:13:I2C_ITError	8	static
stm32f4xx_hal_i2c.c:4477:19:HAL_I2C_Master_Abort_IT	8	static
stm32f4xx_hal_i2c.c:4532:6:HAL_I2C_EV_IRQHandler	64	static
stm32f4xx_hal_i2c.c:4691:6:HAL_I2C_ER_IRQHandler	24	static
stm32f4xx_hal_i2c.c:4952:22:HAL_I2C_GetState	0	static
stm32f4xx_hal_i2c.c:4964:21:HAL_I2C_GetMode	0	static
stm32f4xx_hal_i2c.c:4975:10:HAL_I2C_GetError	0	static
