Archive member included to satisfy reference by file (symbol)

d:/truestudio for stm32 9.3.0/armtools/bin/../lib/gcc/arm-atollic-eabi/6.3.1/../../../../arm-atollic-eabi/lib/armv7e-m/fpu\libc_nano.a(lib_a-atoi.o)
                              Src\uart_test.o (atoi)
d:/truestudio for stm32 9.3.0/armtools/bin/../lib/gcc/arm-atollic-eabi/6.3.1/../../../../arm-atollic-eabi/lib/armv7e-m/fpu\libc_nano.a(lib_a-errno.o)
                              Src\syscalls.o (__errno)
d:/truestudio for stm32 9.3.0/armtools/bin/../lib/gcc/arm-atollic-eabi/6.3.1/../../../../arm-atollic-eabi/lib/armv7e-m/fpu\libc_nano.a(lib_a-impure.o)
                              d:/truestudio for stm32 9.3.0/armtools/bin/../lib/gcc/arm-atollic-eabi/6.3.1/../../../../arm-atollic-eabi/lib/armv7e-m/fpu\libc_nano.a(lib_a-errno.o) (_impure_ptr)
d:/truestudio for stm32 9.3.0/armtools/bin/../lib/gcc/arm-atollic-eabi/6.3.1/../../../../arm-atollic-eabi/lib/armv7e-m/fpu\libc_nano.a(lib_a-init.o)
                              startup\startup_stm32f407xx.o (__libc_init_array)
d:/truestudio for stm32 9.3.0/armtools/bin/../lib/gcc/arm-atollic-eabi/6.3.1/../../../../arm-atollic-eabi/lib/armv7e-m/fpu\libc_nano.a(lib_a-malloc.o)
                              Src\tm_stm32_delay.o (malloc)
d:/truestudio for stm32 9.3.0/armtools/bin/../lib/gcc/arm-atollic-eabi/6.3.1/../../../../arm-atollic-eabi/lib/armv7e-m/fpu\libc_nano.a(lib_a-memset.o)
                              Src\adc.o (memset)
d:/truestudio for stm32 9.3.0/armtools/bin/../lib/gcc/arm-atollic-eabi/6.3.1/../../../../arm-atollic-eabi/lib/armv7e-m/fpu\libc_nano.a(lib_a-nano-freer.o)
                              d:/truestudio for stm32 9.3.0/armtools/bin/../lib/gcc/arm-atollic-eabi/6.3.1/../../../../arm-atollic-eabi/lib/armv7e-m/fpu\libc_nano.a(lib_a-malloc.o) (_free_r)
d:/truestudio for stm32 9.3.0/armtools/bin/../lib/gcc/arm-atollic-eabi/6.3.1/../../../../arm-atollic-eabi/lib/armv7e-m/fpu\libc_nano.a(lib_a-nano-mallocr.o)
                              d:/truestudio for stm32 9.3.0/armtools/bin/../lib/gcc/arm-atollic-eabi/6.3.1/../../../../arm-atollic-eabi/lib/armv7e-m/fpu\libc_nano.a(lib_a-malloc.o) (_malloc_r)
d:/truestudio for stm32 9.3.0/armtools/bin/../lib/gcc/arm-atollic-eabi/6.3.1/../../../../arm-atollic-eabi/lib/armv7e-m/fpu\libc_nano.a(lib_a-nano-vfprintf_float.o)
                              (_printf_float)
d:/truestudio for stm32 9.3.0/armtools/bin/../lib/gcc/arm-atollic-eabi/6.3.1/../../../../arm-atollic-eabi/lib/armv7e-m/fpu\libc_nano.a(lib_a-nano-vfprintf_i.o)
                              d:/truestudio for stm32 9.3.0/armtools/bin/../lib/gcc/arm-atollic-eabi/6.3.1/../../../../arm-atollic-eabi/lib/armv7e-m/fpu\libc_nano.a(lib_a-nano-vfprintf_float.o) (_printf_common)
d:/truestudio for stm32 9.3.0/armtools/bin/../lib/gcc/arm-atollic-eabi/6.3.1/../../../../arm-atollic-eabi/lib/armv7e-m/fpu\libc_nano.a(lib_a-printf.o)
                              Src\uart_queue.o (printf)
d:/truestudio for stm32 9.3.0/armtools/bin/../lib/gcc/arm-atollic-eabi/6.3.1/../../../../arm-atollic-eabi/lib/armv7e-m/fpu\libc_nano.a(lib_a-putchar.o)
                              Src\uart_queue.o (putchar)
d:/truestudio for stm32 9.3.0/armtools/bin/../lib/gcc/arm-atollic-eabi/6.3.1/../../../../arm-atollic-eabi/lib/armv7e-m/fpu\libc_nano.a(lib_a-puts.o)
                              Src\main.o (puts)
d:/truestudio for stm32 9.3.0/armtools/bin/../lib/gcc/arm-atollic-eabi/6.3.1/../../../../arm-atollic-eabi/lib/armv7e-m/fpu\libc_nano.a(lib_a-sbrkr.o)
                              d:/truestudio for stm32 9.3.0/armtools/bin/../lib/gcc/arm-atollic-eabi/6.3.1/../../../../arm-atollic-eabi/lib/armv7e-m/fpu\libc_nano.a(lib_a-nano-mallocr.o) (_sbrk_r)
d:/truestudio for stm32 9.3.0/armtools/bin/../lib/gcc/arm-atollic-eabi/6.3.1/../../../../arm-atollic-eabi/lib/armv7e-m/fpu\libc_nano.a(lib_a-sprintf.o)
                              Src\uart_test.o (sprintf)
d:/truestudio for stm32 9.3.0/armtools/bin/../lib/gcc/arm-atollic-eabi/6.3.1/../../../../arm-atollic-eabi/lib/armv7e-m/fpu\libc_nano.a(lib_a-strlen.o)
                              Src\uart_test.o (strlen)
d:/truestudio for stm32 9.3.0/armtools/bin/../lib/gcc/arm-atollic-eabi/6.3.1/../../../../arm-atollic-eabi/lib/armv7e-m/fpu\libc_nano.a(lib_a-strtol.o)
                              d:/truestudio for stm32 9.3.0/armtools/bin/../lib/gcc/arm-atollic-eabi/6.3.1/../../../../arm-atollic-eabi/lib/armv7e-m/fpu\libc_nano.a(lib_a-atoi.o) (_strtol_r)
d:/truestudio for stm32 9.3.0/armtools/bin/../lib/gcc/arm-atollic-eabi/6.3.1/../../../../arm-atollic-eabi/lib/armv7e-m/fpu\libc_nano.a(lib_a-wbuf.o)
                              d:/truestudio for stm32 9.3.0/armtools/bin/../lib/gcc/arm-atollic-eabi/6.3.1/../../../../arm-atollic-eabi/lib/armv7e-m/fpu\libc_nano.a(lib_a-puts.o) (__swbuf_r)
d:/truestudio for stm32 9.3.0/armtools/bin/../lib/gcc/arm-atollic-eabi/6.3.1/../../../../arm-atollic-eabi/lib/armv7e-m/fpu\libc_nano.a(lib_a-wsetup.o)
[...]
Memory Configuration

Name             Origin             Length             Attributes
RAM              0x20000000         0x00020000         xrw
CCMRAM           0x10000000         0x00010000         rw
FLASH            0x08000000         0x00080000         xr
*default*        0x00000000         0xffffffff

Linker script and memory map

LOAD d:/truestudio for stm32 9.3.0/armtools/bin/../lib/gcc/arm-atollic-eabi/6.3.1/armv7e-m/fpu/crti.o
LOAD d:/truestudio for stm32 9.3.0/armtools/bin/../lib/gcc/arm-atollic-eabi/6.3.1/armv7e-m/fpu/crtbegin.o
LOAD Drivers\STM32F4xx_HAL_Driver\Src\stm32f4xx_hal.o
LOAD Drivers\STM32F4xx_HAL_Driver\Src\stm32f4xx_hal_adc.o
LOAD Drivers\STM32F4xx_HAL_Driver\Src\stm32f4xx_hal_adc_ex.o
LOAD Drivers\STM32F4xx_HAL_Driver\Src\stm32f4xx_hal_cortex.o
LOAD Drivers\STM32F4xx_HAL_Driver\Src\stm32f4xx_hal_dma.o
LOAD Drivers\STM32F4xx_HAL_Driver\Src\stm32f4xx_hal_dma_ex.o
LOAD Drivers\STM32F4xx_HAL_Driver\Src\stm32f4xx_hal_exti.o
LOAD Drivers\STM32F4xx_HAL_Driver\Src\stm32f4xx_hal_flash.o
LOAD Drivers\STM32F4xx_HAL_Driver\Src\stm32f4xx_hal_flash_ex.o
LOAD Drivers\STM32F4xx_HAL_Driver\Src\stm32f4xx_hal_flash_ramfunc.o
LOAD Drivers\STM32F4xx_HAL_Driver\Src\stm32f4xx_hal_gpio.o
LOAD Drivers\STM32F4xx_HAL_Driver\Src\stm32f4xx_hal_i2c.o
LOAD Drivers\STM32F4xx_HAL_Driver\Src\stm32f4xx_hal_i2c_ex.o
LOAD Drivers\STM32F4xx_HAL_Driver\Src\stm32f4xx_hal_pwr.o
LOAD Drivers\STM32F4xx_HAL_Driver\Src\stm32f4xx_hal_pwr_ex.o
LOAD Drivers\STM32F4xx_HAL_Driver\Src\stm32f4xx_hal_rcc.o
LOAD Drivers\STM32F4xx_HAL_Driver\Src\stm32f4xx_hal_rcc_ex.o
LOAD Drivers\STM32F4xx_HAL_Driver\Src\stm32f4xx_hal_tim.o
LOAD Drivers\STM32F4xx_HAL_Driver\Src\stm32f4xx_hal_tim_ex.o
LOAD Drivers\STM32F4xx_HAL_Driver\Src\stm32f4xx_hal_uart.o
LOAD Src\adc.o
LOAD Src\gpio.o
LOAD Src\hcsr04.o
LOAD Src\i2c.o
LOAD Src\main.o
LOAD Src\stm32f4xx_hal_msp.o
LOAD Src\stm32f4xx_it.o
LOAD Src\syscalls.o
LOAD Src\system_stm32f4xx.o
LOAD Src\tim.o
LOAD Src\tm_stm32_delay.o
LOAD Src\tm_stm32f4_gpio.o
LOAD Src\uart_queue.o
LOAD Src\uart_test.o
LOAD Src\usart.o
LOAD startup\startup_stm32f407xx.o
                0x00000080                malloc_getpagesize_P = 0x80
START GROUP
LOAD d:/truestudio for stm32 9.3.0/armtools/bin/../lib/gcc/arm-atollic-eabi/6.3.1/../../../../arm-atollic-eabi/lib/armv7e-m/fpu\libc_nano.a
LOAD d:/truestudio for stm32 9.3.0/armtools/bin/../lib/gcc/arm-atollic-eabi/6.3.1/../../../../arm-atollic-eabi/lib/armv7e-m/fpu\libm.a
END GROUP
START GROUP
LOAD d:/truestudio for stm32 9.3.0/armtools/bin/../lib/gcc/arm-atollic-eabi/6.3.1/armv7e-m/fpu\libgcc.a
LOAD d:/truestudio for stm32 9.3.0/armtools/bin/../lib/gcc/arm-atollic-eabi/6.3.1/../../../../arm-atollic-eabi/lib/armv7e-m/fpu\libc_nano.a
END GROUP
START GROUP
LOAD d:/truestudio for stm32 9.3.0/armtools/bin/../lib/gcc/arm-atollic-eabi/6.3.1/armv7e-m/fpu\libgcc.a
LOAD d:/truestudio for stm32 9.3.0/armtools/bin/../lib/gcc/arm-atollic-eabi/6.3.1/../../../../arm-atollic-eabi/lib/armv7e-m/fpu\libc_nano.a
LOAD d:/truestudio for stm32 9.3.0/armtools/bin/../lib/gcc/arm-atollic-eabi/6.3.1/../../../../arm-atollic-eabi/lib/armv7e-m/fpu\libnosys.a
END GROUP
START GROUP
LOAD d:/truestudio for stm32 9.3.0/armtools/bin/../lib/gcc/arm-atollic-eabi/6.3.1/armv7e-m/fpu\libgcc.a
LOAD d:/truestudio for stm32 9.3.0/armtools/bin/../lib/gcc/arm-atollic-eabi/6.3.1/../../../../arm-atollic-eabi/lib/armv7e-m/fpu\libc_nano.a
LOAD d:/truestudio for stm32 9.3.0/armtools/bin/../lib/gcc/arm-atollic-eabi/6.3.1/../../../../arm-atollic-eabi/lib/armv7e-m/fpu\libnosys.a
END GROUP
LOAD d:/truestudio for stm32 9.3.0/armtools/bin/../lib/gcc/arm-atollic-eabi/6.3.1/armv7e-m/fpu/crtend.o
LOAD d:/truestudio for stm32 9.3.0/armtools/bin/../lib/gcc/arm-atollic-eabi/6.3.1/armv7e-m/fpu/crtn.o
                0x20020000                _estack = 0x20020000
                0x00000200                _Min_Heap_Size = 0x200
                0x00000400                _Min_Stack_Size = 0x400

.isr_vector     0x08000000      0x188
                0x08000000                . = ALIGN (0x4)
 *(.isr_vector)
 .isr_vector    0x08000000      0x188 startup\startup_stm32f407xx.o
                0x08000000                g_pfnVectors
                0x08000188                . = ALIGN (0x4)

.text           0x08000190     0x7040
                0x08000190                . = ALIGN (0x4)
 *(.text)
 .text          0x08000190       0x40 d:/truestudio for stm32 9.3.0/armtools/bin/../lib/gcc/arm-atollic-eabi/6.3.1/armv7e-m/fpu/crtbegin.o
 .text          0x080001d0       0x10 d:/truestudio for stm32 9.3.0/armtools/bin/../lib/gcc/arm-atollic-eabi/6.3.1/../../../../arm-atollic-eabi/lib/armv7e-m/fpu\libc_nano.a(lib_a-strlen.o)
                0x080001d0                strlen
 .text          0x080001e0       0xa0 d:/truestudio for stm32 9.3.0/armtools/bin/../lib/gcc/arm-atollic-eabi/6.3.1/../../../../arm-atollic-eabi/lib/armv7e-m/fpu\libc_nano.a(lib_a-memchr.o)
                0x080001e0                memchr
 .text          0x08000280      0x370 d:/truestudio for stm32 9.3.0/armtools/bin/../lib/gcc/arm-atollic-eabi/6.3.1/armv7e-m/fpu\libgcc.a(_arm_addsubdf3.o)
                0x08000280                __aeabi_drsub
                0x08000288                __aeabi_dsub
                0x08000288                __subdf3
                0x0800028c                __aeabi_dadd
                0x0800028c                __adddf3
                0x08000504                __floatunsidf
                0x08000504                __aeabi_ui2d
                0x08000524                __floatsidf
                0x08000524                __aeabi_i2d
                0x08000548                __aeabi_f2d
                0x08000548                __extendsfdf2
                0x08000584                __floatundidf
                0x08000584                __aeabi_ul2d
                0x08000594                __floatdidf
                0x08000594                __aeabi_l2d
 .text          0x080005f0      0x424 d:/truestudio for stm32 9.3.0/armtools/bin/../lib/gcc/arm-atollic-eabi/6.3.1/armv7e-m/fpu\libgcc.a(_arm_muldivdf3.o)
                0x080005f0                __aeabi_dmul
                0x080005f0                __muldf3
                0x08000844                __divdf3
                0x08000844                __aeabi_ddiv
 .text          0x08000a14      0x110 d:/truestudio for stm32 9.3.0/armtools/bin/../lib/gcc/arm-atollic-eabi/6.3.1/armv7e-m/fpu\libgcc.a(_arm_cmpdf2.o)
                0x08000a14                __gtdf2
                0x08000a14                __gedf2
                0x08000a1c                __ltdf2
                0x08000a1c                __ledf2
                0x08000a24                __nedf2
                0x08000a24                __eqdf2
                0x08000a24                __cmpdf2
                0x08000aa0                __aeabi_cdrcmple
                0x08000ab0                __aeabi_cdcmpeq
                0x08000ab0                __aeabi_cdcmple
                0x08000ac0                __aeabi_dcmpeq
                0x08000ad4                __aeabi_dcmplt
                0x08000ae8                __aeabi_dcmple
                0x08000afc                __aeabi_dcmpge
                0x08000b10                __aeabi_dcmpgt
 .text          0x08000b24       0x2c d:/truestudio for stm32 9.3.0/armtools/bin/../lib/gcc/arm-atollic-eabi/6.3.1/armv7e-m/fpu\libgcc.a(_arm_unorddf2.o)
                0x08000b24                __unorddf2
                0x08000b24                __aeabi_dcmpun
 .text          0x08000b50       0x50 d:/truestudio for stm32 9.3.0/armtools/bin/../lib/gcc/arm-atollic-eabi/6.3.1/armv7e-m/fpu\libgcc.a(_arm_fixdfsi.o)
                0x08000b50                __aeabi_d2iz
                0x08000b50                __fixdfsi
 .text          0x08000ba0       0x30 d:/truestudio for stm32 9.3.0/armtools/bin/../lib/gcc/arm-atollic-eabi/6.3.1/armv7e-m/fpu\libgcc.a(_aeabi_uldivmod.o)
                0x08000ba0                __aeabi_uldivmod
 .text          0x08000bd0      0x2dc d:/truestudio for stm32 9.3.0/armtools/bin/../lib/gcc/arm-atollic-eabi/6.3.1/armv7e-m/fpu\libgcc.a(_udivmoddi4.o)
                0x08000bd0                __udivmoddi4
 .text          0x08000eac        0x4 d:/truestudio for stm32 9.3.0/armtools/bin/../lib/gcc/arm-atollic-eabi/6.3.1/armv7e-m/fpu\libgcc.a(_dvmd_tls.o)
                0x08000eac                __aeabi_idiv0
                0x08000eac                __aeabi_ldiv0
 *(.text*)
 .text.HAL_InitTick
                0x08000eb0       0x48 Drivers\STM32F4xx_HAL_Driver\Src\stm32f4xx_hal.o
                0x08000eb0                HAL_InitTick
 .text.HAL_Init
                0x08000ef8       0x34 Drivers\STM32F4xx_HAL_Driver\Src\stm32f4xx_hal.o
                0x08000ef8                HAL_Init
 .text.HAL_ADC_Init
                0x08000f2c      0x14c Drivers\STM32F4xx_HAL_Driver\Src\stm32f4xx_hal_adc.o
                0x08000f2c                HAL_ADC_Init
 .text.HAL_ADC_Start_IT
                0x08001078       0xf8 Drivers\STM32F4xx_HAL_Driver\Src\stm32f4xx_hal_adc.o
                0x08001078                HAL_ADC_Start_IT
 .text.HAL_ADC_GetValue
                0x08001170        0x6 Drivers\STM32F4xx_HAL_Driver\Src\stm32f4xx_hal_adc.o
                0x08001170                HAL_ADC_GetValue
 .text.HAL_ADC_LevelOutOfWindowCallback
                0x08001176        0x2 Drivers\STM32F4xx_HAL_Driver\Src\stm32f4xx_hal_adc.o
                0x08001176                HAL_ADC_LevelOutOfWindowCallback
 .text.HAL_ADC_ErrorCallback
                0x08001178        0x2 Drivers\STM32F4xx_HAL_Driver\Src\stm32f4xx_hal_adc.o
                0x08001178                HAL_ADC_ErrorCallback
 .text.HAL_ADC_IRQHandler
                0x0800117a      0x128 Drivers\STM32F4xx_HAL_Driver\Src\stm32f4xx_hal_adc.o
                0x0800117a                HAL_ADC_IRQHandler
 *fill*         0x080012a2        0x2 
 .text.HAL_ADC_ConfigChannel
                0x080012a4      0x12c Drivers\STM32F4xx_HAL_Driver\Src\stm32f4xx_hal_adc.o
                0x080012a4                HAL_ADC_ConfigChannel
 .text.HAL_ADCEx_InjectedConvCpltCallback
                0x080013d0        0x2 Drivers\STM32F4xx_HAL_Driver\Src\stm32f4xx_hal_adc_ex.o
                0x080013d0                HAL_ADCEx_InjectedConvCpltCallback
 *fill*         0x080013d2        0x2 
 .text.HAL_NVIC_SetPriorityGrouping
                0x080013d4       0x24 Drivers\STM32F4xx_HAL_Driver\Src\stm32f4xx_hal_cortex.o
                0x080013d4                HAL_NVIC_SetPriorityGrouping
 .text.HAL_NVIC_SetPriority
                0x080013f8       0x68 Drivers\STM32F4xx_HAL_Driver\Src\stm32f4xx_hal_cortex.o
                0x080013f8                HAL_NVIC_SetPriority
 .text.HAL_NVIC_EnableIRQ
                0x08001460       0x1c Drivers\STM32F4xx_HAL_Driver\Src\stm32f4xx_hal_cortex.o
                0x08001460                HAL_NVIC_EnableIRQ
 .text.HAL_SYSTICK_Config
                0x0800147c       0x2c Drivers\STM32F4xx_HAL_Driver\Src\stm32f4xx_hal_cortex.o
                0x0800147c                HAL_SYSTICK_Config
 .text.HAL_DMA_Abort_IT
                0x080014a8       0x24 Drivers\STM32F4xx_HAL_Driver\Src\stm32f4xx_hal_dma.o
                0x080014a8                HAL_DMA_Abort_IT
 .text.HAL_DMA_GetState
                0x080014cc        0x6 Drivers\STM32F4xx_HAL_Driver\Src\stm32f4xx_hal_dma.o
                0x080014cc                HAL_DMA_GetState
 *fill*         0x080014d2        0x2 
 .text.HAL_GPIO_Init
                0x080014d4      0x1c0 Drivers\STM32F4xx_HAL_Driver\Src\stm32f4xx_hal_gpio.o
                0x080014d4                HAL_GPIO_Init
 .text.HAL_GPIO_WritePin
                0x08001694        0xa Drivers\STM32F4xx_HAL_Driver\Src\stm32f4xx_hal_gpio.o
                0x08001694                HAL_GPIO_WritePin
 .text.HAL_GPIO_EXTI_Callback
                0x0800169e        0x2 Drivers\STM32F4xx_HAL_Driver\Src\stm32f4xx_hal_gpio.o
                0x0800169e                HAL_GPIO_EXTI_Callback
 .text.HAL_GPIO_EXTI_IRQHandler
                0x080016a0       0x18 Drivers\STM32F4xx_HAL_Driver\Src\stm32f4xx_hal_gpio.o
                0x080016a0                HAL_GPIO_EXTI_IRQHandler
 .text.HAL_I2C_Init
                0x080016b8      0x148 Drivers\STM32F4xx_HAL_Driver\Src\stm32f4xx_hal_i2c.o
                0x080016b8                HAL_I2C_Init
 .text.HAL_I2C_MasterTxCpltCallback
                0x08001800        0x2 Drivers\STM32F4xx_HAL_Driver\Src\stm32f4xx_hal_i2c.o
                0x08001800                HAL_I2C_MasterTxCpltCallback
 .text.HAL_I2C_MasterRxCpltCallback
                0x08001802        0x2 Drivers\STM32F4xx_HAL_Driver\Src\stm32f4xx_hal_i2c.o
                0x08001802                HAL_I2C_MasterRxCpltCallback
 .text.HAL_I2C_SlaveTxCpltCallback
                0x08001804        0x2 Drivers\STM32F4xx_HAL_Driver\Src\stm32f4xx_hal_i2c.o
                0x08001804                HAL_I2C_SlaveTxCpltCallback
 .text.HAL_I2C_SlaveRxCpltCallback
                0x08001806        0x2 Drivers\STM32F4xx_HAL_Driver\Src\stm32f4xx_hal_i2c.o
                0x08001806                HAL_I2C_SlaveRxCpltCallback
 .text.HAL_I2C_AddrCallback
                0x08001808        0x2 Drivers\STM32F4xx_HAL_Driver\Src\stm32f4xx_hal_i2c.o
                0x08001808                HAL_I2C_AddrCallback
 .text.HAL_I2C_ListenCpltCallback
                0x0800180a        0x2 Drivers\STM32F4xx_HAL_Driver\Src\stm32f4xx_hal_i2c.o
                0x0800180a                HAL_I2C_ListenCpltCallback
 .text.HAL_I2C_MemTxCpltCallback
                0x0800180c        0x2 Drivers\STM32F4xx_HAL_Driver\Src\stm32f4xx_hal_i2c.o
                0x0800180c                HAL_I2C_MemTxCpltCallback
 .text.HAL_I2C_MemRxCpltCallback
                0x0800180e        0x2 Drivers\STM32F4xx_HAL_Driver\Src\stm32f4xx_hal_i2c.o
                0x0800180e                HAL_I2C_MemRxCpltCallback
 .text.HAL_I2C_ErrorCallback
                0x08001810        0x2 Drivers\STM32F4xx_HAL_Driver\Src\stm32f4xx_hal_i2c.o
                0x08001810                HAL_I2C_ErrorCallback
 .text.HAL_I2C_AbortCpltCallback
                0x08001812        0x2 Drivers\STM32F4xx_HAL_Driver\Src\stm32f4xx_hal_i2c.o
                0x08001812                HAL_I2C_AbortCpltCallback
 .text.I2C_DMAAbort
                0x08001814       0x76 Drivers\STM32F4xx_HAL_Driver\Src\stm32f4xx_hal_i2c.o
 *fill*         0x0800188a        0x2 
 .text.I2C_ITError
                0x0800188c      0x144 Drivers\STM32F4xx_HAL_Driver\Src\stm32f4xx_hal_i2c.o
 .text.HAL_I2C_EV_IRQHandler
                0x080019d0      0x848 Drivers\STM32F4xx_HAL_Driver\Src\stm32f4xx_hal_i2c.o
                0x080019d0                HAL_I2C_EV_IRQHandler
 .text.HAL_I2C_ER_IRQHandler
                0x08002218      0x12c Drivers\STM32F4xx_HAL_Driver\Src\stm32f4xx_hal_i2c.o
                0x08002218                HAL_I2C_ER_IRQHandler
 .text.HAL_RCC_OscConfig
                0x08002344      0x304 Drivers\STM32F4xx_HAL_Driver\Src\stm32f4xx_hal_rcc.o
                0x08002344                HAL_RCC_OscConfig
 .text.HAL_RCC_GetSysClockFreq
                0x08002648       0x5c Drivers\STM32F4xx_HAL_Driver\Src\stm32f4xx_hal_rcc.o
                0x08002648                HAL_RCC_GetSysClockFreq
 .text.HAL_RCC_ClockConfig
                0x080026a4      0x134 Drivers\STM32F4xx_HAL_Driver\Src\stm32f4xx_hal_rcc.o
                0x080026a4                HAL_RCC_ClockConfig
 .text.HAL_RCC_GetHCLKFreq
                0x080027d8        0xc Drivers\STM32F4xx_HAL_Driver\Src\stm32f4xx_hal_rcc.o
                0x080027d8                HAL_RCC_GetHCLKFreq
 .text.HAL_RCC_GetPCLK1Freq
                0x080027e4       0x20 Drivers\STM32F4xx_HAL_Driver\Src\stm32f4xx_hal_rcc.o
                0x080027e4                HAL_RCC_GetPCLK1Freq
 .text.HAL_RCC_GetPCLK2Freq
                0x08002804       0x20 Drivers\STM32F4xx_HAL_Driver\Src\stm32f4xx_hal_rcc.o
                0x08002804                HAL_RCC_GetPCLK2Freq
 .text.TIM_OC1_SetConfig
                0x08002824       0x64 Drivers\STM32F4xx_HAL_Driver\Src\stm32f4xx_hal_tim.o
 .text.TIM_OC3_SetConfig
                0x08002888       0x6c Drivers\STM32F4xx_HAL_Driver\Src\stm32f4xx_hal_tim.o
 .text.TIM_OC4_SetConfig
                0x080028f4       0x4c Drivers\STM32F4xx_HAL_Driver\Src\stm32f4xx_hal_tim.o
 .text.HAL_TIM_PWM_MspInit
                0x08002940        0x2 Drivers\STM32F4xx_HAL_Driver\Src\stm32f4xx_hal_tim.o
                0x08002940                HAL_TIM_PWM_MspInit
 .text.HAL_TIM_PeriodElapsedCallback
                0x08002942        0x2 Drivers\STM32F4xx_HAL_Driver\Src\stm32f4xx_hal_tim.o
                0x08002942                HAL_TIM_PeriodElapsedCallback
 .text.HAL_TIM_OC_DelayElapsedCallback
                0x08002944        0x2 Drivers\STM32F4xx_HAL_Driver\Src\stm32f4xx_hal_tim.o
                0x08002944                HAL_TIM_OC_DelayElapsedCallback
 .text.HAL_TIM_IC_CaptureCallback
                0x08002946        0x2 Drivers\STM32F4xx_HAL_Driver\Src\stm32f4xx_hal_tim.o
                0x08002946                HAL_TIM_IC_CaptureCallback
 .text.HAL_TIM_PWM_PulseFinishedCallback
                0x08002948        0x2 Drivers\STM32F4xx_HAL_Driver\Src\stm32f4xx_hal_tim.o
                0x08002948                HAL_TIM_PWM_PulseFinishedCallback
 .text.HAL_TIM_TriggerCallback
                0x0800294a        0x2 Drivers\STM32F4xx_HAL_Driver\Src\stm32f4xx_hal_tim.o
                0x0800294a                HAL_TIM_TriggerCallback
 .text.HAL_TIM_IRQHandler
                0x0800294c      0x144 Drivers\STM32F4xx_HAL_Driver\Src\stm32f4xx_hal_tim.o
                0x0800294c                HAL_TIM_IRQHandler
 .text.TIM_Base_SetConfig
                0x08002a90       0xcc Drivers\STM32F4xx_HAL_Driver\Src\stm32f4xx_hal_tim.o
                0x08002a90                TIM_Base_SetConfig
 .text.HAL_TIM_Base_Init
                0x08002b5c       0x34 Drivers\STM32F4xx_HAL_Driver\Src\stm32f4xx_hal_tim.o
                0x08002b5c                HAL_TIM_Base_Init
 .text.HAL_TIM_PWM_Init
                0x08002b90       0x34 Drivers\STM32F4xx_HAL_Driver\Src\stm32f4xx_hal_tim.o
                0x08002b90                HAL_TIM_PWM_Init
 .text.TIM_OC2_SetConfig
                0x08002bc4       0x6c Drivers\STM32F4xx_HAL_Driver\Src\stm32f4xx_hal_tim.o
                0x08002bc4                TIM_OC2_SetConfig
 .text.HAL_TIM_PWM_ConfigChannel
                0x08002c30       0xc4 Drivers\STM32F4xx_HAL_Driver\Src\stm32f4xx_hal_tim.o
                0x08002c30                HAL_TIM_PWM_ConfigChannel
 .text.TIM_ETR_SetConfig
                0x08002cf4       0x14 Drivers\STM32F4xx_HAL_Driver\Src\stm32f4xx_hal_tim.o
                0x08002cf4                TIM_ETR_SetConfig
 .text.HAL_TIM_ConfigClockSource
                0x08002d08      0x128 Drivers\STM32F4xx_HAL_Driver\Src\stm32f4xx_hal_tim.o
                0x08002d08                HAL_TIM_ConfigClockSource
 .text.TIM_CCxChannelCmd
                0x08002e30       0x1c Drivers\STM32F4xx_HAL_Driver\Src\stm32f4xx_hal_tim.o
                0x08002e30                TIM_CCxChannelCmd
 .text.HAL_TIM_PWM_Start
                0x08002e4c       0x40 Drivers\STM32F4xx_HAL_Driver\Src\stm32f4xx_hal_tim.o
                0x08002e4c                HAL_TIM_PWM_Start
 .text.HAL_TIM_PWM_Start_IT
                0x08002e8c       0x80 Drivers\STM32F4xx_HAL_Driver\Src\stm32f4xx_hal_tim.o
                0x08002e8c                HAL_TIM_PWM_Start_IT
 .text.HAL_TIMEx_MasterConfigSynchronization
                0x08002f0c       0x3c Drivers\STM32F4xx_HAL_Driver\Src\stm32f4xx_hal_tim_ex.o
                0x08002f0c                HAL_TIMEx_MasterConfigSynchronization
 .text.HAL_TIMEx_ConfigBreakDeadTime
                0x08002f48       0x4c Drivers\STM32F4xx_HAL_Driver\Src\stm32f4xx_hal_tim_ex.o
                0x08002f48                HAL_TIMEx_ConfigBreakDeadTime
 .text.HAL_TIMEx_CommutCallback
                0x08002f94        0x2 Drivers\STM32F4xx_HAL_Driver\Src\stm32f4xx_hal_tim_ex.o
                0x08002f94                HAL_TIMEx_CommutCallback
 .text.HAL_TIMEx_BreakCallback
                0x08002f96        0x2 Drivers\STM32F4xx_HAL_Driver\Src\stm32f4xx_hal_tim_ex.o
                0x08002f96                HAL_TIMEx_BreakCallback
 .text.UART_EndRxTransfer
                0x08002f98       0x1a Drivers\STM32F4xx_HAL_Driver\Src\stm32f4xx_hal_uart.o
 *fill*         0x08002fb2        0x2 
 .text.UART_SetConfig
                0x08002fb4      0x234 Drivers\STM32F4xx_HAL_Driver\Src\stm32f4xx_hal_uart.o
 .text.UART_WaitOnFlagUntilTimeout.constprop.3
                0x080031e8       0x50 Drivers\STM32F4xx_HAL_Driver\Src\stm32f4xx_hal_uart.o
 .text.HAL_UART_Init
                0x08003238       0x5c Drivers\STM32F4xx_HAL_Driver\Src\stm32f4xx_hal_uart.o
                0x08003238                HAL_UART_Init
 .text.HAL_UART_Transmit
                0x08003294       0xba Drivers\STM32F4xx_HAL_Driver\Src\stm32f4xx_hal_uart.o
                0x08003294                HAL_UART_Transmit
 .text.HAL_UART_Receive_IT
                0x0800334e       0x4e Drivers\STM32F4xx_HAL_Driver\Src\stm32f4xx_hal_uart.o
                0x0800334e                HAL_UART_Receive_IT
 .text.HAL_UART_TxCpltCallback
                0x0800339c        0x2 Drivers\STM32F4xx_HAL_Driver\Src\stm32f4xx_hal_uart.o
                0x0800339c                HAL_UART_TxCpltCallback
 .text.HAL_UART_RxCpltCallback
                0x0800339e        0x2 Drivers\STM32F4xx_HAL_Driver\Src\stm32f4xx_hal_uart.o
                0x0800339e                HAL_UART_RxCpltCallback
 .text.UART_Receive_IT
                0x080033a0       0x7c Drivers\STM32F4xx_HAL_Driver\Src\stm32f4xx_hal_uart.o
 .text.HAL_UART_ErrorCallback
                0x0800341c        0x2 Drivers\STM32F4xx_HAL_Driver\Src\stm32f4xx_hal_uart.o
                0x0800341c                HAL_UART_ErrorCallback
 *fill*         0x0800341e        0x2 
 .text.HAL_UART_IRQHandler
                0x08003420      0x140 Drivers\STM32F4xx_HAL_Driver\Src\stm32f4xx_hal_uart.o
                0x08003420                HAL_UART_IRQHandler
 .text.UART_DMAAbortOnError
                0x08003560       0x10 Drivers\STM32F4xx_HAL_Driver\Src\stm32f4xx_hal_uart.o
 .text.MX_ADC3_Init
                0x08003570       0x80 Src\adc.o
                0x08003570                MX_ADC3_Init
 .text.HAL_ADC_MspInit
                0x080035f0       0x74 Src\adc.o
                0x080035f0                HAL_ADC_MspInit
 .text.MX_GPIO_Init
                0x08003664      0x154 Src\gpio.o
                0x08003664                MX_GPIO_Init
 .text.Delay    0x080037b8       0x30 Src\hcsr04.o
 .text.TM_HCSR04_Read
                0x080037e8       0x70 Src\hcsr04.o
                0x080037e8                TM_HCSR04_Read
 .text.TM_HCSR04_Init
                0x08003858       0x64 Src\hcsr04.o
                0x08003858                TM_HCSR04_Init
 .text.MX_I2C1_Init
                0x080038bc       0x40 Src\i2c.o
                0x080038bc                MX_I2C1_Init
 .text.HAL_I2C_MspInit
                0x080038fc       0x90 Src\i2c.o
                0x080038fc                HAL_I2C_MspInit
 .text.__io_putchar
                0x0800398c       0x38 Src\main.o
                0x0800398c                __io_putchar
 .text.HAL_ADC_ConvCpltCallback
                0x080039c4       0xd0 Src\main.o
                0x080039c4                HAL_ADC_ConvCpltCallback
 .text.SystemClock_Config
                0x08003a94       0x94 Src\main.o
                0x08003a94                SystemClock_Config
 .text.startup.main
                0x08003b28      0x2d4 Src\main.o
                0x08003b28                main
 .text.Error_Handler
                0x08003dfc        0x2 Src\main.o
                0x08003dfc                Error_Handler
 *fill*         0x08003dfe        0x2 
 .text.HAL_MspInit
                0x08003e00       0x48 Src\stm32f4xx_hal_msp.o
                0x08003e00                HAL_MspInit
 .text.NMI_Handler
                0x08003e48        0x2 Src\stm32f4xx_it.o
                0x08003e48                NMI_Handler
 .text.HardFault_Handler
                0x08003e4a        0x2 Src\stm32f4xx_it.o
                0x08003e4a                HardFault_Handler
 .text.MemManage_Handler
                0x08003e4c        0x2 Src\stm32f4xx_it.o
                0x08003e4c                MemManage_Handler
 .text.BusFault_Handler
                0x08003e4e        0x2 Src\stm32f4xx_it.o
                0x08003e4e                BusFault_Handler
 .text.UsageFault_Handler
                0x08003e50        0x2 Src\stm32f4xx_it.o
                0x08003e50                UsageFault_Handler
 .text.SVC_Handler
                0x08003e52        0x2 Src\stm32f4xx_it.o
                0x08003e52                SVC_Handler
 .text.DebugMon_Handler
                0x08003e54        0x2 Src\stm32f4xx_it.o
                0x08003e54                DebugMon_Handler
 .text.PendSV_Handler
                0x08003e56        0x2 Src\stm32f4xx_it.o
                0x08003e56                PendSV_Handler
 .text.SysTick_Handler
                0x08003e58        0x4 Src\stm32f4xx_it.o
                0x08003e58                SysTick_Handler
 .text.RCC_IRQHandler
                0x08003e5c        0x2 Src\stm32f4xx_it.o
                0x08003e5c                RCC_IRQHandler
 *fill*         0x08003e5e        0x2 
 .text.ADC_IRQHandler
                0x08003e60        0xc Src\stm32f4xx_it.o
                0x08003e60                ADC_IRQHandler
 .text.EXTI9_5_IRQHandler
                0x08003e6c       0x18 Src\stm32f4xx_it.o
                0x08003e6c                EXTI9_5_IRQHandler
 .text.TIM1_CC_IRQHandler
                0x08003e84        0xc Src\stm32f4xx_it.o
                0x08003e84                TIM1_CC_IRQHandler
 .text.TIM1_TRG_COM_TIM11_IRQHandler
                0x08003e90        0x4 Src\stm32f4xx_it.o
                0x08003e90                TIM1_TRG_COM_TIM11_IRQHandler
 .text.TIM1_UP_TIM10_IRQHandler
                0x08003e94        0x4 Src\stm32f4xx_it.o
                0x08003e94                TIM1_UP_TIM10_IRQHandler
 .text.TIM1_BRK_TIM9_IRQHandler
                0x08003e98        0x4 Src\stm32f4xx_it.o
                0x08003e98                TIM1_BRK_TIM9_IRQHandler
 .text.TIM4_IRQHandler
                0x08003e9c        0xc Src\stm32f4xx_it.o
                0x08003e9c                TIM4_IRQHandler
 .text.I2C1_EV_IRQHandler
                0x08003ea8        0xc Src\stm32f4xx_it.o
                0x08003ea8                I2C1_EV_IRQHandler
 .text.I2C1_ER_IRQHandler
                0x08003eb4        0xc Src\stm32f4xx_it.o
                0x08003eb4                I2C1_ER_IRQHandler
 .text.USART1_IRQHandler
                0x08003ec0       0x34 Src\stm32f4xx_it.o
                0x08003ec0                USART1_IRQHandler
 .text.EXTI15_10_IRQHandler
                0x08003ef4       0x1c Src\stm32f4xx_it.o
                0x08003ef4                EXTI15_10_IRQHandler
 .text.USART6_IRQHandler
                0x08003f10       0x34 Src\stm32f4xx_it.o
                0x08003f10                USART6_IRQHandler
 .text._read    0x08003f44       0x1c Src\syscalls.o
                0x08003f44                _read
 .text._write   0x08003f60       0x1c Src\syscalls.o
                0x08003f60                _write
 .text._sbrk    0x08003f7c       0x34 Src\syscalls.o
                0x08003f7c                _sbrk
 .text._close   0x08003fb0        0x6 Src\syscalls.o
                0x08003fb0                _close
 .text._fstat   0x08003fb6        0xa Src\syscalls.o
                0x08003fb6                _fstat
 .text._isatty  0x08003fc0        0x4 Src\syscalls.o
                0x08003fc0                _isatty
 .text._lseek   0x08003fc4        0x4 Src\syscalls.o
                0x08003fc4                _lseek
 .text.SystemInit
                0x08003fc8       0x4c Src\system_stm32f4xx.o
                0x08003fc8                SystemInit
 .text.HAL_TIM_Base_MspInit
                0x08004014       0x9c Src\tim.o
                0x08004014                HAL_TIM_Base_MspInit
 .text.HAL_TIM_MspPostInit
                0x080040b0       0x90 Src\tim.o
                0x080040b0                HAL_TIM_MspPostInit
 .text.MX_TIM1_Init
                0x08004140       0xd8 Src\tim.o
                0x08004140                MX_TIM1_Init
 .text.MX_TIM4_Init
                0x08004218       0xa8 Src\tim.o
                0x08004218                MX_TIM4_Init
 .text.TM_DELAY_Init
                0x080042c0       0x3c Src\tm_stm32_delay.o
                0x080042c0                TM_DELAY_Init
 .text.TM_DELAY_1msHandler
                0x080042fc        0x2 Src\tm_stm32_delay.o
                0x080042fc                TM_DELAY_1msHandler
 *fill*         0x080042fe        0x2 
 .text.HAL_IncTick
                0x08004300       0x70 Src\tm_stm32_delay.o
                0x08004300                HAL_IncTick
 .text.HAL_Delay
                0x08004370       0x30 Src\tm_stm32_delay.o
                0x08004370                HAL_Delay
 .text.HAL_GetTick
                0x080043a0        0xc Src\tm_stm32_delay.o
                0x080043a0                HAL_GetTick
 .text.TM_GPIO_INT_EnableClock
                0x080043ac       0x20 Src\tm_stm32f4_gpio.o
                0x080043ac                TM_GPIO_INT_EnableClock
 .text.TM_GPIO_INT_Init
                0x080043cc       0xc4 Src\tm_stm32f4_gpio.o
                0x080043cc                TM_GPIO_INT_Init
 .text.TM_GPIO_Init
                0x08004490       0x36 Src\tm_stm32f4_gpio.o
                0x08004490                TM_GPIO_Init
 .text.uart_queue_increase_point_value
                0x080044c6       0x10 Src\uart_queue.o
 *fill*         0x080044d6        0x2 
 .text.UartQueue_Serial_Is_Empty
                0x080044d8       0x18 Src\uart_queue.o
                0x080044d8                UartQueue_Serial_Is_Empty
 .text.UartQueue_Serial_EnQueue
                0x080044f0       0x18 Src\uart_queue.o
                0x080044f0                UartQueue_Serial_EnQueue
 .text.UartQueue_Serial_DeQueue
                0x08004508       0x1c Src\uart_queue.o
                0x08004508                UartQueue_Serial_DeQueue
 .text.Uart_6_Queue_Comm_Is_Empty
                0x08004524       0x18 Src\uart_queue.o
                0x08004524                Uart_6_Queue_Comm_Is_Empty
 .text.Uart_6_Queue_Comm_EnQueue
                0x0800453c       0x18 Src\uart_queue.o
                0x0800453c                Uart_6_Queue_Comm_EnQueue
 .text.Uart_6_Queue_Comm_DeQueue
                0x08004554       0x1c Src\uart_queue.o
                0x08004554                Uart_6_Queue_Comm_DeQueue
 .text.UART6_Test
                0x08004570       0xdc Src\uart_test.o
                0x08004570                UART6_Test
 .text.MX_USART1_UART_Init
                0x0800464c       0x38 Src\usart.o
                0x0800464c                MX_USART1_UART_Init
 .text.MX_USART6_UART_Init
                0x08004684       0x38 Src\usart.o
                0x08004684                MX_USART6_UART_Init
 .text.HAL_UART_MspInit
                0x080046bc       0xe8 Src\usart.o
                0x080046bc                HAL_UART_MspInit
 .text.Reset_Handler
                0x080047a4       0x50 startup\startup_stm32f407xx.o
                0x080047a4                Reset_Handler
 .text.Default_Handler
                0x080047f4        0x2 startup\startup_stm32f407xx.o
                0x080047f4                RTC_Alarm_IRQHandler
                0x080047f4                HASH_RNG_IRQHandler
                0x080047f4                EXTI2_IRQHandler
                0x080047f4                TIM8_CC_IRQHandler
                0x080047f4                DMA2_Stream5_IRQHandler
                0x080047f4                DMA1_Stream5_IRQHandler
                0x080047f4                PVD_IRQHandler
                0x080047f4                SDIO_IRQHandler
                0x080047f4                TAMP_STAMP_IRQHandler
                0x080047f4                CAN2_RX1_IRQHandler
                0x080047f4                EXTI3_IRQHandler
                0x080047f4                TIM8_TRG_COM_TIM14_IRQHandler
                0x080047f4                TIM8_UP_TIM13_IRQHandler
                0x080047f4                I2C3_ER_IRQHandler
                0x080047f4                EXTI0_IRQHandler
                0x080047f4                I2C2_EV_IRQHandler
                0x080047f4                DMA1_Stream2_IRQHandler
                0x080047f4                CAN1_RX0_IRQHandler
                0x080047f4                FPU_IRQHandler
                0x080047f4                OTG_HS_WKUP_IRQHandler
                0x080047f4                CAN2_SCE_IRQHandler
                0x080047f4                DMA2_Stream2_IRQHandler
                0x080047f4                SPI1_IRQHandler
                0x080047f4                TIM6_DAC_IRQHandler
                0x080047f4                DCMI_IRQHandler
                0x080047f4                CAN2_RX0_IRQHandler
                0x080047f4                DMA2_Stream3_IRQHandler
                0x080047f4                USART3_IRQHandler
                0x080047f4                CAN1_RX1_IRQHandler
                0x080047f4                UART5_IRQHandler
                0x080047f4                DMA2_Stream0_IRQHandler
                0x080047f4                DMA1_Stream6_IRQHandler
                0x080047f4                DMA1_Stream1_IRQHandler
                0x080047f4                UART4_IRQHandler
                0x080047f4                TIM3_IRQHandler
                0x080047f4                TIM8_BRK_TIM12_IRQHandler
                0x080047f4                Default_Handler
                0x080047f4                DMA1_Stream7_IRQHandler
                0x080047f4                TIM7_IRQHandler
                0x080047f4                CAN2_TX_IRQHandler
                0x080047f4                TIM5_IRQHandler
                0x080047f4                DMA2_Stream7_IRQHandler
                0x080047f4                I2C3_EV_IRQHandler
                0x080047f4                RTC_WKUP_IRQHandler
                0x080047f4                ETH_WKUP_IRQHandler
                0x080047f4                SPI2_IRQHandler
                0x080047f4                OTG_HS_EP1_IN_IRQHandler
                0x080047f4                DMA1_Stream0_IRQHandler
                0x080047f4                CAN1_TX_IRQHandler
                0x080047f4                EXTI4_IRQHandler
                0x080047f4                FSMC_IRQHandler
                0x080047f4                ETH_IRQHandler
                0x080047f4                OTG_HS_EP1_OUT_IRQHandler
                0x080047f4                WWDG_IRQHandler
                0x080047f4                TIM2_IRQHandler
                0x080047f4                OTG_FS_WKUP_IRQHandler
                0x080047f4                OTG_HS_IRQHandler
                0x080047f4                EXTI1_IRQHandler
                0x080047f4                USART2_IRQHandler
                0x080047f4                I2C2_ER_IRQHandler
                0x080047f4                DMA2_Stream1_IRQHandler
                0x080047f4                CAN1_SCE_IRQHandler
                0x080047f4                FLASH_IRQHandler
                0x080047f4                DMA2_Stream4_IRQHandler
                0x080047f4                OTG_FS_IRQHandler
                0x080047f4                SPI3_IRQHandler
                0x080047f4                DMA1_Stream4_IRQHandler
                0x080047f4                DMA2_Stream6_IRQHandler
                0x080047f4                DMA1_Stream3_IRQHandler
 .text.atoi     0x080047f6        0x8 d:/truestudio for stm32 9.3.0/armtools/bin/../lib/gcc/arm-atollic-eabi/6.3.1/../../../../arm-atollic-eabi/lib/armv7e-m/fpu\libc_nano.a(lib_a-atoi.o)
                0x080047f6                atoi
 *fill*         0x080047fe        0x2 
 .text.__errno  0x08004800        0xc d:/truestudio for stm32 9.3.0/armtools/bin/../lib/gcc/arm-atollic-eabi/6.3.1/../../../../arm-atollic-eabi/lib/armv7e-m/fpu\libc_nano.a(lib_a-errno.o)
                0x08004800                __errno
 .text.__libc_init_array
                0x0800480c       0x48 d:/truestudio for stm32 9.3.0/armtools/bin/../lib/gcc/arm-atollic-eabi/6.3.1/../../../../arm-atollic-eabi/lib/armv7e-m/fpu\libc_nano.a(lib_a-init.o)
                0x0800480c                __libc_init_array
 .text.malloc   0x08004854       0x10 d:/truestudio for stm32 9.3.0/armtools/bin/../lib/gcc/arm-atollic-eabi/6.3.1/../../../../arm-atollic-eabi/lib/armv7e-m/fpu\libc_nano.a(lib_a-malloc.o)
                0x08004854                malloc
 .text.memset   0x08004864       0x10 d:/truestudio for stm32 9.3.0/armtools/bin/../lib/gcc/arm-atollic-eabi/6.3.1/../../../../arm-atollic-eabi/lib/armv7e-m/fpu\libc_nano.a(lib_a-memset.o)
                0x08004864                memset
 .text._free_r  0x08004874       0x9c d:/truestudio for stm32 9.3.0/armtools/bin/../lib/gcc/arm-atollic-eabi/6.3.1/../../../../arm-atollic-eabi/lib/armv7e-m/fpu\libc_nano.a(lib_a-nano-freer.o)
                0x08004874                _free_r
 .text._malloc_r
                0x08004910       0xbc d:/truestudio for stm32 9.3.0/armtools/bin/../lib/gcc/arm-atollic-eabi/6.3.1/../../../../arm-atollic-eabi/lib/armv7e-m/fpu\libc_nano.a(lib_a-nano-mallocr.o)
                0x08004910                _malloc_r
 .text.__cvt    0x080049cc       0xc2 d:/truestudio for stm32 9.3.0/armtools/bin/../lib/gcc/arm-atollic-eabi/6.3.1/../../../../arm-atollic-eabi/lib/armv7e-m/fpu\libc_nano.a(lib_a-nano-vfprintf_float.o)
                0x080049cc                __cvt
 .text.__exponent
                0x08004a8e       0x6a d:/truestudio for stm32 9.3.0/armtools/bin/../lib/gcc/arm-atollic-eabi/6.3.1/../../../../arm-atollic-eabi/lib/armv7e-m/fpu\libc_nano.a(lib_a-nano-vfprintf_float.o)
                0x08004a8e                __exponent
 .text._printf_float
                0x08004af8      0x480 d:/truestudio for stm32 9.3.0/armtools/bin/../lib/gcc/arm-atollic-eabi/6.3.1/../../../../arm-atollic-eabi/lib/armv7e-m/fpu\libc_nano.a(lib_a-nano-vfprintf_float.o)
                0x08004af8                _printf_float
 .text._printf_common
                0x08004f78       0xec d:/truestudio for stm32 9.3.0/armtools/bin/../lib/gcc/arm-atollic-eabi/6.3.1/../../../../arm-atollic-eabi/lib/armv7e-m/fpu\libc_nano.a(lib_a-nano-vfprintf_i.o)
                0x08004f78                _printf_common
 .text._printf_i
                0x08005064      0x240 d:/truestudio for stm32 9.3.0/armtools/bin/../lib/gcc/arm-atollic-eabi/6.3.1/../../../../arm-atollic-eabi/lib/armv7e-m/fpu\libc_nano.a(lib_a-nano-vfprintf_i.o)
                0x08005064                _printf_i
 .text._puts_r  0x080052a4       0xb8 d:/truestudio for stm32 9.3.0/armtools/bin/../lib/gcc/arm-atollic-eabi/6.3.1/../../../../arm-atollic-eabi/lib/armv7e-m/fpu\libc_nano.a(lib_a-puts.o)
                0x080052a4                _puts_r
 .text.puts     0x0800535c       0x10 d:/truestudio for stm32 9.3.0/armtools/bin/../lib/gcc/arm-atollic-eabi/6.3.1/../../../../arm-atollic-eabi/lib/armv7e-m/fpu\libc_nano.a(lib_a-puts.o)
                0x0800535c                puts
 .text._sbrk_r  0x0800536c       0x20 d:/truestudio for stm32 9.3.0/armtools/bin/../lib/gcc/arm-atollic-eabi/6.3.1/../../../../arm-atollic-eabi/lib/armv7e-m/fpu\libc_nano.a(lib_a-sbrkr.o)
                0x0800536c                _sbrk_r
 .text.sprintf  0x0800538c       0x48 d:/truestudio for stm32 9.3.0/armtools/bin/../lib/gcc/arm-atollic-eabi/6.3.1/../../../../arm-atollic-eabi/lib/armv7e-m/fpu\libc_nano.a(lib_a-sprintf.o)
                0x0800538c                siprintf
                0x0800538c                sprintf
 .text._strtol_l.isra.0
                0x080053d4      0x100 d:/truestudio for stm32 9.3.0/armtools/bin/../lib/gcc/arm-atollic-eabi/6.3.1/../../../../arm-atollic-eabi/lib/armv7e-m/fpu\libc_nano.a(lib_a-strtol.o)
 .text.strtol   0x080054d4       0x2c d:/truestudio for stm32 9.3.0/armtools/bin/../lib/gcc/arm-atollic-eabi/6.3.1/../../../../arm-atollic-eabi/lib/armv7e-m/fpu\libc_nano.a(lib_a-strtol.o)
                0x080054d4                strtol
 .text.__swbuf_r
                0x08005500       0xa4 d:/truestudio for stm32 9.3.0/armtools/bin/../lib/gcc/arm-atollic-eabi/6.3.1/../../../../arm-atollic-eabi/lib/armv7e-m/fpu\libc_nano.a(lib_a-wbuf.o)
                0x08005500                __swbuf_r
 .text.__swsetup_r
                0x080055a4       0xdc d:/truestudio for stm32 9.3.0/armtools/bin/../lib/gcc/arm-atollic-eabi/6.3.1/../../../../arm-atollic-eabi/lib/armv7e-m/fpu\libc_nano.a(lib_a-wsetup.o)
                0x080055a4                __swsetup_r
 .text.quorem   0x08005680      0x118 d:/truestudio for stm32 9.3.0/armtools/bin/../lib/gcc/arm-atollic-eabi/6.3.1/../../../../arm-atollic-eabi/lib/armv7e-m/fpu\libc_nano.a(lib_a-dtoa.o)
 .text._dtoa_r  0x08005798      0xb9c d:/truestudio for stm32 9.3.0/armtools/bin/../lib/gcc/arm-atollic-eabi/6.3.1/../../../../arm-atollic-eabi/lib/armv7e-m/fpu\libc_nano.a(lib_a-dtoa.o)
                0x08005798                _dtoa_r
 .text.__sflush_r
                0x08006334      0x110 d:/truestudio for stm32 9.3.0/armtools/bin/../lib/gcc/arm-atollic-eabi/6.3.1/../../../../arm-atollic-eabi/lib/armv7e-m/fpu\libc_nano.a(lib_a-fflush.o)
                0x08006334                __sflush_r
 .text._fflush_r
                0x08006444       0x54 d:/truestudio for stm32 9.3.0/armtools/bin/../lib/gcc/arm-atollic-eabi/6.3.1/../../../../arm-atollic-eabi/lib/armv7e-m/fpu\libc_nano.a(lib_a-fflush.o)
                0x08006444                _fflush_r
 .text._cleanup_r
                0x08006498        0xc d:/truestudio for stm32 9.3.0/armtools/bin/../lib/gcc/arm-atollic-eabi/6.3.1/../../../../arm-atollic-eabi/lib/armv7e-m/fpu\libc_nano.a(lib_a-findfp.o)
                0x08006498                _cleanup_r
 .text.std.isra.0
                0x080064a4       0x48 d:/truestudio for stm32 9.3.0/armtools/bin/../lib/gcc/arm-atollic-eabi/6.3.1/../../../../arm-atollic-eabi/lib/armv7e-m/fpu\libc_nano.a(lib_a-findfp.o)
 .text.__sfmoreglue
                0x080064ec       0x2c d:/truestudio for stm32 9.3.0/armtools/bin/../lib/gcc/arm-atollic-eabi/6.3.1/../../../../arm-atollic-eabi/lib/armv7e-m/fpu\libc_nano.a(lib_a-findfp.o)
                0x080064ec                __sfmoreglue
 .text.__sinit  0x08006518       0x60 d:/truestudio for stm32 9.3.0/armtools/bin/../lib/gcc/arm-atollic-eabi/6.3.1/../../../../arm-atollic-eabi/lib/armv7e-m/fpu\libc_nano.a(lib_a-findfp.o)
                0x08006518                __sinit
 .text.__sfp    0x08006578       0x78 d:/truestudio for stm32 9.3.0/armtools/bin/../lib/gcc/arm-atollic-eabi/6.3.1/../../../../arm-atollic-eabi/lib/armv7e-m/fpu\libc_nano.a(lib_a-findfp.o)
                0x08006578                __sfp
 .text._fwalk_reent
                0x080065f0       0x3c d:/truestudio for stm32 9.3.0/armtools/bin/../lib/gcc/arm-atollic-eabi/6.3.1/../../../../arm-atollic-eabi/lib/armv7e-m/fpu\libc_nano.a(lib_a-fwalk.o)
                0x080065f0                _fwalk_reent
 .text.__locale_ctype_ptr_l
                0x0800662c        0x6 d:/truestudio for stm32 9.3.0/armtools/bin/../lib/gcc/arm-atollic-eabi/6.3.1/../../../../arm-atollic-eabi/lib/armv7e-m/fpu\libc_nano.a(lib_a-locale.o)
                0x0800662c                __locale_ctype_ptr_l
 *fill*         0x08006632        0x2 
 .text._localeconv_r
                0x08006634       0x1c d:/truestudio for stm32 9.3.0/armtools/bin/../lib/gcc/arm-atollic-eabi/6.3.1/../../../../arm-atollic-eabi/lib/armv7e-m/fpu\libc_nano.a(lib_a-localeconv.o)
                0x08006634                _localeconv_r
 .text.__swhatbuf_r
                0x08006650       0x48 d:/truestudio for stm32 9.3.0/armtools/bin/../lib/gcc/arm-atollic-eabi/6.3.1/../../../../arm-atollic-eabi/lib/armv7e-m/fpu\libc_nano.a(lib_a-makebuf.o)
                0x08006650                __swhatbuf_r
 .text.__smakebuf_r
                0x08006698       0x80 d:/truestudio for stm32 9.3.0/armtools/bin/../lib/gcc/arm-atollic-eabi/6.3.1/../../../../arm-atollic-eabi/lib/armv7e-m/fpu\libc_nano.a(lib_a-makebuf.o)
                0x08006698                __smakebuf_r
 .text.__ascii_mbtowc
                0x08006718       0x24 d:/truestudio for stm32 9.3.0/armtools/bin/../lib/gcc/arm-atollic-eabi/6.3.1/../../../../arm-atollic-eabi/lib/armv7e-m/fpu\libc_nano.a(lib_a-mbtowc_r.o)
                0x08006718                __ascii_mbtowc
 .text.memcpy   0x0800673c       0x16 d:/truestudio for stm32 9.3.0/armtools/bin/../lib/gcc/arm-atollic-eabi/6.3.1/../../../../arm-atollic-eabi/lib/armv7e-m/fpu\libc_nano.a(lib_a-memcpy-stub.o)
                0x0800673c                memcpy
 .text.__malloc_lock
                0x08006752        0x2 d:/truestudio for stm32 9.3.0/armtools/bin/../lib/gcc/arm-atollic-eabi/6.3.1/../../../../arm-atollic-eabi/lib/armv7e-m/fpu\libc_nano.a(lib_a-mlock.o)
                0x08006752                __malloc_lock
 .text.__malloc_unlock
                0x08006754        0x2 d:/truestudio for stm32 9.3.0/armtools/bin/../lib/gcc/arm-atollic-eabi/6.3.1/../../../../arm-atollic-eabi/lib/armv7e-m/fpu\libc_nano.a(lib_a-mlock.o)
                0x08006754                __malloc_unlock
 .text._Balloc  0x08006756       0x68 d:/truestudio for stm32 9.3.0/armtools/bin/../lib/gcc/arm-atollic-eabi/6.3.1/../../../../arm-atollic-eabi/lib/armv7e-m/fpu\libc_nano.a(lib_a-mprec.o)
                0x08006756                _Balloc
 .text._Bfree   0x080067be       0x2e d:/truestudio for stm32 9.3.0/armtools/bin/../lib/gcc/arm-atollic-eabi/6.3.1/../../../../arm-atollic-eabi/lib/armv7e-m/fpu\libc_nano.a(lib_a-mprec.o)
                0x080067be                _Bfree
 .text.__multadd
                0x080067ec       0x76 d:/truestudio for stm32 9.3.0/armtools/bin/../lib/gcc/arm-atollic-eabi/6.3.1/../../../../arm-atollic-eabi/lib/armv7e-m/fpu\libc_nano.a(lib_a-mprec.o)
                0x080067ec                __multadd
 .text.__hi0bits
                0x08006862       0x3e d:/truestudio for stm32 9.3.0/armtools/bin/../lib/gcc/arm-atollic-eabi/6.3.1/../../../../arm-atollic-eabi/lib/armv7e-m/fpu\libc_nano.a(lib_a-mprec.o)
                0x08006862                __hi0bits
 .text.__lo0bits
                0x080068a0       0x5e d:/truestudio for stm32 9.3.0/armtools/bin/../lib/gcc/arm-atollic-eabi/6.3.1/../../../../arm-atollic-eabi/lib/armv7e-m/fpu\libc_nano.a(lib_a-mprec.o)
                0x080068a0                __lo0bits
 .text.__i2b    0x080068fe       0x12 d:/truestudio for stm32 9.3.0/armtools/bin/../lib/gcc/arm-atollic-eabi/6.3.1/../../../../arm-atollic-eabi/lib/armv7e-m/fpu\libc_nano.a(lib_a-mprec.o)
                0x080068fe                __i2b
 .text.__multiply
                0x08006910      0x11a d:/truestudio for stm32 9.3.0/armtools/bin/../lib/gcc/arm-atollic-eabi/6.3.1/../../../../arm-atollic-eabi/lib/armv7e-m/fpu\libc_nano.a(lib_a-mprec.o)
                0x08006910                __multiply
 *fill*         0x08006a2a        0x2 
 .text.__pow5mult
                0x08006a2c       0x9c d:/truestudio for stm32 9.3.0/armtools/bin/../lib/gcc/arm-atollic-eabi/6.3.1/../../../../arm-atollic-eabi/lib/armv7e-m/fpu\libc_nano.a(lib_a-mprec.o)
                0x08006a2c                __pow5mult
 .text.__lshift
                0x08006ac8       0xa2 d:/truestudio for stm32 9.3.0/armtools/bin/../lib/gcc/arm-atollic-eabi/6.3.1/../../../../arm-atollic-eabi/lib/armv7e-m/fpu\libc_nano.a(lib_a-mprec.o)
                0x08006ac8                __lshift
 .text.__mcmp   0x08006b6a       0x34 d:/truestudio for stm32 9.3.0/armtools/bin/../lib/gcc/arm-atollic-eabi/6.3.1/../../../../arm-atollic-eabi/lib/armv7e-m/fpu\libc_nano.a(lib_a-mprec.o)
                0x08006b6a                __mcmp
 .text.__mdiff  0x08006b9e       0xbc d:/truestudio for stm32 9.3.0/armtools/bin/../lib/gcc/arm-atollic-eabi/6.3.1/../../../../arm-atollic-eabi/lib/armv7e-m/fpu\libc_nano.a(lib_a-mprec.o)
                0x08006b9e                __mdiff
 .text.__d2b    0x08006c5a       0x9e d:/truestudio for stm32 9.3.0/armtools/bin/../lib/gcc/arm-atollic-eabi/6.3.1/../../../../arm-atollic-eabi/lib/armv7e-m/fpu\libc_nano.a(lib_a-mprec.o)
                0x08006c5a                __d2b
 .text._calloc_r
                0x08006cf8       0x1c d:/truestudio for stm32 9.3.0/armtools/bin/../lib/gcc/arm-atollic-eabi/6.3.1/../../../../arm-atollic-eabi/lib/armv7e-m/fpu\libc_nano.a(lib_a-nano-callocr.o)
                0x08006cf8                _calloc_r
 .text.__ssputs_r
                0x08006d14       0xb6 d:/truestudio for stm32 9.3.0/armtools/bin/../lib/gcc/arm-atollic-eabi/6.3.1/../../../../arm-atollic-eabi/lib/armv7e-m/fpu\libc_nano.a(lib_a-nano-svfprintf.o)
                0x08006d14                __ssputs_r
 *fill*         0x08006dca        0x2 
 .text._svfprintf_r
                0x08006dcc      0x1e8 d:/truestudio for stm32 9.3.0/armtools/bin/../lib/gcc/arm-atollic-eabi/6.3.1/../../../../arm-atollic-eabi/lib/armv7e-m/fpu\libc_nano.a(lib_a-nano-svfprintf.o)
                0x08006dcc                _svfiprintf_r
                0x08006dcc                _svfprintf_r
 .text.__sread  0x08006fb4       0x22 d:/truestudio for stm32 9.3.0/armtools/bin/../lib/gcc/arm-atollic-eabi/6.3.1/../../../../arm-atollic-eabi/lib/armv7e-m/fpu\libc_nano.a(lib_a-stdio.o)
                0x08006fb4                __sread
 .text.__swrite
                0x08006fd6       0x38 d:/truestudio for stm32 9.3.0/armtools/bin/../lib/gcc/arm-atollic-eabi/6.3.1/../../../../arm-atollic-eabi/lib/armv7e-m/fpu\libc_nano.a(lib_a-stdio.o)
                0x08006fd6                __swrite
 .text.__sseek  0x0800700e       0x24 d:/truestudio for stm32 9.3.0/armtools/bin/../lib/gcc/arm-atollic-eabi/6.3.1/../../../../arm-atollic-eabi/lib/armv7e-m/fpu\libc_nano.a(lib_a-stdio.o)
                0x0800700e                __sseek
 .text.__sclose
                0x08007032        0x8 d:/truestudio for stm32 9.3.0/armtools/bin/../lib/gcc/arm-atollic-eabi/6.3.1/../../../../arm-atollic-eabi/lib/armv7e-m/fpu\libc_nano.a(lib_a-stdio.o)
                0x08007032                __sclose
 .text.__ascii_wctomb
                0x0800703a       0x1a d:/truestudio for stm32 9.3.0/armtools/bin/../lib/gcc/arm-atollic-eabi/6.3.1/../../../../arm-atollic-eabi/lib/armv7e-m/fpu\libc_nano.a(lib_a-wctomb_r.o)
                0x0800703a                __ascii_wctomb
 .text._write_r
                0x08007054       0x24 d:/truestudio for stm32 9.3.0/armtools/bin/../lib/gcc/arm-atollic-eabi/6.3.1/../../../../arm-atollic-eabi/lib/armv7e-m/fpu\libc_nano.a(lib_a-writer.o)
                0x08007054                _write_r
 .text._close_r
                0x08007078       0x20 d:/truestudio for stm32 9.3.0/armtools/bin/../lib/gcc/arm-atollic-eabi/6.3.1/../../../../arm-atollic-eabi/lib/armv7e-m/fpu\libc_nano.a(lib_a-closer.o)
                0x08007078                _close_r
 .text._fstat_r
                0x08007098       0x24 d:/truestudio for stm32 9.3.0/armtools/bin/../lib/gcc/arm-atollic-eabi/6.3.1/../../../../arm-atollic-eabi/lib/armv7e-m/fpu\libc_nano.a(lib_a-fstatr.o)
                0x08007098                _fstat_r
 .text._isatty_r
                0x080070bc       0x20 d:/truestudio for stm32 9.3.0/armtools/bin/../lib/gcc/arm-atollic-eabi/6.3.1/../../../../arm-atollic-eabi/lib/armv7e-m/fpu\libc_nano.a(lib_a-isattyr.o)
                0x080070bc                _isatty_r
 .text._lseek_r
                0x080070dc       0x24 d:/truestudio for stm32 9.3.0/armtools/bin/../lib/gcc/arm-atollic-eabi/6.3.1/../../../../arm-atollic-eabi/lib/armv7e-m/fpu\libc_nano.a(lib_a-lseekr.o)
                0x080070dc                _lseek_r
 .text.memmove  0x08007100       0x34 d:/truestudio for stm32 9.3.0/armtools/bin/../lib/gcc/arm-atollic-eabi/6.3.1/../../../../arm-atollic-eabi/lib/armv7e-m/fpu\libc_nano.a(lib_a-memmove.o)
                0x08007100                memmove
 .text._realloc_r
                0x08007134       0x4c d:/truestudio for stm32 9.3.0/armtools/bin/../lib/gcc/arm-atollic-eabi/6.3.1/../../../../arm-atollic-eabi/lib/armv7e-m/fpu\libc_nano.a(lib_a-nano-reallocr.o)
                0x08007134                _realloc_r
 .text._read_r  0x08007180       0x24 d:/truestudio for stm32 9.3.0/armtools/bin/../lib/gcc/arm-atollic-eabi/6.3.1/../../../../arm-atollic-eabi/lib/armv7e-m/fpu\libc_nano.a(lib_a-readr.o)
                0x08007180                _read_r
 .text._malloc_usable_size_r
                0x080071a4       0x12 d:/truestudio for stm32 9.3.0/armtools/bin/../lib/gcc/arm-atollic-eabi/6.3.1/../../../../arm-atollic-eabi/lib/armv7e-m/fpu\libc_nano.a(lib_a-nano-msizer.o)
                0x080071a4                _malloc_usable_size_r
 *(.glue_7)
 .glue_7        0x080071b6        0x0 linker stubs
 *(.glue_7t)
 .glue_7t       0x080071b6        0x0 linker stubs
 *(.eh_frame)
 *fill*         0x080071b6        0x2 
 .eh_frame      0x080071b8        0x0 d:/truestudio for stm32 9.3.0/armtools/bin/../lib/gcc/arm-atollic-eabi/6.3.1/armv7e-m/fpu/crtbegin.o
 *(.init)
 .init          0x080071b8        0x4 d:/truestudio for stm32 9.3.0/armtools/bin/../lib/gcc/arm-atollic-eabi/6.3.1/armv7e-m/fpu/crti.o
                0x080071b8                _init
 .init          0x080071bc        0x8 d:/truestudio for stm32 9.3.0/armtools/bin/../lib/gcc/arm-atollic-eabi/6.3.1/armv7e-m/fpu/crtn.o
 *(.fini)
 .fini          0x080071c4        0x4 d:/truestudio for stm32 9.3.0/armtools/bin/../lib/gcc/arm-atollic-eabi/6.3.1/armv7e-m/fpu/crti.o
                0x080071c4                _fini
 .fini          0x080071c8        0x8 d:/truestudio for stm32 9.3.0/armtools/bin/../lib/gcc/arm-atollic-eabi/6.3.1/armv7e-m/fpu/crtn.o
                0x080071d0                . = ALIGN (0x4)
                0x080071d0                _etext = .

.vfp11_veneer   0x080071d0        0x0
 .vfp11_veneer  0x080071d0        0x0 linker stubs

.v4_bx          0x080071d0        0x0
 .v4_bx         0x080071d0        0x0 linker stubs

.iplt           0x080071d0        0x0
 .iplt          0x080071d0        0x0 d:/truestudio for stm32 9.3.0/armtools/bin/../lib/gcc/arm-atollic-eabi/6.3.1/armv7e-m/fpu/crtbegin.o

.rodata         0x080071d0      0x300
                0x080071d0                . = ALIGN (0x4)
 *(.rodata)
 *(.rodata*)
 .rodata.main.str1.1
                0x080071d0       0x1d Src\main.o
                                 0x22 (size before relaxing)
 .rodata.AHBPrescTable
                0x080071ed       0x10 Src\system_stm32f4xx.o
                0x080071ed                AHBPrescTable
 .rodata.APBPrescTable
                0x080071fd        0x8 Src\system_stm32f4xx.o
                0x080071fd                APBPrescTable
 .rodata.UART6_Test.str1.1
                0x08007205        0x3 Src\uart_test.o
 .rodata._global_impure_ptr
                0x08007208        0x4 d:/truestudio for stm32 9.3.0/armtools/bin/../lib/gcc/arm-atollic-eabi/6.3.1/../../../../arm-atollic-eabi/lib/armv7e-m/fpu\libc_nano.a(lib_a-impure.o)
                0x08007208                _global_impure_ptr
 .rodata._printf_float.str1.1
                0x0800720c       0x12 d:/truestudio for stm32 9.3.0/armtools/bin/../lib/gcc/arm-atollic-eabi/6.3.1/../../../../arm-atollic-eabi/lib/armv7e-m/fpu\libc_nano.a(lib_a-nano-vfprintf_float.o)
 .rodata._printf_i.str1.1
                0x0800721e       0x22 d:/truestudio for stm32 9.3.0/armtools/bin/../lib/gcc/arm-atollic-eabi/6.3.1/../../../../arm-atollic-eabi/lib/armv7e-m/fpu\libc_nano.a(lib_a-nano-vfprintf_i.o)
 .rodata._dtoa_r.str1.1
                0x08007240        0xd d:/truestudio for stm32 9.3.0/armtools/bin/../lib/gcc/arm-atollic-eabi/6.3.1/../../../../arm-atollic-eabi/lib/armv7e-m/fpu\libc_nano.a(lib_a-dtoa.o)
                                  0xf (size before relaxing)
 *fill*         0x0800724d        0x3 
 .rodata.__sf_fake_stderr
                0x08007250       0x20 d:/truestudio for stm32 9.3.0/armtools/bin/../lib/gcc/arm-atollic-eabi/6.3.1/../../../../arm-atollic-eabi/lib/armv7e-m/fpu\libc_nano.a(lib_a-findfp.o)
                0x08007250                __sf_fake_stderr
 .rodata.__sf_fake_stdin
                0x08007270       0x20 d:/truestudio for stm32 9.3.0/armtools/bin/../lib/gcc/arm-atollic-eabi/6.3.1/../../../../arm-atollic-eabi/lib/armv7e-m/fpu\libc_nano.a(lib_a-findfp.o)
                0x08007270                __sf_fake_stdin
 .rodata.__sf_fake_stdout
                0x08007290       0x20 d:/truestudio for stm32 9.3.0/armtools/bin/../lib/gcc/arm-atollic-eabi/6.3.1/../../../../arm-atollic-eabi/lib/armv7e-m/fpu\libc_nano.a(lib_a-findfp.o)
                0x08007290                __sf_fake_stdout
 .rodata._setlocale_r.str1.1
                0x080072b0        0x8 d:/truestudio for stm32 9.3.0/armtools/bin/../lib/gcc/arm-atollic-eabi/6.3.1/../../../../arm-atollic-eabi/lib/armv7e-m/fpu\libc_nano.a(lib_a-locale.o)
                                  0x9 (size before relaxing)
 .rodata.str1.1
                0x080072b8        0x2 d:/truestudio for stm32 9.3.0/armtools/bin/../lib/gcc/arm-atollic-eabi/6.3.1/../../../../arm-atollic-eabi/lib/armv7e-m/fpu\libc_nano.a(lib_a-locale.o)
 *fill*         0x080072ba        0x6 
 .rodata.__mprec_bigtens
                0x080072c0       0x28 d:/truestudio for stm32 9.3.0/armtools/bin/../lib/gcc/arm-atollic-eabi/6.3.1/../../../../arm-atollic-eabi/lib/armv7e-m/fpu\libc_nano.a(lib_a-mprec.o)
                0x080072c0                __mprec_bigtens
 .rodata.__mprec_tens
                0x080072e8       0xc8 d:/truestudio for stm32 9.3.0/armtools/bin/../lib/gcc/arm-atollic-eabi/6.3.1/../../../../arm-atollic-eabi/lib/armv7e-m/fpu\libc_nano.a(lib_a-mprec.o)
                0x080072e8                __mprec_tens
 .rodata.p05.7175
                0x080073b0        0xc d:/truestudio for stm32 9.3.0/armtools/bin/../lib/gcc/arm-atollic-eabi/6.3.1/../../../../arm-atollic-eabi/lib/armv7e-m/fpu\libc_nano.a(lib_a-mprec.o)
 .rodata._svfprintf_r.str1.1
                0x080073bc       0x11 d:/truestudio for stm32 9.3.0/armtools/bin/../lib/gcc/arm-atollic-eabi/6.3.1/../../../../arm-atollic-eabi/lib/armv7e-m/fpu\libc_nano.a(lib_a-nano-svfprintf.o)
 .rodata._ctype_
                0x080073cd      0x101 d:/truestudio for stm32 9.3.0/armtools/bin/../lib/gcc/arm-atollic-eabi/6.3.1/../../../../arm-atollic-eabi/lib/armv7e-m/fpu\libc_nano.a(lib_a-ctype_.o)
                0x080073cd                _ctype_
                0x080074d0                . = ALIGN (0x4)
 *fill*         0x080074ce        0x2 

.ARM.extab
 *(.ARM.extab* .gnu.linkonce.armextab.*)

.ARM            0x080074d0        0x8
                0x080074d0                __exidx_start = .
 *(.ARM.exidx*)
 .ARM.exidx     0x080074d0        0x8 d:/truestudio for stm32 9.3.0/armtools/bin/../lib/gcc/arm-atollic-eabi/6.3.1/armv7e-m/fpu\libgcc.a(_udivmoddi4.o)
                0x080074d8                __exidx_end = .

.rel.dyn        0x080074d8        0x0
 .rel.iplt      0x080074d8        0x0 d:/truestudio for stm32 9.3.0/armtools/bin/../lib/gcc/arm-atollic-eabi/6.3.1/armv7e-m/fpu/crtbegin.o

.preinit_array  0x080074d8        0x0
                0x080074d8                PROVIDE (__preinit_array_start, .)
 *(.preinit_array*)
                0x080074d8                PROVIDE (__preinit_array_end, .)

.init_array     0x080074d8        0x4
                0x080074d8                PROVIDE (__init_array_start, .)
 *(SORT(.init_array.*))
 *(.init_array*)
 .init_array    0x080074d8        0x4 d:/truestudio for stm32 9.3.0/armtools/bin/../lib/gcc/arm-atollic-eabi/6.3.1/armv7e-m/fpu/crtbegin.o
                0x080074dc                PROVIDE (__init_array_end, .)

.fini_array     0x080074dc        0x4
                [!provide]                PROVIDE (__fini_array_start, .)
 *(SORT(.fini_array.*))
 *(.fini_array*)
 .fini_array    0x080074dc        0x4 d:/truestudio for stm32 9.3.0/armtools/bin/../lib/gcc/arm-atollic-eabi/6.3.1/armv7e-m/fpu/crtbegin.o
                [!provide]                PROVIDE (__fini_array_end, .)
                0x080074e0                _sidata = LOADADDR (.data)

.data           0x20000000      0x1dc load address 0x080074e0
                0x20000000                . = ALIGN (0x4)
                0x20000000                _sdata = .
 *(.data)
 *(.data*)
 .data.uwTickFreq
                0x20000000        0x1 Drivers\STM32F4xx_HAL_Driver\Src\stm32f4xx_hal.o
                0x20000000                uwTickFreq
 *fill*         0x20000001        0x3 
 .data.uwTickPrio
                0x20000004        0x4 Drivers\STM32F4xx_HAL_Driver\Src\stm32f4xx_hal.o
                0x20000004                uwTickPrio
 .data.SystemCoreClock
                0x20000008        0x4 Src\system_stm32f4xx.o
                0x20000008                SystemCoreClock
 .data._impure_ptr
                0x2000000c        0x4 d:/truestudio for stm32 9.3.0/armtools/bin/../lib/gcc/arm-atollic-eabi/6.3.1/../../../../arm-atollic-eabi/lib/armv7e-m/fpu\libc_nano.a(lib_a-impure.o)
                0x2000000c                _impure_ptr
 .data.impure_data
                0x20000010       0x60 d:/truestudio for stm32 9.3.0/armtools/bin/../lib/gcc/arm-atollic-eabi/6.3.1/../../../../arm-atollic-eabi/lib/armv7e-m/fpu\libc_nano.a(lib_a-impure.o)
 .data.__global_locale
                0x20000070      0x16c d:/truestudio for stm32 9.3.0/armtools/bin/../lib/gcc/arm-atollic-eabi/6.3.1/../../../../arm-atollic-eabi/lib/armv7e-m/fpu\libc_nano.a(lib_a-locale.o)
                0x20000070                __global_locale
                0x200001dc                . = ALIGN (0x4)
                0x200001dc                _edata = .
                0x080076bc                _siccmram = LOADADDR (.ccmram)

.igot.plt       0x200001dc        0x0 load address 0x080076bc
 .igot.plt      0x200001dc        0x0 d:/truestudio for stm32 9.3.0/armtools/bin/../lib/gcc/arm-atollic-eabi/6.3.1/armv7e-m/fpu/crtbegin.o

.ccmram         0x10000000        0x0 load address 0x080076bc
                0x10000000                . = ALIGN (0x4)
                0x10000000                _sccmram = .
 *(.ccmram)
 *(.ccmram*)
                0x10000000                . = ALIGN (0x4)
                0x10000000                _eccmram = .
                0x10000000                . = ALIGN (0x4)

.bss            0x200001dc     0x19c8
                0x200001dc                _sbss = .
                0x200001dc                __bss_start__ = _sbss
 *(.bss)
 .bss           0x200001dc       0x1c d:/truestudio for stm32 9.3.0/armtools/bin/../lib/gcc/arm-atollic-eabi/6.3.1/armv7e-m/fpu/crtbegin.o
 *(.bss*)
 .bss.adcIndex  0x200001f8        0x1 Src\main.o
                0x200001f8                adcIndex
 *fill*         0x200001f9        0x3 
 .bss.heap_end.7010
                0x200001fc        0x4 Src\syscalls.o
 .bss.CustomTimers
                0x20000200       0x18 Src\tm_stm32_delay.o
 .bss.TM_Time   0x20000218        0x4 Src\tm_stm32_delay.o
                0x20000218                TM_Time
 .bss.TM_Time2  0x2000021c        0x4 Src\tm_stm32_delay.o
                0x2000021c                TM_Time2
 .bss.GPIO_UsedPins
                0x20000220       0x1a Src\tm_stm32f4_gpio.o
 *fill*         0x2000023a        0x2 
 .bss.uart_6_queue_comm_point_head
                0x2000023c        0x4 Src\uart_queue.o
                0x2000023c                uart_6_queue_comm_point_head
 .bss.uart_6_queue_comm_point_tail
                0x20000240        0x4 Src\uart_queue.o
                0x20000240                uart_6_queue_comm_point_tail
 .bss.uart_queue_serial_point_head
                0x20000244        0x4 Src\uart_queue.o
                0x20000244                uart_queue_serial_point_head
 .bss.uart_queue_serial_point_tail
                0x20000248        0x4 Src\uart_queue.o
                0x20000248                uart_queue_serial_point_tail
 .bss.index1    0x2000024c        0x4 Src\uart_test.o
                0x2000024c                index1
 .bss.split_index
                0x20000250        0x4 Src\uart_test.o
                0x20000250                split_index
 .bss.__malloc_free_list
                0x20000254        0x4 d:/truestudio for stm32 9.3.0/armtools/bin/../lib/gcc/arm-atollic-eabi/6.3.1/../../../../arm-atollic-eabi/lib/armv7e-m/fpu\libc_nano.a(lib_a-nano-mallocr.o)
                0x20000254                __malloc_free_list
 .bss.__malloc_sbrk_start
                0x20000258        0x4 d:/truestudio for stm32 9.3.0/armtools/bin/../lib/gcc/arm-atollic-eabi/6.3.1/../../../../arm-atollic-eabi/lib/armv7e-m/fpu\libc_nano.a(lib_a-nano-mallocr.o)
                0x20000258                __malloc_sbrk_start
 *(COMMON)
 COMMON         0x2000025c       0x50 Src\adc.o
                0x2000025c                hadc3
                0x200002a4                gyro
                0x200002a8                bt
 COMMON         0x200002ac       0x54 Src\i2c.o
                0x200002ac                hi2c1
 COMMON         0x20000300       0x2c Src\main.o
                0x20000300                band_info
                0x2000030c                hcsr04
                0x20000320                hcsr04_distance
                0x20000324                voice_key
                0x20000328                adcval
 COMMON         0x2000032c       0x80 Src\tim.o
                0x2000032c                htim4
                0x2000036c                htim1
 COMMON         0x200003ac     0x15e0 Src\uart_queue.o
                0x200003ac                event_queue_buffer
                0x200009ec                uart_6_queue_comm_buffer
                0x200011bc                uart_queue_serial_buffer
 COMMON         0x2000198c       0xca Src\uart_test.o
                0x2000198c                tx_test
                0x200019f0                rx_Test
                0x20001a54                ch2
                0x20001a55                ch
 *fill*         0x20001a56        0x2 
 COMMON         0x20001a58      0x148 Src\usart.o
                0x20001a58                g_Uart_6_Com_RxBuffer
                0x20001abc                g_Uart_RxBuffer
                0x20001b20                huart1
                0x20001b60                huart6
 COMMON         0x20001ba0        0x4 d:/truestudio for stm32 9.3.0/armtools/bin/../lib/gcc/arm-atollic-eabi/6.3.1/../../../../arm-atollic-eabi/lib/armv7e-m/fpu\libc_nano.a(lib_a-reent.o)
                0x20001ba0                errno
                0x20001ba4                . = ALIGN (0x4)
                0x20001ba4                _ebss = .
                0x20001ba4                __bss_end__ = _ebss

._user_heap_stack
                0x20001ba4      0x600
                0x20001ba4                . = ALIGN (0x4)
                0x20001ba4                PROVIDE (end, .)
                [!provide]                PROVIDE (_end, .)
                0x20001da4                . = (. + _Min_Heap_Size)
 *fill*         0x20001ba4      0x200 
                0x200021a4                . = (. + _Min_Stack_Size)
 *fill*         0x20001da4      0x400 
                0x200021a4                . = ALIGN (0x4)

/DISCARD/
 libc.a(*)
 libm.a(*)
 libgcc.a(*)

.ARM.attributes
                0x00000000       0x30
 *(.ARM.attributes)
 .ARM.attributes
                0x00000000       0x22 d:/truestudio for stm32 9.3.0/armtools/bin/../lib/gcc/arm-atollic-eabi/6.3.1/armv7e-m/fpu/crti.o
 .ARM.attributes
                0x00000022       0x34 d:/truestudio for stm32 9.3.0/armtools/bin/../lib/gcc/arm-atollic-eabi/6.3.1/armv7e-m/fpu/crtbegin.o
 .ARM.attributes
                0x00000056       0x39 Drivers\STM32F4xx_HAL_Driver\Src\stm32f4xx_hal.o
 .ARM.attributes
                0x0000008f       0x39 Drivers\STM32F4xx_HAL_Driver\Src\stm32f4xx_hal_adc.o
 .ARM.attributes
                0x000000c8       0x39 Drivers\STM32F4xx_HAL_Driver\Src\stm32f4xx_hal_adc_ex.o
 .ARM.attributes
                0x00000101       0x39 Drivers\STM32F4xx_HAL_Driver\Src\stm32f4xx_hal_cortex.o
 .ARM.attributes
                0x0000013a       0x39 Drivers\STM32F4xx_HAL_Driver\Src\stm32f4xx_hal_dma.o
 .ARM.attributes
                0x00000173       0x39 Drivers\STM32F4xx_HAL_Driver\Src\stm32f4xx_hal_gpio.o
 .ARM.attributes
                0x000001ac       0x39 Drivers\STM32F4xx_HAL_Driver\Src\stm32f4xx_hal_i2c.o
 .ARM.attributes
                0x000001e5       0x39 Drivers\STM32F4xx_HAL_Driver\Src\stm32f4xx_hal_rcc.o
 .ARM.attributes
                0x0000021e       0x39 Drivers\STM32F4xx_HAL_Driver\Src\stm32f4xx_hal_tim.o
 .ARM.attributes
                0x00000257       0x39 Drivers\STM32F4xx_HAL_Driver\Src\stm32f4xx_hal_tim_ex.o
 .ARM.attributes
                0x00000290       0x39 Drivers\STM32F4xx_HAL_Driver\Src\stm32f4xx_hal_uart.o
 .ARM.attributes
                0x000002c9       0x39 Src\adc.o
 .ARM.attributes
                0x00000302       0x39 Src\gpio.o
 .ARM.attributes
                0x0000033b       0x39 Src\hcsr04.o
 .ARM.attributes
                0x00000374       0x39 Src\i2c.o
 .ARM.attributes
                0x000003ad       0x39 Src\main.o
 .ARM.attributes
                0x000003e6       0x39 Src\stm32f4xx_hal_msp.o
 .ARM.attributes
                0x0000041f       0x39 Src\stm32f4xx_it.o
 .ARM.attributes
                0x00000458       0x39 Src\syscalls.o
 .ARM.attributes
                0x00000491       0x39 Src\system_stm32f4xx.o
 .ARM.attributes
                0x000004ca       0x39 Src\tim.o
 .ARM.attributes
                0x00000503       0x39 Src\tm_stm32_delay.o
 .ARM.attributes
                0x0000053c       0x39 Src\tm_stm32f4_gpio.o
 .ARM.attributes
                0x00000575       0x39 Src\uart_queue.o
 .ARM.attributes
                0x000005ae       0x39 Src\uart_test.o
 .ARM.attributes
                0x000005e7       0x39 Src\usart.o
 .ARM.attributes
                0x00000620       0x21 startup\startup_stm32f407xx.o
 .ARM.attributes
                0x00000641       0x34 d:/truestudio for stm32 9.3.0/armtools/bin/../lib/gcc/arm-atollic-eabi/6.3.1/../../../../arm-atollic-eabi/lib/armv7e-m/fpu\libc_nano.a(lib_a-atoi.o)
 .ARM.attributes
                0x00000675       0x34 d:/truestudio for stm32 9.3.0/armtools/bin/../lib/gcc/arm-atollic-eabi/6.3.1/../../../../arm-atollic-eabi/lib/armv7e-m/fpu\libc_nano.a(lib_a-errno.o)
 .ARM.attributes
                0x000006a9       0x34 d:/truestudio for stm32 9.3.0/armtools/bin/../lib/gcc/arm-atollic-eabi/6.3.1/../../../../arm-atollic-eabi/lib/armv7e-m/fpu\libc_nano.a(lib_a-impure.o)
 .ARM.attributes
                0x000006dd       0x34 d:/truestudio for stm32 9.3.0/armtools/bin/../lib/gcc/arm-atollic-eabi/6.3.1/../../../../arm-atollic-eabi/lib/armv7e-m/fpu\libc_nano.a(lib_a-init.o)
 .ARM.attributes
                0x00000711       0x34 d:/truestudio for stm32 9.3.0/armtools/bin/../lib/gcc/arm-atollic-eabi/6.3.1/../../../../arm-atollic-eabi/lib/armv7e-m/fpu\libc_nano.a(lib_a-malloc.o)
 .ARM.attributes
                0x00000745       0x34 d:/truestudio for stm32 9.3.0/armtools/bin/../lib/gcc/arm-atollic-eabi/6.3.1/../../../../arm-atollic-eabi/lib/armv7e-m/fpu\libc_nano.a(lib_a-memset.o)
 .ARM.attributes
                0x00000779       0x34 d:/truestudio for stm32 9.3.0/armtools/bin/../lib/gcc/arm-atollic-eabi/6.3.1/../../../../arm-atollic-eabi/lib/armv7e-m/fpu\libc_nano.a(lib_a-nano-freer.o)
 .ARM.attributes
                0x000007ad       0x34 d:/truestudio for stm32 9.3.0/armtools/bin/../lib/gcc/arm-atollic-eabi/6.3.1/../../../../arm-atollic-eabi/lib/armv7e-m/fpu\libc_nano.a(lib_a-nano-mallocr.o)
 .ARM.attributes
                0x000007e1       0x34 d:/truestudio for stm32 9.3.0/armtools/bin/../lib/gcc/arm-atollic-eabi/6.3.1/../../../../arm-atollic-eabi/lib/armv7e-m/fpu\libc_nano.a(lib_a-nano-vfprintf_float.o)
 .ARM.attributes
                0x00000815       0x34 d:/truestudio for stm32 9.3.0/armtools/bin/../lib/gcc/arm-atollic-eabi/6.3.1/../../../../arm-atollic-eabi/lib/armv7e-m/fpu\libc_nano.a(lib_a-nano-vfprintf_i.o)
 .ARM.attributes
                0x00000849       0x34 d:/truestudio for stm32 9.3.0/armtools/bin/../lib/gcc/arm-atollic-eabi/6.3.1/../../../../arm-atollic-eabi/lib/armv7e-m/fpu\libc_nano.a(lib_a-puts.o)
 .ARM.attributes
                0x0000087d       0x34 d:/truestudio for stm32 9.3.0/armtools/bin/../lib/gcc/arm-atollic-eabi/6.3.1/../../../../arm-atollic-eabi/lib/armv7e-m/fpu\libc_nano.a(lib_a-sbrkr.o)
 .ARM.attributes
                0x000008b1       0x34 d:/truestudio for stm32 9.3.0/armtools/bin/../lib/gcc/arm-atollic-eabi/6.3.1/../../../../arm-atollic-eabi/lib/armv7e-m/fpu\libc_nano.a(lib_a-sprintf.o)
 .ARM.attributes
                0x000008e5       0x1b d:/truestudio for stm32 9.3.0/armtools/bin/../lib/gcc/arm-atollic-eabi/6.3.1/../../../../arm-atollic-eabi/lib/armv7e-m/fpu\libc_nano.a(lib_a-strlen.o)
 .ARM.attributes
                0x00000900       0x34 d:/truestudio for stm32 9.3.0/armtools/bin/../lib/gcc/arm-atollic-eabi/6.3.1/../../../../arm-atollic-eabi/lib/armv7e-m/fpu\libc_nano.a(lib_a-strtol.o)
 .ARM.attributes
                0x00000934       0x34 d:/truestudio for stm32 9.3.0/armtools/bin/../lib/gcc/arm-atollic-eabi/6.3.1/../../../../arm-atollic-eabi/lib/armv7e-m/fpu\libc_nano.a(lib_a-wbuf.o)
 .ARM.attributes
                0x00000968       0x34 d:/truestudio for stm32 9.3.0/armtools/bin/../lib/gcc/arm-atollic-eabi/6.3.1/../../../../arm-atollic-eabi/lib/armv7e-m/fpu\libc_nano.a(lib_a-wsetup.o)
 .ARM.attributes
                0x0000099c       0x34 d:/truestudio for stm32 9.3.0/armtools/bin/../lib/gcc/arm-atollic-eabi/6.3.1/../../../../arm-atollic-eabi/lib/armv7e-m/fpu\libc_nano.a(lib_a-dtoa.o)
 .ARM.attributes
                0x000009d0       0x34 d:/truestudio for stm32 9.3.0/armtools/bin/../lib/gcc/arm-atollic-eabi/6.3.1/../../../../arm-atollic-eabi/lib/armv7e-m/fpu\libc_nano.a(lib_a-fflush.o)
 .ARM.attributes
                0x00000a04       0x34 d:/truestudio for stm32 9.3.0/armtools/bin/../lib/gcc/arm-atollic-eabi/6.3.1/../../../../arm-atollic-eabi/lib/armv7e-m/fpu\libc_nano.a(lib_a-findfp.o)
 .ARM.attributes
                0x00000a38       0x34 d:/truestudio for stm32 9.3.0/armtools/bin/../lib/gcc/arm-atollic-eabi/6.3.1/../../../../arm-atollic-eabi/lib/armv7e-m/fpu\libc_nano.a(lib_a-fwalk.o)
 .ARM.attributes
                0x00000a6c       0x34 d:/truestudio for stm32 9.3.0/armtools/bin/../lib/gcc/arm-atollic-eabi/6.3.1/../../../../arm-atollic-eabi/lib/armv7e-m/fpu\libc_nano.a(lib_a-locale.o)
 .ARM.attributes
                0x00000aa0       0x34 d:/truestudio for stm32 9.3.0/armtools/bin/../lib/gcc/arm-atollic-eabi/6.3.1/../../../../arm-atollic-eabi/lib/armv7e-m/fpu\libc_nano.a(lib_a-localeconv.o)
 .ARM.attributes
                0x00000ad4       0x34 d:/truestudio for stm32 9.3.0/armtools/bin/../lib/gcc/arm-atollic-eabi/6.3.1/../../../../arm-atollic-eabi/lib/armv7e-m/fpu\libc_nano.a(lib_a-makebuf.o)
 .ARM.attributes
                0x00000b08       0x34 d:/truestudio for stm32 9.3.0/armtools/bin/../lib/gcc/arm-atollic-eabi/6.3.1/../../../../arm-atollic-eabi/lib/armv7e-m/fpu\libc_nano.a(lib_a-mbtowc_r.o)
 .ARM.attributes
                0x00000b3c       0x20 d:/truestudio for stm32 9.3.0/armtools/bin/../lib/gcc/arm-atollic-eabi/6.3.1/../../../../arm-atollic-eabi/lib/armv7e-m/fpu\libc_nano.a(lib_a-memchr.o)
 .ARM.attributes
                0x00000b5c       0x34 d:/truestudio for stm32 9.3.0/armtools/bin/../lib/gcc/arm-atollic-eabi/6.3.1/../../../../arm-atollic-eabi/lib/armv7e-m/fpu\libc_nano.a(lib_a-memcpy-stub.o)
 .ARM.attributes
                0x00000b90       0x34 d:/truestudio for stm32 9.3.0/armtools/bin/../lib/gcc/arm-atollic-eabi/6.3.1/../../../../arm-atollic-eabi/lib/armv7e-m/fpu\libc_nano.a(lib_a-mlock.o)
 .ARM.attributes
                0x00000bc4       0x34 d:/truestudio for stm32 9.3.0/armtools/bin/../lib/gcc/arm-atollic-eabi/6.3.1/../../../../arm-atollic-eabi/lib/armv7e-m/fpu\libc_nano.a(lib_a-mprec.o)
 .ARM.attributes
                0x00000bf8       0x34 d:/truestudio for stm32 9.3.0/armtools/bin/../lib/gcc/arm-atollic-eabi/6.3.1/../../../../arm-atollic-eabi/lib/armv7e-m/fpu\libc_nano.a(lib_a-nano-callocr.o)
 .ARM.attributes
                0x00000c2c       0x34 d:/truestudio for stm32 9.3.0/armtools/bin/../lib/gcc/arm-atollic-eabi/6.3.1/../../../../arm-atollic-eabi/lib/armv7e-m/fpu\libc_nano.a(lib_a-nano-svfprintf.o)
 .ARM.attributes
                0x00000c60       0x34 d:/truestudio for stm32 9.3.0/armtools/bin/../lib/gcc/arm-atollic-eabi/6.3.1/../../../../arm-atollic-eabi/lib/armv7e-m/fpu\libc_nano.a(lib_a-reent.o)
 .ARM.attributes
                0x00000c94       0x34 d:/truestudio for stm32 9.3.0/armtools/bin/../lib/gcc/arm-atollic-eabi/6.3.1/../../../../arm-atollic-eabi/lib/armv7e-m/fpu\libc_nano.a(lib_a-stdio.o)
 .ARM.attributes
                0x00000cc8       0x34 d:/truestudio for stm32 9.3.0/armtools/bin/../lib/gcc/arm-atollic-eabi/6.3.1/../../../../arm-atollic-eabi/lib/armv7e-m/fpu\libc_nano.a(lib_a-wctomb_r.o)
 .ARM.attributes
                0x00000cfc       0x34 d:/truestudio for stm32 9.3.0/armtools/bin/../lib/gcc/arm-atollic-eabi/6.3.1/../../../../arm-atollic-eabi/lib/armv7e-m/fpu\libc_nano.a(lib_a-writer.o)
 .ARM.attributes
                0x00000d30       0x34 d:/truestudio for stm32 9.3.0/armtools/bin/../lib/gcc/arm-atollic-eabi/6.3.1/../../../../arm-atollic-eabi/lib/armv7e-m/fpu\libc_nano.a(lib_a-closer.o)
 .ARM.attributes
                0x00000d64       0x34 d:/truestudio for stm32 9.3.0/armtools/bin/../lib/gcc/arm-atollic-eabi/6.3.1/../../../../arm-atollic-eabi/lib/armv7e-m/fpu\libc_nano.a(lib_a-ctype_.o)
 .ARM.attributes
                0x00000d98       0x34 d:/truestudio for stm32 9.3.0/armtools/bin/../lib/gcc/arm-atollic-eabi/6.3.1/../../../../arm-atollic-eabi/lib/armv7e-m/fpu\libc_nano.a(lib_a-fstatr.o)
 .ARM.attributes
                0x00000dcc       0x34 d:/truestudio for stm32 9.3.0/armtools/bin/../lib/gcc/arm-atollic-eabi/6.3.1/../../../../arm-atollic-eabi/lib/armv7e-m/fpu\libc_nano.a(lib_a-isattyr.o)
 .ARM.attributes
                0x00000e00       0x34 d:/truestudio for stm32 9.3.0/armtools/bin/../lib/gcc/arm-atollic-eabi/6.3.1/../../../../arm-atollic-eabi/lib/armv7e-m/fpu\libc_nano.a(lib_a-lseekr.o)
 .ARM.attributes
                0x00000e34       0x34 d:/truestudio for stm32 9.3.0/armtools/bin/../lib/gcc/arm-atollic-eabi/6.3.1/../../../../arm-atollic-eabi/lib/armv7e-m/fpu\libc_nano.a(lib_a-memmove.o)
 .ARM.attributes
                0x00000e68       0x34 d:/truestudio for stm32 9.3.0/armtools/bin/../lib/gcc/arm-atollic-eabi/6.3.1/../../../../arm-atollic-eabi/lib/armv7e-m/fpu\libc_nano.a(lib_a-nano-reallocr.o)
 .ARM.attributes
                0x00000e9c       0x34 d:/truestudio for stm32 9.3.0/armtools/bin/../lib/gcc/arm-atollic-eabi/6.3.1/../../../../arm-atollic-eabi/lib/armv7e-m/fpu\libc_nano.a(lib_a-readr.o)
 .ARM.attributes
                0x00000ed0       0x34 d:/truestudio for stm32 9.3.0/armtools/bin/../lib/gcc/arm-atollic-eabi/6.3.1/../../../../arm-atollic-eabi/lib/armv7e-m/fpu\libc_nano.a(lib_a-nano-msizer.o)
 .ARM.attributes
                0x00000f04       0x22 d:/truestudio for stm32 9.3.0/armtools/bin/../lib/gcc/arm-atollic-eabi/6.3.1/armv7e-m/fpu\libgcc.a(_arm_addsubdf3.o)
 .ARM.attributes
                0x00000f26       0x22 d:/truestudio for stm32 9.3.0/armtools/bin/../lib/gcc/arm-atollic-eabi/6.3.1/armv7e-m/fpu\libgcc.a(_arm_muldivdf3.o)
 .ARM.attributes
                0x00000f48       0x22 d:/truestudio for stm32 9.3.0/armtools/bin/../lib/gcc/arm-atollic-eabi/6.3.1/armv7e-m/fpu\libgcc.a(_arm_cmpdf2.o)
 .ARM.attributes
                0x00000f6a       0x22 d:/truestudio for stm32 9.3.0/armtools/bin/../lib/gcc/arm-atollic-eabi/6.3.1/armv7e-m/fpu\libgcc.a(_arm_unorddf2.o)
 .ARM.attributes
                0x00000f8c       0x22 d:/truestudio for stm32 9.3.0/armtools/bin/../lib/gcc/arm-atollic-eabi/6.3.1/armv7e-m/fpu\libgcc.a(_arm_fixdfsi.o)
 .ARM.attributes
                0x00000fae       0x22 d:/truestudio for stm32 9.3.0/armtools/bin/../lib/gcc/arm-atollic-eabi/6.3.1/armv7e-m/fpu\libgcc.a(_aeabi_uldivmod.o)
 .ARM.attributes
                0x00000fd0       0x34 d:/truestudio for stm32 9.3.0/armtools/bin/../lib/gcc/arm-atollic-eabi/6.3.1/armv7e-m/fpu\libgcc.a(_udivmoddi4.o)
 .ARM.attributes
                0x00001004       0x22 d:/truestudio for stm32 9.3.0/armtools/bin/../lib/gcc/arm-atollic-eabi/6.3.1/armv7e-m/fpu\libgcc.a(_dvmd_tls.o)
 .ARM.attributes
                0x00001026       0x22 d:/truestudio for stm32 9.3.0/armtools/bin/../lib/gcc/arm-atollic-eabi/6.3.1/armv7e-m/fpu/crtn.o
OUTPUT(all_gaja.elf elf32-littlearm)

.debug_info     0x00000000    0x1ca1b
 .debug_info    0x00000000      0x9ef Drivers\STM32F4xx_HAL_Driver\Src\stm32f4xx_hal.o
 .debug_info    0x000009ef      0xdb1 Drivers\STM32F4xx_HAL_Driver\Src\stm32f4xx_hal_adc.o
 .debug_info    0x000017a0      0xbd6 Drivers\STM32F4xx_HAL_Driver\Src\stm32f4xx_hal_adc_ex.o
 .debug_info    0x00002376      0xf39 Drivers\STM32F4xx_HAL_Driver\Src\stm32f4xx_hal_cortex.o
 .debug_info    0x000032af      0xa4c Drivers\STM32F4xx_HAL_Driver\Src\stm32f4xx_hal_dma.o
 .debug_info    0x00003cfb      0x775 Drivers\STM32F4xx_HAL_Driver\Src\stm32f4xx_hal_gpio.o
 .debug_info    0x00004470     0x334f Drivers\STM32F4xx_HAL_Driver\Src\stm32f4xx_hal_i2c.o
 .debug_info    0x000077bf      0xa57 Drivers\STM32F4xx_HAL_Driver\Src\stm32f4xx_hal_rcc.o
 .debug_info    0x00008216     0x34cf Drivers\STM32F4xx_HAL_Driver\Src\stm32f4xx_hal_tim.o
 .debug_info    0x0000b6e5     0x12fe Drivers\STM32F4xx_HAL_Driver\Src\stm32f4xx_hal_tim_ex.o
 .debug_info    0x0000c9e3     0x16c9 Drivers\STM32F4xx_HAL_Driver\Src\stm32f4xx_hal_uart.o
 .debug_info    0x0000e0ac      0xd5c Src\adc.o
 .debug_info    0x0000ee08      0x893 Src\gpio.o
 .debug_info    0x0000f69b      0xdf7 Src\hcsr04.o
 .debug_info    0x00010492      0xd27 Src\i2c.o
 .debug_info    0x000111b9     0x21b4 Src\main.o
 .debug_info    0x0001336d      0x59f Src\stm32f4xx_hal_msp.o
 .debug_info    0x0001390c     0x18a5 Src\stm32f4xx_it.o
 .debug_info    0x000151b1      0xfe1 Src\syscalls.o
 .debug_info    0x00016192      0x50a Src\system_stm32f4xx.o
 .debug_info    0x0001669c     0x121b Src\tim.o
 .debug_info    0x000178b7      0xfb0 Src\tm_stm32_delay.o
 .debug_info    0x00018867      0x97f Src\tm_stm32f4_gpio.o
 .debug_info    0x000191e6     0x11a9 Src\uart_queue.o
 .debug_info    0x0001a38f     0x10bf Src\uart_test.o
 .debug_info    0x0001b44e     0x156b Src\usart.o
 .debug_info    0x0001c9b9       0x62 startup\startup_stm32f407xx.o

.debug_abbrev   0x00000000     0x40c7
 .debug_abbrev  0x00000000      0x23d Drivers\STM32F4xx_HAL_Driver\Src\stm32f4xx_hal.o
 .debug_abbrev  0x0000023d      0x2bf Drivers\STM32F4xx_HAL_Driver\Src\stm32f4xx_hal_adc.o
 .debug_abbrev  0x000004fc      0x284 Drivers\STM32F4xx_HAL_Driver\Src\stm32f4xx_hal_adc_ex.o
 .debug_abbrev  0x00000780      0x314 Drivers\STM32F4xx_HAL_Driver\Src\stm32f4xx_hal_cortex.o
 .debug_abbrev  0x00000a94      0x2e8 Drivers\STM32F4xx_HAL_Driver\Src\stm32f4xx_hal_dma.o
 .debug_abbrev  0x00000d7c      0x1ef Drivers\STM32F4xx_HAL_Driver\Src\stm32f4xx_hal_gpio.o
 .debug_abbrev  0x00000f6b      0x399 Drivers\STM32F4xx_HAL_Driver\Src\stm32f4xx_hal_i2c.o
 .debug_abbrev  0x00001304      0x2cb Drivers\STM32F4xx_HAL_Driver\Src\stm32f4xx_hal_rcc.o
 .debug_abbrev  0x000015cf      0x324 Drivers\STM32F4xx_HAL_Driver\Src\stm32f4xx_hal_tim.o
 .debug_abbrev  0x000018f3      0x29c Drivers\STM32F4xx_HAL_Driver\Src\stm32f4xx_hal_tim_ex.o
 .debug_abbrev  0x00001b8f      0x2fb Drivers\STM32F4xx_HAL_Driver\Src\stm32f4xx_hal_uart.o
 .debug_abbrev  0x00001e8a      0x213 Src\adc.o
 .debug_abbrev  0x0000209d      0x1af Src\gpio.o
 .debug_abbrev  0x0000224c      0x237 Src\hcsr04.o
 .debug_abbrev  0x00002483      0x20b Src\i2c.o
 .debug_abbrev  0x0000268e      0x2fe Src\main.o
 .debug_abbrev  0x0000298c      0x166 Src\stm32f4xx_hal_msp.o
 .debug_abbrev  0x00002af2      0x2b1 Src\stm32f4xx_it.o
 .debug_abbrev  0x00002da3      0x2d9 Src\syscalls.o
 .debug_abbrev  0x0000307c      0x10e Src\system_stm32f4xx.o
 .debug_abbrev  0x0000318a      0x217 Src\tim.o
 .debug_abbrev  0x000033a1      0x34b Src\tm_stm32_delay.o
 .debug_abbrev  0x000036ec      0x1da Src\tm_stm32f4_gpio.o
 .debug_abbrev  0x000038c6      0x33a Src\uart_queue.o
 .debug_abbrev  0x00003c00      0x240 Src\uart_test.o
 .debug_abbrev  0x00003e40      0x275 Src\usart.o
 .debug_abbrev  0x000040b5       0x12 startup\startup_stm32f407xx.o

.debug_loc      0x00000000     0xb120
 .debug_loc     0x00000000      0x11b Drivers\STM32F4xx_HAL_Driver\Src\stm32f4xx_hal.o
 .debug_loc     0x0000011b      0x7aa Drivers\STM32F4xx_HAL_Driver\Src\stm32f4xx_hal_adc.o
 .debug_loc     0x000008c5      0x7a8 Drivers\STM32F4xx_HAL_Driver\Src\stm32f4xx_hal_adc_ex.o
 .debug_loc     0x0000106d      0x4fb Drivers\STM32F4xx_HAL_Driver\Src\stm32f4xx_hal_cortex.o
 .debug_loc     0x00001568      0x727 Drivers\STM32F4xx_HAL_Driver\Src\stm32f4xx_hal_dma.o
 .debug_loc     0x00001c8f      0x36d Drivers\STM32F4xx_HAL_Driver\Src\stm32f4xx_hal_gpio.o
 .debug_loc     0x00001ffc     0x2f30 Drivers\STM32F4xx_HAL_Driver\Src\stm32f4xx_hal_i2c.o
 .debug_loc     0x00004f2c      0x336 Drivers\STM32F4xx_HAL_Driver\Src\stm32f4xx_hal_rcc.o
 .debug_loc     0x00005262     0x3009 Drivers\STM32F4xx_HAL_Driver\Src\stm32f4xx_hal_tim.o
 .debug_loc     0x0000826b      0xa7c Drivers\STM32F4xx_HAL_Driver\Src\stm32f4xx_hal_tim_ex.o
 .debug_loc     0x00008ce7     0x1335 Drivers\STM32F4xx_HAL_Driver\Src\stm32f4xx_hal_uart.o
 .debug_loc     0x0000a01c       0x58 Src\adc.o
 .debug_loc     0x0000a074      0x142 Src\hcsr04.o
 .debug_loc     0x0000a1b6       0x58 Src\i2c.o
 .debug_loc     0x0000a20e       0x59 Src\main.o
 .debug_loc     0x0000a267      0x3ef Src\syscalls.o
 .debug_loc     0x0000a656      0x11c Src\system_stm32f4xx.o
 .debug_loc     0x0000a772       0x9d Src\tim.o
 .debug_loc     0x0000a80f      0x216 Src\tm_stm32_delay.o
 .debug_loc     0x0000aa25      0x598 Src\tm_stm32f4_gpio.o
 .debug_loc     0x0000afbd       0xd9 Src\uart_queue.o
 .debug_loc     0x0000b096       0x8a Src\usart.o

.debug_aranges  0x00000000      0xf98
 .debug_aranges
                0x00000000       0xe8 Drivers\STM32F4xx_HAL_Driver\Src\stm32f4xx_hal.o
 .debug_aranges
                0x000000e8       0xb8 Drivers\STM32F4xx_HAL_Driver\Src\stm32f4xx_hal_adc.o
 .debug_aranges
                0x000001a0       0x90 Drivers\STM32F4xx_HAL_Driver\Src\stm32f4xx_hal_adc_ex.o
 .debug_aranges
                0x00000230       0xa8 Drivers\STM32F4xx_HAL_Driver\Src\stm32f4xx_hal_cortex.o
 .debug_aranges
                0x000002d8       0x80 Drivers\STM32F4xx_HAL_Driver\Src\stm32f4xx_hal_dma.o
 .debug_aranges
                0x00000358       0x58 Drivers\STM32F4xx_HAL_Driver\Src\stm32f4xx_hal_gpio.o
 .debug_aranges
                0x000003b0      0x1b0 Drivers\STM32F4xx_HAL_Driver\Src\stm32f4xx_hal_i2c.o
 .debug_aranges
                0x00000560       0x88 Drivers\STM32F4xx_HAL_Driver\Src\stm32f4xx_hal_rcc.o
 .debug_aranges
                0x000005e8      0x278 Drivers\STM32F4xx_HAL_Driver\Src\stm32f4xx_hal_tim.o
 .debug_aranges
                0x00000860       0xf8 Drivers\STM32F4xx_HAL_Driver\Src\stm32f4xx_hal_tim_ex.o
 .debug_aranges
                0x00000958      0x170 Drivers\STM32F4xx_HAL_Driver\Src\stm32f4xx_hal_uart.o
 .debug_aranges
                0x00000ac8       0x30 Src\adc.o
 .debug_aranges
                0x00000af8       0x20 Src\gpio.o
 .debug_aranges
                0x00000b18       0x30 Src\hcsr04.o
 .debug_aranges
                0x00000b48       0x30 Src\i2c.o
 .debug_aranges
                0x00000b78       0x40 Src\main.o
 .debug_aranges
                0x00000bb8       0x20 Src\stm32f4xx_hal_msp.o
 .debug_aranges
                0x00000bd8       0x90 Src\stm32f4xx_it.o
 .debug_aranges
                0x00000c68       0xb0 Src\syscalls.o
 .debug_aranges
                0x00000d18       0x28 Src\system_stm32f4xx.o
 .debug_aranges
                0x00000d40       0x40 Src\tim.o
 .debug_aranges
                0x00000d80       0x78 Src\tm_stm32_delay.o
 .debug_aranges
                0x00000df8       0x98 Src\tm_stm32f4_gpio.o
 .debug_aranges
                0x00000e90       0x88 Src\uart_queue.o
 .debug_aranges
                0x00000f18       0x20 Src\uart_test.o
 .debug_aranges
                0x00000f38       0x38 Src\usart.o
 .debug_aranges
                0x00000f70       0x28 startup\startup_stm32f407xx.o

.debug_ranges   0x00000000     0x1410
 .debug_ranges  0x00000000       0xd8 Drivers\STM32F4xx_HAL_Driver\Src\stm32f4xx_hal.o
 .debug_ranges  0x000000d8       0xc8 Drivers\STM32F4xx_HAL_Driver\Src\stm32f4xx_hal_adc.o
 .debug_ranges  0x000001a0       0x80 Drivers\STM32F4xx_HAL_Driver\Src\stm32f4xx_hal_adc_ex.o
 .debug_ranges  0x00000220      0x128 Drivers\STM32F4xx_HAL_Driver\Src\stm32f4xx_hal_cortex.o
 .debug_ranges  0x00000348       0xc8 Drivers\STM32F4xx_HAL_Driver\Src\stm32f4xx_hal_dma.o
 .debug_ranges  0x00000410       0x68 Drivers\STM32F4xx_HAL_Driver\Src\stm32f4xx_hal_gpio.o
 .debug_ranges  0x00000478      0x3d0 Drivers\STM32F4xx_HAL_Driver\Src\stm32f4xx_hal_i2c.o
 .debug_ranges  0x00000848       0xb0 Drivers\STM32F4xx_HAL_Driver\Src\stm32f4xx_hal_rcc.o
 .debug_ranges  0x000008f8      0x340 Drivers\STM32F4xx_HAL_Driver\Src\stm32f4xx_hal_tim.o
 .debug_ranges  0x00000c38       0xe8 Drivers\STM32F4xx_HAL_Driver\Src\stm32f4xx_hal_tim_ex.o
 .debug_ranges  0x00000d20      0x178 Drivers\STM32F4xx_HAL_Driver\Src\stm32f4xx_hal_uart.o
 .debug_ranges  0x00000e98       0x38 Src\adc.o
 .debug_ranges  0x00000ed0       0x40 Src\gpio.o
 .debug_ranges  0x00000f10       0x20 Src\hcsr04.o
 .debug_ranges  0x00000f30       0x58 Src\i2c.o
 .debug_ranges  0x00000f88       0x30 Src\main.o
 .debug_ranges  0x00000fb8       0x28 Src\stm32f4xx_hal_msp.o
 .debug_ranges  0x00000fe0       0x80 Src\stm32f4xx_it.o
 .debug_ranges  0x00001060       0xa0 Src\syscalls.o
 .debug_ranges  0x00001100       0x18 Src\system_stm32f4xx.o
 .debug_ranges  0x00001118       0x98 Src\tim.o
 .debug_ranges  0x000011b0       0x68 Src\tm_stm32_delay.o
 .debug_ranges  0x00001218       0xc8 Src\tm_stm32f4_gpio.o
 .debug_ranges  0x000012e0       0xa8 Src\uart_queue.o
 .debug_ranges  0x00001388       0x10 Src\uart_test.o
 .debug_ranges  0x00001398       0x58 Src\usart.o
 .debug_ranges  0x000013f0       0x20 startup\startup_stm32f407xx.o

.debug_line     0x00000000     0x8f18
 .debug_line    0x00000000      0x3e3 Drivers\STM32F4xx_HAL_Driver\Src\stm32f4xx_hal.o
 .debug_line    0x000003e3      0x6e4 Drivers\STM32F4xx_HAL_Driver\Src\stm32f4xx_hal_adc.o
 .debug_line    0x00000ac7      0x561 Drivers\STM32F4xx_HAL_Driver\Src\stm32f4xx_hal_adc_ex.o
 .debug_line    0x00001028      0x41e Drivers\STM32F4xx_HAL_Driver\Src\stm32f4xx_hal_cortex.o
 .debug_line    0x00001446      0x537 Drivers\STM32F4xx_HAL_Driver\Src\stm32f4xx_hal_dma.o
 .debug_line    0x0000197d      0x3ac Drivers\STM32F4xx_HAL_Driver\Src\stm32f4xx_hal_gpio.o
 .debug_line    0x00001d29     0x1bb9 Drivers\STM32F4xx_HAL_Driver\Src\stm32f4xx_hal_i2c.o
 .debug_line    0x000038e2      0x4bc Drivers\STM32F4xx_HAL_Driver\Src\stm32f4xx_hal_rcc.o
 .debug_line    0x00003d9e     0x114b Drivers\STM32F4xx_HAL_Driver\Src\stm32f4xx_hal_tim.o
 .debug_line    0x00004ee9      0x645 Drivers\STM32F4xx_HAL_Driver\Src\stm32f4xx_hal_tim_ex.o
 .debug_line    0x0000552e      0xb3e Drivers\STM32F4xx_HAL_Driver\Src\stm32f4xx_hal_uart.o
 .debug_line    0x0000606c      0x28a Src\adc.o
 .debug_line    0x000062f6      0x203 Src\gpio.o
 .debug_line    0x000064f9      0x2f4 Src\hcsr04.o
 .debug_line    0x000067ed      0x26b Src\i2c.o
 .debug_line    0x00006a58      0x4d2 Src\main.o
 .debug_line    0x00006f2a      0x1cb Src\stm32f4xx_hal_msp.o
 .debug_line    0x000070f5      0x44d Src\stm32f4xx_it.o
 .debug_line    0x00007542      0x34b Src\syscalls.o
 .debug_line    0x0000788d      0x1a6 Src\system_stm32f4xx.o
 .debug_line    0x00007a33      0x322 Src\tim.o
 .debug_line    0x00007d55      0x3a9 Src\tm_stm32_delay.o
 .debug_line    0x000080fe      0x357 Src\tm_stm32f4_gpio.o
 .debug_line    0x00008455      0x3f6 Src\uart_queue.o
 .debug_line    0x0000884b      0x32a Src\uart_test.o
 .debug_line    0x00008b75      0x324 Src\usart.o
 .debug_line    0x00008e99       0x7f startup\startup_stm32f407xx.o

.debug_str      0x00000000     0x5b15
 .debug_str     0x00000000      0xb31 Drivers\STM32F4xx_HAL_Driver\Src\stm32f4xx_hal.o
                                0xb9f (size before relaxing)
 .debug_str     0x00000b31      0x690 Drivers\STM32F4xx_HAL_Driver\Src\stm32f4xx_hal_adc.o
                                0x993 (size before relaxing)
 .debug_str     0x000011c1      0x2df Drivers\STM32F4xx_HAL_Driver\Src\stm32f4xx_hal_adc_ex.o
                                0x9f6 (size before relaxing)
 .debug_str     0x000014a0      0x4a1 Drivers\STM32F4xx_HAL_Driver\Src\stm32f4xx_hal_cortex.o
                                0xc6a (size before relaxing)
 .debug_str     0x00001941      0x2ef Drivers\STM32F4xx_HAL_Driver\Src\stm32f4xx_hal_dma.o
                                0x7b6 (size before relaxing)
 .debug_str     0x00001c30      0x1b4 Drivers\STM32F4xx_HAL_Driver\Src\stm32f4xx_hal_gpio.o
                                0x530 (size before relaxing)
 .debug_str     0x00001de4      0xae9 Drivers\STM32F4xx_HAL_Driver\Src\stm32f4xx_hal_i2c.o
                               0x103d (size before relaxing)
 .debug_str     0x000028cd      0x2c9 Drivers\STM32F4xx_HAL_Driver\Src\stm32f4xx_hal_rcc.o
                                0x703 (size before relaxing)
 .debug_str     0x00002b96      0xfd9 Drivers\STM32F4xx_HAL_Driver\Src\stm32f4xx_hal_tim.o
                               0x150d (size before relaxing)
 .debug_str     0x00003b6f      0x548 Drivers\STM32F4xx_HAL_Driver\Src\stm32f4xx_hal_tim_ex.o
                                0xd25 (size before relaxing)
 .debug_str     0x000040b7      0x6bb Drivers\STM32F4xx_HAL_Driver\Src\stm32f4xx_hal_uart.o
                                0xc58 (size before relaxing)
 .debug_str     0x00004772       0x44 Src\adc.o
                                0xd6e (size before relaxing)
 .debug_str     0x000047b6       0x1b Src\gpio.o
                                0x8eb (size before relaxing)
 .debug_str     0x000047d1      0x5ff Src\hcsr04.o
                                0x8e3 (size before relaxing)
 .debug_str     0x00004dd0       0x2a Src\i2c.o
                                0xe2d (size before relaxing)
 .debug_str     0x00004dfa      0x13e Src\main.o
                               0x158a (size before relaxing)
 .debug_str     0x00004f38       0x1b Src\stm32f4xx_hal_msp.o
                                0x833 (size before relaxing)
 .debug_str     0x00004f53      0x1cd Src\stm32f4xx_it.o
                               0x1334 (size before relaxing)