stm32f4xx_it.c:76:6:NMI_Handler	0	static
stm32f4xx_it.c:89:6:HardFault_Handler	0	static
stm32f4xx_it.c:104:6:MemManage_Handler	0	static
stm32f4xx_it.c:119:6:BusFault_Handler	0	static
stm32f4xx_it.c:134:6:UsageFault_Handler	0	static
stm32f4xx_it.c:149:6:SVC_Handler	0	static
stm32f4xx_it.c:162:6:DebugMon_Handler	0	static
stm32f4xx_it.c:175:6:PendSV_Handler	0	static
stm32f4xx_it.c:188:6:SysTick_Handler	0	static
stm32f4xx_it.c:209:6:RCC_IRQHandler	0	static
stm32f4xx_it.c:222:6:ADC_IRQHandler	0	static
stm32f4xx_it.c:236:6:EXTI9_5_IRQHandler	8	static
stm32f4xx_it.c:292:6:TIM1_CC_IRQHandler	0	static
stm32f4xx_it.c:278:6:TIM1_TRG_COM_TIM11_IRQHandler	0	static
stm32f4xx_it.c:264:6:TIM1_UP_TIM10_IRQHandler	0	static
stm32f4xx_it.c:250:6:TIM1_BRK_TIM9_IRQHandler	0	static
stm32f4xx_it.c:306:6:TIM4_IRQHandler	0	static
stm32f4xx_it.c:320:6:I2C1_EV_IRQHandler	0	static
stm32f4xx_it.c:334:6:I2C1_ER_IRQHandler	0	static
stm32f4xx_it.c:348:6:USART1_IRQHandler	8	static
stm32f4xx_it.c:366:6:EXTI15_10_IRQHandler	8	static
stm32f4xx_it.c:380:6:USART6_IRQHandler	8	static
