uart_queue.c:14:22:uart_queue_increase_point_value	0	static
uart_queue.c:42:6:UartQueue_Serial_Initialize	0	static
uart_queue.c:47:10:UartQueue_Serial_Is_Empty	0	static
uart_queue.c:56:6:UartQueue_Serial_EnQueue	0	static
uart_queue.c:61:6:print_que	24	static
uart_queue.c:72:10:UartQueue_Serial_DeQueue	8	static
uart_queue.c:85:6:Uart_6_Queue_Comm_Initialize	0	static
uart_queue.c:90:10:Uart_6_Queue_Comm_Is_Empty	0	static
uart_queue.c:99:6:Uart_6_Queue_Comm_EnQueue	0	static
uart_queue.c:105:10:Uart_6_Queue_Comm_DeQueue	8	static
uart_queue.c:120:6:EventQueue_Initialize	0	static
uart_queue.c:125:10:EventQueue_Is_Empty	0	static
uart_queue.c:134:6:EventQueue_EnQueue	8	static
uart_queue.c:141:19:EventQueue_DeQueue	12	static
