Archive member included to satisfy reference by file (symbol)

d:/truestudio for stm32 9.3.0/armtools/bin/../lib/gcc/arm-atollic-eabi/6.3.1/../../../../arm-atollic-eabi/lib/armv7e-m/fpu\libc_nano.a(lib_a-errno.o)
                              Src\syscalls.o (__errno)
d:/truestudio for stm32 9.3.0/armtools/bin/../lib/gcc/arm-atollic-eabi/6.3.1/../../../../arm-atollic-eabi/lib/armv7e-m/fpu\libc_nano.a(lib_a-impure.o)
                              d:/truestudio for stm32 9.3.0/armtools/bin/../lib/gcc/arm-atollic-eabi/6.3.1/../../../../arm-atollic-eabi/lib/armv7e-m/fpu\libc_nano.a(lib_a-errno.o) (_impure_ptr)
d:/truestudio for stm32 9.3.0/armtools/bin/../lib/gcc/arm-atollic-eabi/6.3.1/../../../../arm-atollic-eabi/lib/armv7e-m/fpu\libc_nano.a(lib_a-init.o)
                              startup\startup_stm32f407xx.o (__libc_init_array)
d:/truestudio for stm32 9.3.0/armtools/bin/../lib/gcc/arm-atollic-eabi/6.3.1/../../../../arm-atollic-eabi/lib/armv7e-m/fpu\libc_nano.a(lib_a-memset.o)
                              Src\adc.o (memset)
d:/truestudio for stm32 9.3.0/armtools/bin/../lib/gcc/arm-atollic-eabi/6.3.1/../../../../arm-atollic-eabi/lib/armv7e-m/fpu\libc_nano.a(lib_a-nano-vfprintf_float.o)
                              (_printf_float)
d:/truestudio for stm32 9.3.0/armtools/bin/../lib/gcc/arm-atollic-eabi/6.3.1/../../../../arm-atollic-eabi/lib/armv7e-m/fpu\libc_nano.a(lib_a-nano-vfprintf_i.o)
                              d:/truestudio for stm32 9.3.0/armtools/bin/../lib/gcc/arm-atollic-eabi/6.3.1/../../../../arm-atollic-eabi/lib/armv7e-m/fpu\libc_nano.a(lib_a-nano-vfprintf_float.o) (_printf_common)
d:/truestudio for stm32 9.3.0/armtools/bin/../lib/gcc/arm-atollic-eabi/6.3.1/../../../../arm-atollic-eabi/lib/armv7e-m/fpu\libc_nano.a(lib_a-printf.o)
                              Src\main.o (printf)
d:/truestudio for stm32 9.3.0/armtools/bin/../lib/gcc/arm-atollic-eabi/6.3.1/../../../../arm-atollic-eabi/lib/armv7e-m/fpu\libc_nano.a(lib_a-puts.o)
                              Src\main.o (puts)
d:/truestudio for stm32 9.3.0/armtools/bin/../lib/gcc/arm-atollic-eabi/6.3.1/../../../../arm-atollic-eabi/lib/armv7e-m/fpu\libc_nano.a(lib_a-strlen.o)
                              d:/truestudio for stm32 9.3.0/armtools/bin/../lib/gcc/arm-atollic-eabi/6.3.1/../../../../arm-atollic-eabi/lib/armv7e-m/fpu\libc_nano.a(lib_a-nano-vfprintf_float.o) (strlen)
d:/truestudio for stm32 9.3.0/armtools/bin/../lib/gcc/arm-atollic-eabi/6.3.1/../../../../arm-atollic-eabi/lib/armv7e-m/fpu\libc_nano.a(lib_a-wbuf.o)
                              d:/truestudio for stm32 9.3.0/armtools/bin/../lib/gcc/arm-atollic-eabi/6.3.1/../../../../arm-atollic-eabi/lib/armv7e-m/fpu\libc_nano.a(lib_a-puts.o) (__swbuf_r)
d:/truestudio for stm32 9.3.0/armtools/bin/../lib/gcc/arm-atollic-eabi/6.3.1/../../../../arm-atollic-eabi/lib/armv7e-m/fpu\libc_nano.a(lib_a-wsetup.o)
                              d:/truestudio for stm32 9.3.0/armtools/bin/../lib/gcc/arm-atollic-eabi/6.3.1/../../../../arm-atollic-eabi/lib/armv7e-m/fpu\libc_nano.a(lib_a-puts.o) (__swsetup_r)
d:/truestudio for stm32 9.3.0/armtools/bin/../lib/gcc/arm-atollic-eabi/6.3.1/../../../../arm-atollic-eabi/lib/armv7e-m/fpu\libc_nano.a(lib_a-dtoa.o)
                              d:/truestudio for stm32 9.3.0/armtools/bin/../lib/gcc/arm-atollic-eabi/6.3.1/../../../../arm-atollic-eabi/lib/armv7e-m/fpu\libc_nano.a(lib_a-nano-vfprintf_float.o) (_dtoa_r)
d:/truestudio for stm32 9.3.0/armtools/bin/../lib/gcc/arm-atollic-eabi/6.3.1/../../../../arm-atollic-eabi/lib/armv7e-m/fpu\libc_nano.a(lib_a-fflush.o)
                              d:/truestudio for stm32 9.3.0/armtools/bin/../lib/gcc/arm-atollic-eabi/6.3.1/../../../../arm-atollic-eabi/lib/armv7e-m/fpu\libc_nano.a(lib_a-wbuf.o) (_fflush_r)
d:/truestudio for stm32 9.3.0/armtools/bin/../lib/gcc/arm-atollic-eabi/6.3.1/../../../../arm-atollic-eabi/lib/armv7e-m/fpu\libc_nano.a(lib_a-findfp.o)
                              d:/truestudio for stm32 9.3.0/armtools/bin/../lib/gcc/arm-atollic-eabi/6.3.1/../../../../arm-atollic-eabi/lib/armv7e-m/fpu\libc_nano.a(lib_a-printf.o) (__sinit)
d:/truestudio for stm32 9.3.0/armtools/bin/../lib/gcc/arm-atollic-eabi/6.3.1/../../../../arm-atollic-eabi/lib/armv7e-m/fpu\libc_nano.a(lib_a-fwalk.o)
                              d:/truestudio for stm32 9.3.0/armtools/bin/../lib/gcc/arm-atollic-eabi/6.3.1/../../../../arm-atollic-eabi/lib/armv7e-m/fpu\libc_nano.a(lib_a-findfp.o) (_fwalk)
d:/truestudio for stm32 9.3.0/armtools/bin/../lib/gcc/arm-atollic-eabi/6.3.1/../../../../arm-atollic-eabi/lib/armv7e-m/fpu\libc_nano.a(lib_a-localeconv.o)
                              d:/truestudio for stm32 9.3.0/armtools/bin/../lib/gcc/arm-atollic-eabi/6.3.1/../../../../arm-atollic-eabi/lib/armv7e-m/fpu\libc_nano.a(lib_a-nano-vfprintf_float.o) (_localeconv_r)
d:/truestudio for stm32 9.3.0/armtools/bin/../lib/gcc/arm-atollic-eabi/6.3.1/../../../../arm-atollic-eabi/lib/armv7e-m/fpu\libc_nano.a(lib_a-makebuf.o)
[...]
Memory Configuration

Name             Origin             Length             Attributes
RAM              0x20000000         0x00020000         xrw
CCMRAM           0x10000000         0x00010000         rw
FLASH            0x08000000         0x00080000         xr
*default*        0x00000000         0xffffffff

Linker script and memory map

LOAD d:/truestudio for stm32 9.3.0/armtools/bin/../lib/gcc/arm-atollic-eabi/6.3.1/armv7e-m/fpu/crti.o
LOAD d:/truestudio for stm32 9.3.0/armtools/bin/../lib/gcc/arm-atollic-eabi/6.3.1/armv7e-m/fpu/crtbegin.o
LOAD Drivers\STM32F4xx_HAL_Driver\Src\stm32f4xx_hal.o
LOAD Drivers\STM32F4xx_HAL_Driver\Src\stm32f4xx_hal_adc.o
LOAD Drivers\STM32F4xx_HAL_Driver\Src\stm32f4xx_hal_adc_ex.o
LOAD Drivers\STM32F4xx_HAL_Driver\Src\stm32f4xx_hal_cortex.o
LOAD Drivers\STM32F4xx_HAL_Driver\Src\stm32f4xx_hal_dma.o
LOAD Drivers\STM32F4xx_HAL_Driver\Src\stm32f4xx_hal_dma_ex.o
LOAD Drivers\STM32F4xx_HAL_Driver\Src\stm32f4xx_hal_exti.o
LOAD Drivers\STM32F4xx_HAL_Driver\Src\stm32f4xx_hal_flash.o
LOAD Drivers\STM32F4xx_HAL_Driver\Src\stm32f4xx_hal_flash_ex.o
LOAD Drivers\STM32F4xx_HAL_Driver\Src\stm32f4xx_hal_flash_ramfunc.o
LOAD Drivers\STM32F4xx_HAL_Driver\Src\stm32f4xx_hal_gpio.o
LOAD Drivers\STM32F4xx_HAL_Driver\Src\stm32f4xx_hal_i2c.o
LOAD Drivers\STM32F4xx_HAL_Driver\Src\stm32f4xx_hal_i2c_ex.o
LOAD Drivers\STM32F4xx_HAL_Driver\Src\stm32f4xx_hal_pwr.o
LOAD Drivers\STM32F4xx_HAL_Driver\Src\stm32f4xx_hal_pwr_ex.o
LOAD Drivers\STM32F4xx_HAL_Driver\Src\stm32f4xx_hal_rcc.o
LOAD Drivers\STM32F4xx_HAL_Driver\Src\stm32f4xx_hal_rcc_ex.o
LOAD Drivers\STM32F4xx_HAL_Driver\Src\stm32f4xx_hal_tim.o
LOAD Drivers\STM32F4xx_HAL_Driver\Src\stm32f4xx_hal_tim_ex.o
LOAD Drivers\STM32F4xx_HAL_Driver\Src\stm32f4xx_hal_uart.o
LOAD Src\I2C_1.o
LOAD Src\MPU9250.o
LOAD Src\adc.o
LOAD Src\dma.o
LOAD Src\gpio.o
LOAD Src\i2c.o
LOAD Src\main.o
LOAD Src\stm32f4xx_hal_msp.o
LOAD Src\stm32f4xx_it.o
LOAD Src\syscalls.o
LOAD Src\system_stm32f4xx.o
LOAD Src\tim.o
LOAD Src\tm_stm32_ahrs_imu.o
LOAD Src\usart.o
LOAD startup\startup_stm32f407xx.o
                0x00000080                malloc_getpagesize_P = 0x80
START GROUP
LOAD d:/truestudio for stm32 9.3.0/armtools/bin/../lib/gcc/arm-atollic-eabi/6.3.1/../../../../arm-atollic-eabi/lib/armv7e-m/fpu\libc_nano.a
LOAD d:/truestudio for stm32 9.3.0/armtools/bin/../lib/gcc/arm-atollic-eabi/6.3.1/../../../../arm-atollic-eabi/lib/armv7e-m/fpu\libm.a
END GROUP
START GROUP
LOAD d:/truestudio for stm32 9.3.0/armtools/bin/../lib/gcc/arm-atollic-eabi/6.3.1/armv7e-m/fpu\libgcc.a
LOAD d:/truestudio for stm32 9.3.0/armtools/bin/../lib/gcc/arm-atollic-eabi/6.3.1/../../../../arm-atollic-eabi/lib/armv7e-m/fpu\libc_nano.a
END GROUP
START GROUP
LOAD d:/truestudio for stm32 9.3.0/armtools/bin/../lib/gcc/arm-atollic-eabi/6.3.1/armv7e-m/fpu\libgcc.a
LOAD d:/truestudio for stm32 9.3.0/armtools/bin/../lib/gcc/arm-atollic-eabi/6.3.1/../../../../arm-atollic-eabi/lib/armv7e-m/fpu\libc_nano.a
LOAD d:/truestudio for stm32 9.3.0/armtools/bin/../lib/gcc/arm-atollic-eabi/6.3.1/../../../../arm-atollic-eabi/lib/armv7e-m/fpu\libnosys.a
END GROUP
START GROUP
LOAD d:/truestudio for stm32 9.3.0/armtools/bin/../lib/gcc/arm-atollic-eabi/6.3.1/armv7e-m/fpu\libgcc.a
LOAD d:/truestudio for stm32 9.3.0/armtools/bin/../lib/gcc/arm-atollic-eabi/6.3.1/../../../../arm-atollic-eabi/lib/armv7e-m/fpu\libc_nano.a
LOAD d:/truestudio for stm32 9.3.0/armtools/bin/../lib/gcc/arm-atollic-eabi/6.3.1/../../../../arm-atollic-eabi/lib/armv7e-m/fpu\libnosys.a
END GROUP
LOAD d:/truestudio for stm32 9.3.0/armtools/bin/../lib/gcc/arm-atollic-eabi/6.3.1/armv7e-m/fpu/crtend.o
LOAD d:/truestudio for stm32 9.3.0/armtools/bin/../lib/gcc/arm-atollic-eabi/6.3.1/armv7e-m/fpu/crtn.o
                0x20020000                _estack = 0x20020000
                0x00000200                _Min_Heap_Size = 0x200
                0x00000400                _Min_Stack_Size = 0x400

.isr_vector     0x08000000      0x188
                0x08000000                . = ALIGN (0x4)
 *(.isr_vector)
 .isr_vector    0x08000000      0x188 startup\startup_stm32f407xx.o
                0x08000000                g_pfnVectors
                0x08000188                . = ALIGN (0x4)

.text           0x08000190     0x8380
                0x08000190                . = ALIGN (0x4)
 *(.text)
 .text          0x08000190       0x40 d:/truestudio for stm32 9.3.0/armtools/bin/../lib/gcc/arm-atollic-eabi/6.3.1/armv7e-m/fpu/crtbegin.o
 .text          0x080001d0       0x10 d:/truestudio for stm32 9.3.0/armtools/bin/../lib/gcc/arm-atollic-eabi/6.3.1/../../../../arm-atollic-eabi/lib/armv7e-m/fpu\libc_nano.a(lib_a-strlen.o)
                0x080001d0                strlen
 .text          0x080001e0       0xa0 d:/truestudio for stm32 9.3.0/armtools/bin/../lib/gcc/arm-atollic-eabi/6.3.1/../../../../arm-atollic-eabi/lib/armv7e-m/fpu\libc_nano.a(lib_a-memchr.o)
                0x080001e0                memchr
 .text          0x08000280      0x370 d:/truestudio for stm32 9.3.0/armtools/bin/../lib/gcc/arm-atollic-eabi/6.3.1/armv7e-m/fpu\libgcc.a(_arm_addsubdf3.o)
                0x08000280                __aeabi_drsub
                0x08000288                __aeabi_dsub
                0x08000288                __subdf3
                0x0800028c                __aeabi_dadd
                0x0800028c                __adddf3
                0x08000504                __floatunsidf
                0x08000504                __aeabi_ui2d
                0x08000524                __floatsidf
                0x08000524                __aeabi_i2d
                0x08000548                __aeabi_f2d
                0x08000548                __extendsfdf2
                0x08000584                __floatundidf
                0x08000584                __aeabi_ul2d
                0x08000594                __floatdidf
                0x08000594                __aeabi_l2d
 .text          0x080005f0      0x424 d:/truestudio for stm32 9.3.0/armtools/bin/../lib/gcc/arm-atollic-eabi/6.3.1/armv7e-m/fpu\libgcc.a(_arm_muldivdf3.o)
                0x080005f0                __aeabi_dmul
                0x080005f0                __muldf3
                0x08000844                __divdf3
                0x08000844                __aeabi_ddiv
 .text          0x08000a14      0x110 d:/truestudio for stm32 9.3.0/armtools/bin/../lib/gcc/arm-atollic-eabi/6.3.1/armv7e-m/fpu\libgcc.a(_arm_cmpdf2.o)
                0x08000a14                __gtdf2
                0x08000a14                __gedf2
                0x08000a1c                __ltdf2
                0x08000a1c                __ledf2
                0x08000a24                __nedf2
                0x08000a24                __eqdf2
                0x08000a24                __cmpdf2
                0x08000aa0                __aeabi_cdrcmple
                0x08000ab0                __aeabi_cdcmpeq
                0x08000ab0                __aeabi_cdcmple
                0x08000ac0                __aeabi_dcmpeq
                0x08000ad4                __aeabi_dcmplt
                0x08000ae8                __aeabi_dcmple
                0x08000afc                __aeabi_dcmpge
                0x08000b10                __aeabi_dcmpgt
 .text          0x08000b24       0x2c d:/truestudio for stm32 9.3.0/armtools/bin/../lib/gcc/arm-atollic-eabi/6.3.1/armv7e-m/fpu\libgcc.a(_arm_unorddf2.o)
                0x08000b24                __unorddf2
                0x08000b24                __aeabi_dcmpun
 .text          0x08000b50       0x50 d:/truestudio for stm32 9.3.0/armtools/bin/../lib/gcc/arm-atollic-eabi/6.3.1/armv7e-m/fpu\libgcc.a(_arm_fixdfsi.o)
                0x08000b50                __aeabi_d2iz
                0x08000b50                __fixdfsi
 .text          0x08000ba0       0xa0 d:/truestudio for stm32 9.3.0/armtools/bin/../lib/gcc/arm-atollic-eabi/6.3.1/armv7e-m/fpu\libgcc.a(_arm_truncdfsf2.o)
                0x08000ba0                __truncdfsf2
                0x08000ba0                __aeabi_d2f
 .text          0x08000c40       0x30 d:/truestudio for stm32 9.3.0/armtools/bin/../lib/gcc/arm-atollic-eabi/6.3.1/armv7e-m/fpu\libgcc.a(_aeabi_uldivmod.o)
                0x08000c40                __aeabi_uldivmod
 .text          0x08000c70      0x2dc d:/truestudio for stm32 9.3.0/armtools/bin/../lib/gcc/arm-atollic-eabi/6.3.1/armv7e-m/fpu\libgcc.a(_udivmoddi4.o)
                0x08000c70                __udivmoddi4
 .text          0x08000f4c        0x4 d:/truestudio for stm32 9.3.0/armtools/bin/../lib/gcc/arm-atollic-eabi/6.3.1/armv7e-m/fpu\libgcc.a(_dvmd_tls.o)
                0x08000f4c                __aeabi_idiv0
                0x08000f4c                __aeabi_ldiv0
 *(.text*)
 .text.HAL_InitTick
                0x08000f50       0x48 Drivers\STM32F4xx_HAL_Driver\Src\stm32f4xx_hal.o
                0x08000f50                HAL_InitTick
 .text.HAL_Init
                0x08000f98       0x34 Drivers\STM32F4xx_HAL_Driver\Src\stm32f4xx_hal.o
                0x08000f98                HAL_Init
 .text.HAL_IncTick
                0x08000fcc       0x18 Drivers\STM32F4xx_HAL_Driver\Src\stm32f4xx_hal.o
                0x08000fcc                HAL_IncTick
 .text.HAL_GetTick
                0x08000fe4        0xc Drivers\STM32F4xx_HAL_Driver\Src\stm32f4xx_hal.o
                0x08000fe4                HAL_GetTick
 .text.HAL_ADC_Init
                0x08000ff0      0x14c Drivers\STM32F4xx_HAL_Driver\Src\stm32f4xx_hal_adc.o
                0x08000ff0                HAL_ADC_Init
 .text.HAL_ADC_Start_IT
                0x0800113c       0xf8 Drivers\STM32F4xx_HAL_Driver\Src\stm32f4xx_hal_adc.o
                0x0800113c                HAL_ADC_Start_IT
 .text.HAL_ADC_LevelOutOfWindowCallback
                0x08001234        0x2 Drivers\STM32F4xx_HAL_Driver\Src\stm32f4xx_hal_adc.o
                0x08001234                HAL_ADC_LevelOutOfWindowCallback
 .text.HAL_ADC_ErrorCallback
                0x08001236        0x2 Drivers\STM32F4xx_HAL_Driver\Src\stm32f4xx_hal_adc.o
                0x08001236                HAL_ADC_ErrorCallback
 .text.HAL_ADC_IRQHandler
                0x08001238      0x128 Drivers\STM32F4xx_HAL_Driver\Src\stm32f4xx_hal_adc.o
                0x08001238                HAL_ADC_IRQHandler
 .text.HAL_ADC_ConfigChannel
                0x08001360      0x12c Drivers\STM32F4xx_HAL_Driver\Src\stm32f4xx_hal_adc.o
                0x08001360                HAL_ADC_ConfigChannel
 .text.HAL_ADCEx_InjectedConvCpltCallback
                0x0800148c        0x2 Drivers\STM32F4xx_HAL_Driver\Src\stm32f4xx_hal_adc_ex.o
                0x0800148c                HAL_ADCEx_InjectedConvCpltCallback
 *fill*         0x0800148e        0x2 
 .text.HAL_NVIC_SetPriorityGrouping
                0x08001490       0x24 Drivers\STM32F4xx_HAL_Driver\Src\stm32f4xx_hal_cortex.o
                0x08001490                HAL_NVIC_SetPriorityGrouping
 .text.HAL_NVIC_SetPriority
                0x080014b4       0x68 Drivers\STM32F4xx_HAL_Driver\Src\stm32f4xx_hal_cortex.o
                0x080014b4                HAL_NVIC_SetPriority
 .text.HAL_NVIC_EnableIRQ
                0x0800151c       0x1c Drivers\STM32F4xx_HAL_Driver\Src\stm32f4xx_hal_cortex.o
                0x0800151c                HAL_NVIC_EnableIRQ
 .text.HAL_SYSTICK_Config
                0x08001538       0x2c Drivers\STM32F4xx_HAL_Driver\Src\stm32f4xx_hal_cortex.o
                0x08001538                HAL_SYSTICK_Config
 .text.DMA_CalcBaseAndBitshift
                0x08001564       0x2c Drivers\STM32F4xx_HAL_Driver\Src\stm32f4xx_hal_dma.o
 .text.HAL_DMA_Init
                0x08001590       0xfc Drivers\STM32F4xx_HAL_Driver\Src\stm32f4xx_hal_dma.o
                0x08001590                HAL_DMA_Init
 .text.HAL_DMA_Abort_IT
                0x0800168c       0x24 Drivers\STM32F4xx_HAL_Driver\Src\stm32f4xx_hal_dma.o
                0x0800168c                HAL_DMA_Abort_IT
 .text.HAL_DMA_IRQHandler
                0x080016b0      0x174 Drivers\STM32F4xx_HAL_Driver\Src\stm32f4xx_hal_dma.o
                0x080016b0                HAL_DMA_IRQHandler
 .text.HAL_DMA_GetState
                0x08001824        0x6 Drivers\STM32F4xx_HAL_Driver\Src\stm32f4xx_hal_dma.o
                0x08001824                HAL_DMA_GetState
 *fill*         0x0800182a        0x2 
 .text.HAL_GPIO_Init
                0x0800182c      0x1c0 Drivers\STM32F4xx_HAL_Driver\Src\stm32f4xx_hal_gpio.o
                0x0800182c                HAL_GPIO_Init
 .text.HAL_GPIO_WritePin
                0x080019ec        0xa Drivers\STM32F4xx_HAL_Driver\Src\stm32f4xx_hal_gpio.o
                0x080019ec                HAL_GPIO_WritePin
 .text.I2C_IsAcknowledgeFailed
                0x080019f6       0x34 Drivers\STM32F4xx_HAL_Driver\Src\stm32f4xx_hal_i2c.o
 .text.I2C_WaitOnMasterAddressFlagUntilTimeout
                0x08001a2a       0x8a Drivers\STM32F4xx_HAL_Driver\Src\stm32f4xx_hal_i2c.o
 .text.I2C_WaitOnBTFFlagUntilTimeout
                0x08001ab4       0x4c Drivers\STM32F4xx_HAL_Driver\Src\stm32f4xx_hal_i2c.o
 .text.I2C_WaitOnRXNEFlagUntilTimeout
                0x08001b00       0x5e Drivers\STM32F4xx_HAL_Driver\Src\stm32f4xx_hal_i2c.o
 .text.I2C_WaitOnFlagUntilTimeout
                0x08001b5e       0x64 Drivers\STM32F4xx_HAL_Driver\Src\stm32f4xx_hal_i2c.o
 .text.I2C_WaitOnTXEFlagUntilTimeout
                0x08001bc2       0x4c Drivers\STM32F4xx_HAL_Driver\Src\stm32f4xx_hal_i2c.o
 *fill*         0x08001c0e        0x2 
 .text.HAL_I2C_Init
                0x08001c10      0x148 Drivers\STM32F4xx_HAL_Driver\Src\stm32f4xx_hal_i2c.o
                0x08001c10                HAL_I2C_Init
 .text.HAL_I2C_Master_Transmit
                0x08001d58      0x19c Drivers\STM32F4xx_HAL_Driver\Src\stm32f4xx_hal_i2c.o
                0x08001d58                HAL_I2C_Master_Transmit
 .text.HAL_I2C_Master_Receive
                0x08001ef4      0x2dc Drivers\STM32F4xx_HAL_Driver\Src\stm32f4xx_hal_i2c.o
                0x08001ef4                HAL_I2C_Master_Receive
 .text.HAL_I2C_MasterTxCpltCallback
                0x080021d0        0x2 Drivers\STM32F4xx_HAL_Driver\Src\stm32f4xx_hal_i2c.o
                0x080021d0                HAL_I2C_MasterTxCpltCallback
 .text.HAL_I2C_MasterRxCpltCallback
                0x080021d2        0x2 Drivers\STM32F4xx_HAL_Driver\Src\stm32f4xx_hal_i2c.o
                0x080021d2                HAL_I2C_MasterRxCpltCallback
 .text.HAL_I2C_SlaveTxCpltCallback
                0x080021d4        0x2 Drivers\STM32F4xx_HAL_Driver\Src\stm32f4xx_hal_i2c.o
                0x080021d4                HAL_I2C_SlaveTxCpltCallback
 .text.HAL_I2C_SlaveRxCpltCallback
                0x080021d6        0x2 Drivers\STM32F4xx_HAL_Driver\Src\stm32f4xx_hal_i2c.o
                0x080021d6                HAL_I2C_SlaveRxCpltCallback
 .text.HAL_I2C_AddrCallback
                0x080021d8        0x2 Drivers\STM32F4xx_HAL_Driver\Src\stm32f4xx_hal_i2c.o
                0x080021d8                HAL_I2C_AddrCallback
 .text.HAL_I2C_ListenCpltCallback
                0x080021da        0x2 Drivers\STM32F4xx_HAL_Driver\Src\stm32f4xx_hal_i2c.o
                0x080021da                HAL_I2C_ListenCpltCallback
 .text.HAL_I2C_MemTxCpltCallback
                0x080021dc        0x2 Drivers\STM32F4xx_HAL_Driver\Src\stm32f4xx_hal_i2c.o
                0x080021dc                HAL_I2C_MemTxCpltCallback
 .text.HAL_I2C_MemRxCpltCallback
                0x080021de        0x2 Drivers\STM32F4xx_HAL_Driver\Src\stm32f4xx_hal_i2c.o
                0x080021de                HAL_I2C_MemRxCpltCallback
 .text.HAL_I2C_ErrorCallback
                0x080021e0        0x2 Drivers\STM32F4xx_HAL_Driver\Src\stm32f4xx_hal_i2c.o
                0x080021e0                HAL_I2C_ErrorCallback
 .text.HAL_I2C_AbortCpltCallback
                0x080021e2        0x2 Drivers\STM32F4xx_HAL_Driver\Src\stm32f4xx_hal_i2c.o
                0x080021e2                HAL_I2C_AbortCpltCallback
 .text.I2C_DMAAbort
                0x080021e4       0x76 Drivers\STM32F4xx_HAL_Driver\Src\stm32f4xx_hal_i2c.o
 *fill*         0x0800225a        0x2 
 .text.I2C_ITError
                0x0800225c      0x144 Drivers\STM32F4xx_HAL_Driver\Src\stm32f4xx_hal_i2c.o
 .text.HAL_I2C_EV_IRQHandler
                0x080023a0      0x848 Drivers\STM32F4xx_HAL_Driver\Src\stm32f4xx_hal_i2c.o
                0x080023a0                HAL_I2C_EV_IRQHandler
 .text.HAL_I2C_ER_IRQHandler
                0x08002be8      0x12c Drivers\STM32F4xx_HAL_Driver\Src\stm32f4xx_hal_i2c.o
                0x08002be8                HAL_I2C_ER_IRQHandler
 .text.HAL_I2C_GetError
                0x08002d14        0x4 Drivers\STM32F4xx_HAL_Driver\Src\stm32f4xx_hal_i2c.o
                0x08002d14                HAL_I2C_GetError
 .text.HAL_RCC_OscConfig
                0x08002d18      0x304 Drivers\STM32F4xx_HAL_Driver\Src\stm32f4xx_hal_rcc.o
                0x08002d18                HAL_RCC_OscConfig
 .text.HAL_RCC_GetSysClockFreq
                0x0800301c       0x5c Drivers\STM32F4xx_HAL_Driver\Src\stm32f4xx_hal_rcc.o
                0x0800301c                HAL_RCC_GetSysClockFreq
 .text.HAL_RCC_ClockConfig
                0x08003078      0x134 Drivers\STM32F4xx_HAL_Driver\Src\stm32f4xx_hal_rcc.o
                0x08003078                HAL_RCC_ClockConfig
 .text.HAL_RCC_GetPCLK1Freq
                0x080031ac       0x20 Drivers\STM32F4xx_HAL_Driver\Src\stm32f4xx_hal_rcc.o
                0x080031ac                HAL_RCC_GetPCLK1Freq
 .text.HAL_RCC_GetPCLK2Freq
                0x080031cc       0x20 Drivers\STM32F4xx_HAL_Driver\Src\stm32f4xx_hal_rcc.o
                0x080031cc                HAL_RCC_GetPCLK2Freq
 .text.TIM_OC1_SetConfig
                0x080031ec       0x64 Drivers\STM32F4xx_HAL_Driver\Src\stm32f4xx_hal_tim.o
 .text.TIM_OC3_SetConfig
                0x08003250       0x6c Drivers\STM32F4xx_HAL_Driver\Src\stm32f4xx_hal_tim.o
 .text.TIM_OC4_SetConfig
                0x080032bc       0x4c Drivers\STM32F4xx_HAL_Driver\Src\stm32f4xx_hal_tim.o
 .text.HAL_TIM_PWM_MspInit
                0x08003308        0x2 Drivers\STM32F4xx_HAL_Driver\Src\stm32f4xx_hal_tim.o
                0x08003308                HAL_TIM_PWM_MspInit
 .text.HAL_TIM_PeriodElapsedCallback
                0x0800330a        0x2 Drivers\STM32F4xx_HAL_Driver\Src\stm32f4xx_hal_tim.o
                0x0800330a                HAL_TIM_PeriodElapsedCallback
 .text.HAL_TIM_OC_DelayElapsedCallback
                0x0800330c        0x2 Drivers\STM32F4xx_HAL_Driver\Src\stm32f4xx_hal_tim.o
                0x0800330c                HAL_TIM_OC_DelayElapsedCallback
 .text.HAL_TIM_IC_CaptureCallback
                0x0800330e        0x2 Drivers\STM32F4xx_HAL_Driver\Src\stm32f4xx_hal_tim.o
                0x0800330e                HAL_TIM_IC_CaptureCallback
 .text.HAL_TIM_PWM_PulseFinishedCallback
                0x08003310        0x2 Drivers\STM32F4xx_HAL_Driver\Src\stm32f4xx_hal_tim.o
                0x08003310                HAL_TIM_PWM_PulseFinishedCallback
 .text.HAL_TIM_TriggerCallback
                0x08003312        0x2 Drivers\STM32F4xx_HAL_Driver\Src\stm32f4xx_hal_tim.o
                0x08003312                HAL_TIM_TriggerCallback
 .text.HAL_TIM_IRQHandler
                0x08003314      0x144 Drivers\STM32F4xx_HAL_Driver\Src\stm32f4xx_hal_tim.o
                0x08003314                HAL_TIM_IRQHandler
 .text.TIM_Base_SetConfig
                0x08003458       0xcc Drivers\STM32F4xx_HAL_Driver\Src\stm32f4xx_hal_tim.o
                0x08003458                TIM_Base_SetConfig
 .text.HAL_TIM_Base_Init
                0x08003524       0x34 Drivers\STM32F4xx_HAL_Driver\Src\stm32f4xx_hal_tim.o
                0x08003524                HAL_TIM_Base_Init
 .text.HAL_TIM_PWM_Init
                0x08003558       0x34 Drivers\STM32F4xx_HAL_Driver\Src\stm32f4xx_hal_tim.o
                0x08003558                HAL_TIM_PWM_Init
 .text.TIM_OC2_SetConfig
                0x0800358c       0x6c Drivers\STM32F4xx_HAL_Driver\Src\stm32f4xx_hal_tim.o
                0x0800358c                TIM_OC2_SetConfig
 .text.HAL_TIM_PWM_ConfigChannel
                0x080035f8       0xc4 Drivers\STM32F4xx_HAL_Driver\Src\stm32f4xx_hal_tim.o
                0x080035f8                HAL_TIM_PWM_ConfigChannel
 .text.TIM_ETR_SetConfig
                0x080036bc       0x14 Drivers\STM32F4xx_HAL_Driver\Src\stm32f4xx_hal_tim.o
                0x080036bc                TIM_ETR_SetConfig
 .text.HAL_TIM_ConfigClockSource
                0x080036d0      0x128 Drivers\STM32F4xx_HAL_Driver\Src\stm32f4xx_hal_tim.o
                0x080036d0                HAL_TIM_ConfigClockSource
 .text.TIM_CCxChannelCmd
                0x080037f8       0x1c Drivers\STM32F4xx_HAL_Driver\Src\stm32f4xx_hal_tim.o
                0x080037f8                TIM_CCxChannelCmd
 .text.HAL_TIM_PWM_Start
                0x08003814       0x40 Drivers\STM32F4xx_HAL_Driver\Src\stm32f4xx_hal_tim.o
                0x08003814                HAL_TIM_PWM_Start
 .text.HAL_TIM_PWM_Start_IT
                0x08003854       0x80 Drivers\STM32F4xx_HAL_Driver\Src\stm32f4xx_hal_tim.o
                0x08003854                HAL_TIM_PWM_Start_IT
 .text.HAL_TIMEx_MasterConfigSynchronization
                0x080038d4       0x3c Drivers\STM32F4xx_HAL_Driver\Src\stm32f4xx_hal_tim_ex.o
                0x080038d4                HAL_TIMEx_MasterConfigSynchronization
 .text.HAL_TIMEx_ConfigBreakDeadTime
                0x08003910       0x4c Drivers\STM32F4xx_HAL_Driver\Src\stm32f4xx_hal_tim_ex.o
                0x08003910                HAL_TIMEx_ConfigBreakDeadTime
 .text.HAL_TIMEx_CommutCallback
                0x0800395c        0x2 Drivers\STM32F4xx_HAL_Driver\Src\stm32f4xx_hal_tim_ex.o
                0x0800395c                HAL_TIMEx_CommutCallback
 .text.HAL_TIMEx_BreakCallback
                0x0800395e        0x2 Drivers\STM32F4xx_HAL_Driver\Src\stm32f4xx_hal_tim_ex.o
                0x0800395e                HAL_TIMEx_BreakCallback
 .text.UART_EndRxTransfer
                0x08003960       0x1a Drivers\STM32F4xx_HAL_Driver\Src\stm32f4xx_hal_uart.o
 *fill*         0x0800397a        0x2 
 .text.UART_SetConfig
                0x0800397c      0x234 Drivers\STM32F4xx_HAL_Driver\Src\stm32f4xx_hal_uart.o
 .text.UART_WaitOnFlagUntilTimeout.constprop.3
                0x08003bb0       0x50 Drivers\STM32F4xx_HAL_Driver\Src\stm32f4xx_hal_uart.o
 .text.HAL_UART_Init
                0x08003c00       0x5c Drivers\STM32F4xx_HAL_Driver\Src\stm32f4xx_hal_uart.o
                0x08003c00                HAL_UART_Init
 .text.HAL_UART_Transmit
                0x08003c5c       0xba Drivers\STM32F4xx_HAL_Driver\Src\stm32f4xx_hal_uart.o
                0x08003c5c                HAL_UART_Transmit
 .text.HAL_UART_TxCpltCallback
                0x08003d16        0x2 Drivers\STM32F4xx_HAL_Driver\Src\stm32f4xx_hal_uart.o
                0x08003d16                HAL_UART_TxCpltCallback
 .text.HAL_UART_RxCpltCallback
                0x08003d18        0x2 Drivers\STM32F4xx_HAL_Driver\Src\stm32f4xx_hal_uart.o
                0x08003d18                HAL_UART_RxCpltCallback
 .text.UART_Receive_IT
                0x08003d1a       0x7c Drivers\STM32F4xx_HAL_Driver\Src\stm32f4xx_hal_uart.o
 .text.HAL_UART_ErrorCallback
                0x08003d96        0x2 Drivers\STM32F4xx_HAL_Driver\Src\stm32f4xx_hal_uart.o
                0x08003d96                HAL_UART_ErrorCallback
 .text.HAL_UART_IRQHandler
                0x08003d98      0x140 Drivers\STM32F4xx_HAL_Driver\Src\stm32f4xx_hal_uart.o
                0x08003d98                HAL_UART_IRQHandler
 .text.UART_DMAAbortOnError
                0x08003ed8       0x10 Drivers\STM32F4xx_HAL_Driver\Src\stm32f4xx_hal_uart.o
 .text.I2C_Write
                0x08003ee8       0x28 Src\I2C_1.o
                0x08003ee8                I2C_Write
 .text.I2C_ReadMulti
                0x08003f10       0x44 Src\I2C_1.o
                0x08003f10                I2C_ReadMulti
 .text.MPU9250_Init
                0x08003f54      0x1fc Src\MPU9250.o
                0x08003f54                MPU9250_Init
 .text.MPU9250_ReadAcce
                0x08004150       0x7c Src\MPU9250.o
                0x08004150                MPU9250_ReadAcce
 .text.MPU9250_ReadGyro
                0x080041cc       0x90 Src\MPU9250.o
                0x080041cc                MPU9250_ReadGyro
 .text.MPU9250_ReadMag
                0x0800425c       0x6a Src\MPU9250.o
                0x0800425c                MPU9250_ReadMag
 .text.MPU9250_DataReady
                0x080042c6       0x24 Src\MPU9250.o
                0x080042c6                MPU9250_DataReady
 *fill*         0x080042ea        0x2 
 .text.MX_ADC3_Init
                0x080042ec       0x80 Src\adc.o
                0x080042ec                MX_ADC3_Init
 .text.HAL_ADC_MspInit
                0x0800436c       0xb8 Src\adc.o
                0x0800436c                HAL_ADC_MspInit
 .text.MX_GPIO_Init
                0x08004424       0xf0 Src\gpio.o
                0x08004424                MX_GPIO_Init
 .text.MX_I2C1_Init
                0x08004514       0x40 Src\i2c.o
                0x08004514                MX_I2C1_Init
 .text.HAL_I2C_MspInit
                0x08004554       0x90 Src\i2c.o
                0x08004554                HAL_I2C_MspInit
 .text.__io_putchar
                0x080045e4       0x38 Src\main.o
                0x080045e4                __io_putchar
 .text.HAL_ADC_ConvCpltCallback
                0x0800461c        0xc Src\main.o
                0x0800461c                HAL_ADC_ConvCpltCallback
 .text.SystemClock_Config
                0x08004628       0x94 Src\main.o
                0x08004628                SystemClock_Config
 .text.startup.main
                0x080046bc      0x188 Src\main.o
                0x080046bc                main
 .text.Error_Handler
                0x08004844        0x2 Src\main.o
                0x08004844                Error_Handler
 *fill*         0x08004846        0x2 
 .text.HAL_MspInit
                0x08004848       0x48 Src\stm32f4xx_hal_msp.o
                0x08004848                HAL_MspInit
 .text.NMI_Handler
                0x08004890        0x2 Src\stm32f4xx_it.o
                0x08004890                NMI_Handler
 .text.HardFault_Handler
                0x08004892        0x2 Src\stm32f4xx_it.o
                0x08004892                HardFault_Handler
 .text.MemManage_Handler
                0x08004894        0x2 Src\stm32f4xx_it.o
                0x08004894                MemManage_Handler
 .text.BusFault_Handler
                0x08004896        0x2 Src\stm32f4xx_it.o
                0x08004896                BusFault_Handler
 .text.UsageFault_Handler
                0x08004898        0x2 Src\stm32f4xx_it.o
                0x08004898                UsageFault_Handler
 .text.SVC_Handler
                0x0800489a        0x2 Src\stm32f4xx_it.o
                0x0800489a                SVC_Handler
 .text.DebugMon_Handler
                0x0800489c        0x2 Src\stm32f4xx_it.o
                0x0800489c                DebugMon_Handler
 .text.PendSV_Handler
                0x0800489e        0x2 Src\stm32f4xx_it.o
                0x0800489e                PendSV_Handler
 .text.SysTick_Handler
                0x080048a0        0x4 Src\stm32f4xx_it.o
                0x080048a0                SysTick_Handler
 .text.RCC_IRQHandler
                0x080048a4        0x2 Src\stm32f4xx_it.o
                0x080048a4                RCC_IRQHandler
 *fill*         0x080048a6        0x2 
 .text.ADC_IRQHandler
                0x080048a8        0xc Src\stm32f4xx_it.o
                0x080048a8                ADC_IRQHandler
 .text.TIM1_CC_IRQHandler
                0x080048b4        0xc Src\stm32f4xx_it.o
                0x080048b4                TIM1_CC_IRQHandler
 .text.TIM1_UP_TIM10_IRQHandler
                0x080048c0        0x4 Src\stm32f4xx_it.o
                0x080048c0                TIM1_UP_TIM10_IRQHandler
 .text.TIM4_IRQHandler
                0x080048c4        0xc Src\stm32f4xx_it.o
                0x080048c4                TIM4_IRQHandler
 .text.I2C1_EV_IRQHandler
                0x080048d0        0xc Src\stm32f4xx_it.o
                0x080048d0                I2C1_EV_IRQHandler
 .text.I2C1_ER_IRQHandler
                0x080048dc        0xc Src\stm32f4xx_it.o
                0x080048dc                I2C1_ER_IRQHandler
 .text.USART1_IRQHandler
                0x080048e8        0xc Src\stm32f4xx_it.o
                0x080048e8                USART1_IRQHandler
 .text.DMA2_Stream0_IRQHandler
                0x080048f4        0xc Src\stm32f4xx_it.o
                0x080048f4                DMA2_Stream0_IRQHandler
 .text._read    0x08004900       0x1c Src\syscalls.o
                0x08004900                _read
 .text._write   0x0800491c       0x1c Src\syscalls.o
                0x0800491c                _write
 .text._sbrk    0x08004938       0x34 Src\syscalls.o
                0x08004938                _sbrk
 .text._close   0x0800496c        0x6 Src\syscalls.o
                0x0800496c                _close
 .text._fstat   0x08004972        0xa Src\syscalls.o
                0x08004972                _fstat
 .text._isatty  0x0800497c        0x4 Src\syscalls.o
                0x0800497c                _isatty
 .text._lseek   0x08004980        0x4 Src\syscalls.o
                0x08004980                _lseek
 .text.SystemInit
                0x08004984       0x4c Src\system_stm32f4xx.o
                0x08004984                SystemInit
 .text.HAL_TIM_Base_MspInit
                0x080049d0       0x7c Src\tim.o
                0x080049d0                HAL_TIM_Base_MspInit
 .text.HAL_TIM_MspPostInit
                0x08004a4c       0x90 Src\tim.o
                0x08004a4c                HAL_TIM_MspPostInit
 .text.MX_TIM1_Init
                0x08004adc       0xdc Src\tim.o
                0x08004adc                MX_TIM1_Init
 .text.MX_TIM4_Init
                0x08004bb8       0xa8 Src\tim.o
                0x08004bb8                MX_TIM4_Init
 .text.oneOverSqrt
                0x08004c60       0x28 Src\tm_stm32_ahrs_imu.o
 .text.calculateAngles
                0x08004c88      0x158 Src\tm_stm32_ahrs_imu.o
 .text.TM_AHRSIMU_Init
                0x08004de0       0x22 Src\tm_stm32_ahrs_imu.o
                0x08004de0                TM_AHRSIMU_Init
 .text.TM_AHRSIMU_UpdateIMU
                0x08004e02      0x21a Src\tm_stm32_ahrs_imu.o
                0x08004e02                TM_AHRSIMU_UpdateIMU
 .text.MX_USART1_UART_Init
                0x0800501c       0x38 Src\usart.o
                0x0800501c                MX_USART1_UART_Init
 .text.HAL_UART_MspInit
                0x08005054       0x80 Src\usart.o
                0x08005054                HAL_UART_MspInit
 .text.Reset_Handler
                0x080050d4       0x50 startup\startup_stm32f407xx.o
                0x080050d4                Reset_Handler
 .text.Default_Handler
                0x08005124        0x2 startup\startup_stm32f407xx.o
                0x08005124                RTC_Alarm_IRQHandler
                0x08005124                HASH_RNG_IRQHandler
                0x08005124                EXTI2_IRQHandler
                0x08005124                TIM8_CC_IRQHandler
                0x08005124                DMA2_Stream5_IRQHandler
                0x08005124                DMA1_Stream5_IRQHandler
                0x08005124                PVD_IRQHandler
                0x08005124                SDIO_IRQHandler
                0x08005124                TAMP_STAMP_IRQHandler
                0x08005124                CAN2_RX1_IRQHandler
                0x08005124                EXTI3_IRQHandler
                0x08005124                TIM8_TRG_COM_TIM14_IRQHandler
                0x08005124                TIM8_UP_TIM13_IRQHandler
                0x08005124                I2C3_ER_IRQHandler
                0x08005124                EXTI0_IRQHandler
                0x08005124                I2C2_EV_IRQHandler
                0x08005124                DMA1_Stream2_IRQHandler
                0x08005124                CAN1_RX0_IRQHandler
                0x08005124                FPU_IRQHandler
                0x08005124                OTG_HS_WKUP_IRQHandler
                0x08005124                CAN2_SCE_IRQHandler
                0x08005124                DMA2_Stream2_IRQHandler
                0x08005124                SPI1_IRQHandler
                0x08005124                TIM6_DAC_IRQHandler
                0x08005124                TIM1_BRK_TIM9_IRQHandler
                0x08005124                DCMI_IRQHandler
                0x08005124                CAN2_RX0_IRQHandler
                0x08005124                DMA2_Stream3_IRQHandler
                0x08005124                USART6_IRQHandler
                0x08005124                USART3_IRQHandler
                0x08005124                CAN1_RX1_IRQHandler
                0x08005124                UART5_IRQHandler
                0x08005124                DMA1_Stream6_IRQHandler
                0x08005124                DMA1_Stream1_IRQHandler
                0x08005124                UART4_IRQHandler
                0x08005124                TIM3_IRQHandler
                0x08005124                TIM8_BRK_TIM12_IRQHandler
                0x08005124                Default_Handler
                0x08005124                EXTI15_10_IRQHandler
                0x08005124                DMA1_Stream7_IRQHandler
                0x08005124                TIM7_IRQHandler
                0x08005124                CAN2_TX_IRQHandler
                0x08005124                TIM5_IRQHandler
                0x08005124                DMA2_Stream7_IRQHandler
                0x08005124                I2C3_EV_IRQHandler
                0x08005124                EXTI9_5_IRQHandler
                0x08005124                RTC_WKUP_IRQHandler
                0x08005124                ETH_WKUP_IRQHandler
                0x08005124                SPI2_IRQHandler
                0x08005124                OTG_HS_EP1_IN_IRQHandler
                0x08005124                DMA1_Stream0_IRQHandler
                0x08005124                CAN1_TX_IRQHandler
                0x08005124                EXTI4_IRQHandler
                0x08005124                FSMC_IRQHandler
                0x08005124                ETH_IRQHandler
                0x08005124                OTG_HS_EP1_OUT_IRQHandler
                0x08005124                WWDG_IRQHandler
                0x08005124                TIM2_IRQHandler
                0x08005124                OTG_FS_WKUP_IRQHandler
                0x08005124                TIM1_TRG_COM_TIM11_IRQHandler
                0x08005124                OTG_HS_IRQHandler
                0x08005124                EXTI1_IRQHandler
                0x08005124                USART2_IRQHandler
                0x08005124                I2C2_ER_IRQHandler
                0x08005124                DMA2_Stream1_IRQHandler
                0x08005124                CAN1_SCE_IRQHandler
                0x08005124                FLASH_IRQHandler
                0x08005124                DMA2_Stream4_IRQHandler
                0x08005124                OTG_FS_IRQHandler
                0x08005124                SPI3_IRQHandler
                0x08005124                DMA1_Stream4_IRQHandler
                0x08005124                DMA2_Stream6_IRQHandler
                0x08005124                DMA1_Stream3_IRQHandler
 *fill*         0x08005126        0x2 
 .text.__errno  0x08005128        0xc d:/truestudio for stm32 9.3.0/armtools/bin/../lib/gcc/arm-atollic-eabi/6.3.1/../../../../arm-atollic-eabi/lib/armv7e-m/fpu\libc_nano.a(lib_a-errno.o)
                0x08005128                __errno
 .text.__libc_init_array
                0x08005134       0x48 d:/truestudio for stm32 9.3.0/armtools/bin/../lib/gcc/arm-atollic-eabi/6.3.1/../../../../arm-atollic-eabi/lib/armv7e-m/fpu\libc_nano.a(lib_a-init.o)
                0x08005134                __libc_init_array
 .text.memset   0x0800517c       0x10 d:/truestudio for stm32 9.3.0/armtools/bin/../lib/gcc/arm-atollic-eabi/6.3.1/../../../../arm-atollic-eabi/lib/armv7e-m/fpu\libc_nano.a(lib_a-memset.o)
                0x0800517c                memset
 .text.__cvt    0x0800518c       0xc2 d:/truestudio for stm32 9.3.0/armtools/bin/../lib/gcc/arm-atollic-eabi/6.3.1/../../../../arm-atollic-eabi/lib/armv7e-m/fpu\libc_nano.a(lib_a-nano-vfprintf_float.o)
                0x0800518c                __cvt
 .text.__exponent
                0x0800524e       0x6a d:/truestudio for stm32 9.3.0/armtools/bin/../lib/gcc/arm-atollic-eabi/6.3.1/../../../../arm-atollic-eabi/lib/armv7e-m/fpu\libc_nano.a(lib_a-nano-vfprintf_float.o)
                0x0800524e                __exponent
 .text._printf_float
                0x080052b8      0x480 d:/truestudio for stm32 9.3.0/armtools/bin/../lib/gcc/arm-atollic-eabi/6.3.1/../../../../arm-atollic-eabi/lib/armv7e-m/fpu\libc_nano.a(lib_a-nano-vfprintf_float.o)
                0x080052b8                _printf_float
 .text._printf_common
                0x08005738       0xec d:/truestudio for stm32 9.3.0/armtools/bin/../lib/gcc/arm-atollic-eabi/6.3.1/../../../../arm-atollic-eabi/lib/armv7e-m/fpu\libc_nano.a(lib_a-nano-vfprintf_i.o)
                0x08005738                _printf_common
 .text._printf_i
                0x08005824      0x240 d:/truestudio for stm32 9.3.0/armtools/bin/../lib/gcc/arm-atollic-eabi/6.3.1/../../../../arm-atollic-eabi/lib/armv7e-m/fpu\libc_nano.a(lib_a-nano-vfprintf_i.o)
                0x08005824                _printf_i
 .text.printf   0x08005a64       0x30 d:/truestudio for stm32 9.3.0/armtools/bin/../lib/gcc/arm-atollic-eabi/6.3.1/../../../../arm-atollic-eabi/lib/armv7e-m/fpu\libc_nano.a(lib_a-printf.o)
                0x08005a64                iprintf
                0x08005a64                printf
 .text._puts_r  0x08005a94       0xb8 d:/truestudio for stm32 9.3.0/armtools/bin/../lib/gcc/arm-atollic-eabi/6.3.1/../../../../arm-atollic-eabi/lib/armv7e-m/fpu\libc_nano.a(lib_a-puts.o)
                0x08005a94                _puts_r
 .text.puts     0x08005b4c       0x10 d:/truestudio for stm32 9.3.0/armtools/bin/../lib/gcc/arm-atollic-eabi/6.3.1/../../../../arm-atollic-eabi/lib/armv7e-m/fpu\libc_nano.a(lib_a-puts.o)
                0x08005b4c                puts
 .text.__swbuf_r
                0x08005b5c       0xa4 d:/truestudio for stm32 9.3.0/armtools/bin/../lib/gcc/arm-atollic-eabi/6.3.1/../../../../arm-atollic-eabi/lib/armv7e-m/fpu\libc_nano.a(lib_a-wbuf.o)
                0x08005b5c                __swbuf_r
 .text.__swsetup_r
                0x08005c00       0xdc d:/truestudio for stm32 9.3.0/armtools/bin/../lib/gcc/arm-atollic-eabi/6.3.1/../../../../arm-atollic-eabi/lib/armv7e-m/fpu\libc_nano.a(lib_a-wsetup.o)
                0x08005c00                __swsetup_r
 .text.quorem   0x08005cdc      0x118 d:/truestudio for stm32 9.3.0/armtools/bin/../lib/gcc/arm-atollic-eabi/6.3.1/../../../../arm-atollic-eabi/lib/armv7e-m/fpu\libc_nano.a(lib_a-dtoa.o)
 *fill*         0x08005df4        0x4 
 .text._dtoa_r  0x08005df8      0xb9c d:/truestudio for stm32 9.3.0/armtools/bin/../lib/gcc/arm-atollic-eabi/6.3.1/../../../../arm-atollic-eabi/lib/armv7e-m/fpu\libc_nano.a(lib_a-dtoa.o)
                0x08005df8                _dtoa_r
 .text.__sflush_r
                0x08006994      0x110 d:/truestudio for stm32 9.3.0/armtools/bin/../lib/gcc/arm-atollic-eabi/6.3.1/../../../../arm-atollic-eabi/lib/armv7e-m/fpu\libc_nano.a(lib_a-fflush.o)
                0x08006994                __sflush_r
 .text._fflush_r
                0x08006aa4       0x54 d:/truestudio for stm32 9.3.0/armtools/bin/../lib/gcc/arm-atollic-eabi/6.3.1/../../../../arm-atollic-eabi/lib/armv7e-m/fpu\libc_nano.a(lib_a-fflush.o)
                0x08006aa4                _fflush_r
 .text._cleanup_r
                0x08006af8        0xc d:/truestudio for stm32 9.3.0/armtools/bin/../lib/gcc/arm-atollic-eabi/6.3.1/../../../../arm-atollic-eabi/lib/armv7e-m/fpu\libc_nano.a(lib_a-findfp.o)
                0x08006af8                _cleanup_r
 .text.std.isra.0
                0x08006b04       0x48 d:/truestudio for stm32 9.3.0/armtools/bin/../lib/gcc/arm-atollic-eabi/6.3.1/../../../../arm-atollic-eabi/lib/armv7e-m/fpu\libc_nano.a(lib_a-findfp.o)
 .text.__sfmoreglue
                0x08006b4c       0x2c d:/truestudio for stm32 9.3.0/armtools/bin/../lib/gcc/arm-atollic-eabi/6.3.1/../../../../arm-atollic-eabi/lib/armv7e-m/fpu\libc_nano.a(lib_a-findfp.o)
                0x08006b4c                __sfmoreglue
 .text.__sinit  0x08006b78       0x60 d:/truestudio for stm32 9.3.0/armtools/bin/../lib/gcc/arm-atollic-eabi/6.3.1/../../../../arm-atollic-eabi/lib/armv7e-m/fpu\libc_nano.a(lib_a-findfp.o)
                0x08006b78                __sinit
 .text.__sfp    0x08006bd8       0x78 d:/truestudio for stm32 9.3.0/armtools/bin/../lib/gcc/arm-atollic-eabi/6.3.1/../../../../arm-atollic-eabi/lib/armv7e-m/fpu\libc_nano.a(lib_a-findfp.o)
                0x08006bd8                __sfp
 .text._fwalk_reent
                0x08006c50       0x3c d:/truestudio for stm32 9.3.0/armtools/bin/../lib/gcc/arm-atollic-eabi/6.3.1/../../../../arm-atollic-eabi/lib/armv7e-m/fpu\libc_nano.a(lib_a-fwalk.o)
                0x08006c50                _fwalk_reent
 .text._localeconv_r
                0x08006c8c       0x1c d:/truestudio for stm32 9.3.0/armtools/bin/../lib/gcc/arm-atollic-eabi/6.3.1/../../../../arm-atollic-eabi/lib/armv7e-m/fpu\libc_nano.a(lib_a-localeconv.o)
                0x08006c8c                _localeconv_r
 .text.__swhatbuf_r
                0x08006ca8       0x48 d:/truestudio for stm32 9.3.0/armtools/bin/../lib/gcc/arm-atollic-eabi/6.3.1/../../../../arm-atollic-eabi/lib/armv7e-m/fpu\libc_nano.a(lib_a-makebuf.o)
                0x08006ca8                __swhatbuf_r
 .text.__smakebuf_r
                0x08006cf0       0x80 d:/truestudio for stm32 9.3.0/armtools/bin/../lib/gcc/arm-atollic-eabi/6.3.1/../../../../arm-atollic-eabi/lib/armv7e-m/fpu\libc_nano.a(lib_a-makebuf.o)
                0x08006cf0                __smakebuf_r
 .text.malloc   0x08006d70       0x10 d:/truestudio for stm32 9.3.0/armtools/bin/../lib/gcc/arm-atollic-eabi/6.3.1/../../../../arm-atollic-eabi/lib/armv7e-m/fpu\libc_nano.a(lib_a-malloc.o)
                0x08006d70                malloc
 .text.memcpy   0x08006d80       0x16 d:/truestudio for stm32 9.3.0/armtools/bin/../lib/gcc/arm-atollic-eabi/6.3.1/../../../../arm-atollic-eabi/lib/armv7e-m/fpu\libc_nano.a(lib_a-memcpy-stub.o)
                0x08006d80                memcpy
 .text._Balloc  0x08006d96       0x68 d:/truestudio for stm32 9.3.0/armtools/bin/../lib/gcc/arm-atollic-eabi/6.3.1/../../../../arm-atollic-eabi/lib/armv7e-m/fpu\libc_nano.a(lib_a-mprec.o)
                0x08006d96                _Balloc
 .text._Bfree   0x08006dfe       0x2e d:/truestudio for stm32 9.3.0/armtools/bin/../lib/gcc/arm-atollic-eabi/6.3.1/../../../../arm-atollic-eabi/lib/armv7e-m/fpu\libc_nano.a(lib_a-mprec.o)
                0x08006dfe                _Bfree
 .text.__multadd
                0x08006e2c       0x76 d:/truestudio for stm32 9.3.0/armtools/bin/../lib/gcc/arm-atollic-eabi/6.3.1/../../../../arm-atollic-eabi/lib/armv7e-m/fpu\libc_nano.a(lib_a-mprec.o)
                0x08006e2c                __multadd
 .text.__hi0bits
                0x08006ea2       0x3e d:/truestudio for stm32 9.3.0/armtools/bin/../lib/gcc/arm-atollic-eabi/6.3.1/../../../../arm-atollic-eabi/lib/armv7e-m/fpu\libc_nano.a(lib_a-mprec.o)
                0x08006ea2                __hi0bits
 .text.__lo0bits
                0x08006ee0       0x5e d:/truestudio for stm32 9.3.0/armtools/bin/../lib/gcc/arm-atollic-eabi/6.3.1/../../../../arm-atollic-eabi/lib/armv7e-m/fpu\libc_nano.a(lib_a-mprec.o)
                0x08006ee0                __lo0bits
 .text.__i2b    0x08006f3e       0x12 d:/truestudio for stm32 9.3.0/armtools/bin/../lib/gcc/arm-atollic-eabi/6.3.1/../../../../arm-atollic-eabi/lib/armv7e-m/fpu\libc_nano.a(lib_a-mprec.o)
                0x08006f3e                __i2b
 .text.__multiply
                0x08006f50      0x11a d:/truestudio for stm32 9.3.0/armtools/bin/../lib/gcc/arm-atollic-eabi/6.3.1/../../../../arm-atollic-eabi/lib/armv7e-m/fpu\libc_nano.a(lib_a-mprec.o)
                0x08006f50                __multiply
 *fill*         0x0800706a        0x2 
 .text.__pow5mult
                0x0800706c       0x9c d:/truestudio for stm32 9.3.0/armtools/bin/../lib/gcc/arm-atollic-eabi/6.3.1/../../../../arm-atollic-eabi/lib/armv7e-m/fpu\libc_nano.a(lib_a-mprec.o)
                0x0800706c                __pow5mult
 .text.__lshift
                0x08007108       0xa2 d:/truestudio for stm32 9.3.0/armtools/bin/../lib/gcc/arm-atollic-eabi/6.3.1/../../../../arm-atollic-eabi/lib/armv7e-m/fpu\libc_nano.a(lib_a-mprec.o)
                0x08007108                __lshift
 .text.__mcmp   0x080071aa       0x34 d:/truestudio for stm32 9.3.0/armtools/bin/../lib/gcc/arm-atollic-eabi/6.3.1/../../../../arm-atollic-eabi/lib/armv7e-m/fpu\libc_nano.a(lib_a-mprec.o)
                0x080071aa                __mcmp
 .text.__mdiff  0x080071de       0xbc d:/truestudio for stm32 9.3.0/armtools/bin/../lib/gcc/arm-atollic-eabi/6.3.1/../../../../arm-atollic-eabi/lib/armv7e-m/fpu\libc_nano.a(lib_a-mprec.o)
                0x080071de                __mdiff
 .text.__d2b    0x0800729a       0x9e d:/truestudio for stm32 9.3.0/armtools/bin/../lib/gcc/arm-atollic-eabi/6.3.1/../../../../arm-atollic-eabi/lib/armv7e-m/fpu\libc_nano.a(lib_a-mprec.o)
                0x0800729a                __d2b
 .text._calloc_r
                0x08007338       0x1c d:/truestudio for stm32 9.3.0/armtools/bin/../lib/gcc/arm-atollic-eabi/6.3.1/../../../../arm-atollic-eabi/lib/armv7e-m/fpu\libc_nano.a(lib_a-nano-callocr.o)
                0x08007338                _calloc_r
 .text._free_r  0x08007354       0x9c d:/truestudio for stm32 9.3.0/armtools/bin/../lib/gcc/arm-atollic-eabi/6.3.1/../../../../arm-atollic-eabi/lib/armv7e-m/fpu\libc_nano.a(lib_a-nano-freer.o)
                0x08007354                _free_r
 .text._malloc_r
                0x080073f0       0xbc d:/truestudio for stm32 9.3.0/armtools/bin/../lib/gcc/arm-atollic-eabi/6.3.1/../../../../arm-atollic-eabi/lib/armv7e-m/fpu\libc_nano.a(lib_a-nano-mallocr.o)
                0x080073f0                _malloc_r
 .text.__sfputc_r
                0x080074ac       0x30 d:/truestudio for stm32 9.3.0/armtools/bin/../lib/gcc/arm-atollic-eabi/6.3.1/../../../../arm-atollic-eabi/lib/armv7e-m/fpu\libc_nano.a(lib_a-nano-vfprintf.o)
 .text.__sfputs_r
                0x080074dc       0x24 d:/truestudio for stm32 9.3.0/armtools/bin/../lib/gcc/arm-atollic-eabi/6.3.1/../../../../arm-atollic-eabi/lib/armv7e-m/fpu\libc_nano.a(lib_a-nano-vfprintf.o)
                0x080074dc                __sfputs_r
 .text._vfprintf_r
                0x08007500      0x22c d:/truestudio for stm32 9.3.0/armtools/bin/../lib/gcc/arm-atollic-eabi/6.3.1/../../../../arm-atollic-eabi/lib/armv7e-m/fpu\libc_nano.a(lib_a-nano-vfprintf.o)
                0x08007500                _vfprintf_r
                0x08007500                _vfiprintf_r
 .text._sbrk_r  0x0800772c       0x20 d:/truestudio for stm32 9.3.0/armtools/bin/../lib/gcc/arm-atollic-eabi/6.3.1/../../../../arm-atollic-eabi/lib/armv7e-m/fpu\libc_nano.a(lib_a-sbrkr.o)
                0x0800772c                _sbrk_r
 .text.__sread  0x0800774c       0x22 d:/truestudio for stm32 9.3.0/armtools/bin/../lib/gcc/arm-atollic-eabi/6.3.1/../../../../arm-atollic-eabi/lib/armv7e-m/fpu\libc_nano.a(lib_a-stdio.o)
                0x0800774c                __sread
 .text.__swrite
                0x0800776e       0x38 d:/truestudio for stm32 9.3.0/armtools/bin/../lib/gcc/arm-atollic-eabi/6.3.1/../../../../arm-atollic-eabi/lib/armv7e-m/fpu\libc_nano.a(lib_a-stdio.o)
                0x0800776e                __swrite
 .text.__sseek  0x080077a6       0x24 d:/truestudio for stm32 9.3.0/armtools/bin/../lib/gcc/arm-atollic-eabi/6.3.1/../../../../arm-atollic-eabi/lib/armv7e-m/fpu\libc_nano.a(lib_a-stdio.o)
                0x080077a6                __sseek
 .text.__sclose
                0x080077ca        0x8 d:/truestudio for stm32 9.3.0/armtools/bin/../lib/gcc/arm-atollic-eabi/6.3.1/../../../../arm-atollic-eabi/lib/armv7e-m/fpu\libc_nano.a(lib_a-stdio.o)
                0x080077ca                __sclose
 *fill*         0x080077d2        0x2 
 .text._write_r
                0x080077d4       0x24 d:/truestudio for stm32 9.3.0/armtools/bin/../lib/gcc/arm-atollic-eabi/6.3.1/../../../../arm-atollic-eabi/lib/armv7e-m/fpu\libc_nano.a(lib_a-writer.o)
                0x080077d4                _write_r
 .text._close_r
                0x080077f8       0x20 d:/truestudio for stm32 9.3.0/armtools/bin/../lib/gcc/arm-atollic-eabi/6.3.1/../../../../arm-atollic-eabi/lib/armv7e-m/fpu\libc_nano.a(lib_a-closer.o)
                0x080077f8                _close_r
 .text._fstat_r
                0x08007818       0x24 d:/truestudio for stm32 9.3.0/armtools/bin/../lib/gcc/arm-atollic-eabi/6.3.1/../../../../arm-atollic-eabi/lib/armv7e-m/fpu\libc_nano.a(lib_a-fstatr.o)
                0x08007818                _fstat_r
 .text._isatty_r
                0x0800783c       0x20 d:/truestudio for stm32 9.3.0/armtools/bin/../lib/gcc/arm-atollic-eabi/6.3.1/../../../../arm-atollic-eabi/lib/armv7e-m/fpu\libc_nano.a(lib_a-isattyr.o)
                0x0800783c                _isatty_r
 .text._lseek_r
                0x0800785c       0x24 d:/truestudio for stm32 9.3.0/armtools/bin/../lib/gcc/arm-atollic-eabi/6.3.1/../../../../arm-atollic-eabi/lib/armv7e-m/fpu\libc_nano.a(lib_a-lseekr.o)
                0x0800785c                _lseek_r
 .text.__ascii_mbtowc
                0x08007880       0x24 d:/truestudio for stm32 9.3.0/armtools/bin/../lib/gcc/arm-atollic-eabi/6.3.1/../../../../arm-atollic-eabi/lib/armv7e-m/fpu\libc_nano.a(lib_a-mbtowc_r.o)
                0x08007880                __ascii_mbtowc
 .text.__malloc_lock
                0x080078a4        0x2 d:/truestudio for stm32 9.3.0/armtools/bin/../lib/gcc/arm-atollic-eabi/6.3.1/../../../../arm-atollic-eabi/lib/armv7e-m/fpu\libc_nano.a(lib_a-mlock.o)
                0x080078a4                __malloc_lock
 .text.__malloc_unlock
                0x080078a6        0x2 d:/truestudio for stm32 9.3.0/armtools/bin/../lib/gcc/arm-atollic-eabi/6.3.1/../../../../arm-atollic-eabi/lib/armv7e-m/fpu\libc_nano.a(lib_a-mlock.o)
                0x080078a6                __malloc_unlock
 .text._read_r  0x080078a8       0x24 d:/truestudio for stm32 9.3.0/armtools/bin/../lib/gcc/arm-atollic-eabi/6.3.1/../../../../arm-atollic-eabi/lib/armv7e-m/fpu\libc_nano.a(lib_a-readr.o)
                0x080078a8                _read_r
 .text.__ascii_wctomb
                0x080078cc       0x1a d:/truestudio for stm32 9.3.0/armtools/bin/../lib/gcc/arm-atollic-eabi/6.3.1/../../../../arm-atollic-eabi/lib/armv7e-m/fpu\libc_nano.a(lib_a-wctomb_r.o)
                0x080078cc                __ascii_wctomb
 *fill*         0x080078e6        0x2 
 .text.asin     0x080078e8       0xb0 d:/truestudio for stm32 9.3.0/armtools/bin/../lib/gcc/arm-atollic-eabi/6.3.1/../../../../arm-atollic-eabi/lib/armv7e-m/fpu\libm.a(lib_a-w_asin.o)
                0x080078e8                asin
 .text.atan2    0x08007998        0x4 d:/truestudio for stm32 9.3.0/armtools/bin/../lib/gcc/arm-atollic-eabi/6.3.1/../../../../arm-atollic-eabi/lib/armv7e-m/fpu\libm.a(lib_a-w_atan2.o)
                0x08007998                atan2
 .text.sqrt     0x0800799c       0xb4 d:/truestudio for stm32 9.3.0/armtools/bin/../lib/gcc/arm-atollic-eabi/6.3.1/../../../../arm-atollic-eabi/lib/armv7e-m/fpu\libm.a(lib_a-w_sqrt.o)
                0x0800799c                sqrt
 .text.__ieee754_asin
                0x08007a50      0x418 d:/truestudio for stm32 9.3.0/armtools/bin/../lib/gcc/arm-atollic-eabi/6.3.1/../../../../arm-atollic-eabi/lib/armv7e-m/fpu\libm.a(lib_a-e_asin.o)
                0x08007a50                __ieee754_asin
 .text.__ieee754_atan2
                0x08007e68      0x1b4 d:/truestudio for stm32 9.3.0/armtools/bin/../lib/gcc/arm-atollic-eabi/6.3.1/../../../../arm-atollic-eabi/lib/armv7e-m/fpu\libm.a(lib_a-e_atan2.o)
                0x08007e68                __ieee754_atan2
 .text.__ieee754_sqrt
                0x0800801c      0x160 d:/truestudio for stm32 9.3.0/armtools/bin/../lib/gcc/arm-atollic-eabi/6.3.1/../../../../arm-atollic-eabi/lib/armv7e-m/fpu\libm.a(lib_a-e_sqrt.o)
                0x0800801c                __ieee754_sqrt
 *fill*         0x0800817c        0x4 
 .text.atan     0x08008180      0x350 d:/truestudio for stm32 9.3.0/armtools/bin/../lib/gcc/arm-atollic-eabi/6.3.1/../../../../arm-atollic-eabi/lib/armv7e-m/fpu\libm.a(lib_a-s_atan.o)
                0x08008180                atan
 .text.fabs     0x080084d0        0xe d:/truestudio for stm32 9.3.0/armtools/bin/../lib/gcc/arm-atollic-eabi/6.3.1/../../../../arm-atollic-eabi/lib/armv7e-m/fpu\libm.a(lib_a-s_fabs.o)
                0x080084d0                fabs
 .text.matherr  0x080084de        0x4 d:/truestudio for stm32 9.3.0/armtools/bin/../lib/gcc/arm-atollic-eabi/6.3.1/../../../../arm-atollic-eabi/lib/armv7e-m/fpu\libm.a(lib_a-s_matherr.o)
                0x080084de                matherr
 *fill*         0x080084e2        0x6 
 .text.nan      0x080084e8       0x10 d:/truestudio for stm32 9.3.0/armtools/bin/../lib/gcc/arm-atollic-eabi/6.3.1/../../../../arm-atollic-eabi/lib/armv7e-m/fpu\libm.a(lib_a-s_nan.o)
                0x080084e8                nan
 *(.glue_7)
 .glue_7        0x080084f8        0x0 linker stubs
 *(.glue_7t)
 .glue_7t       0x080084f8        0x0 linker stubs
 *(.eh_frame)
 .eh_frame      0x080084f8        0x0 d:/truestudio for stm32 9.3.0/armtools/bin/../lib/gcc/arm-atollic-eabi/6.3.1/armv7e-m/fpu/crtbegin.o
 *(.init)
 .init          0x080084f8        0x4 d:/truestudio for stm32 9.3.0/armtools/bin/../lib/gcc/arm-atollic-eabi/6.3.1/armv7e-m/fpu/crti.o
                0x080084f8                _init
 .init          0x080084fc        0x8 d:/truestudio for stm32 9.3.0/armtools/bin/../lib/gcc/arm-atollic-eabi/6.3.1/armv7e-m/fpu/crtn.o
 *(.fini)
 .fini          0x08008504        0x4 d:/truestudio for stm32 9.3.0/armtools/bin/../lib/gcc/arm-atollic-eabi/6.3.1/armv7e-m/fpu/crti.o
                0x08008504                _fini
 .fini          0x08008508        0x8 d:/truestudio for stm32 9.3.0/armtools/bin/../lib/gcc/arm-atollic-eabi/6.3.1/armv7e-m/fpu/crtn.o
                0x08008510                . = ALIGN (0x4)
                0x08008510                _etext = .

.vfp11_veneer   0x08008510        0x0
 .vfp11_veneer  0x08008510        0x0 linker stubs

.v4_bx          0x08008510        0x0
 .v4_bx         0x08008510        0x0 linker stubs

.iplt           0x08008510        0x0
 .iplt          0x08008510        0x0 d:/truestudio for stm32 9.3.0/armtools/bin/../lib/gcc/arm-atollic-eabi/6.3.1/armv7e-m/fpu/crtbegin.o

.rodata         0x08008510      0x360
                0x08008510                . = ALIGN (0x4)
 *(.rodata)
 *(.rodata*)
 .rodata.flagBitshiftOffset.8361
                0x08008510        0x8 Drivers\STM32F4xx_HAL_Driver\Src\stm32f4xx_hal_dma.o
 .rodata.main.str1.1
                0x08008518       0x30 Src\main.o
 .rodata.AHBPrescTable
                0x08008548       0x10 Src\system_stm32f4xx.o
                0x08008548                AHBPrescTable
 .rodata.APBPrescTable
                0x08008558        0x8 Src\system_stm32f4xx.o
                0x08008558                APBPrescTable
 .rodata._global_impure_ptr
                0x08008560        0x4 d:/truestudio for stm32 9.3.0/armtools/bin/../lib/gcc/arm-atollic-eabi/6.3.1/../../../../arm-atollic-eabi/lib/armv7e-m/fpu\libc_nano.a(lib_a-impure.o)
                0x08008560                _global_impure_ptr
 .rodata._printf_float.str1.1
                0x08008564       0x12 d:/truestudio for stm32 9.3.0/armtools/bin/../lib/gcc/arm-atollic-eabi/6.3.1/../../../../arm-atollic-eabi/lib/armv7e-m/fpu\libc_nano.a(lib_a-nano-vfprintf_float.o)
 .rodata._printf_i.str1.1
                0x08008576       0x22 d:/truestudio for stm32 9.3.0/armtools/bin/../lib/gcc/arm-atollic-eabi/6.3.1/../../../../arm-atollic-eabi/lib/armv7e-m/fpu\libc_nano.a(lib_a-nano-vfprintf_i.o)
 .rodata._dtoa_r.str1.1
                0x08008598        0xd d:/truestudio for stm32 9.3.0/armtools/bin/../lib/gcc/arm-atollic-eabi/6.3.1/../../../../arm-atollic-eabi/lib/armv7e-m/fpu\libc_nano.a(lib_a-dtoa.o)
                                  0xf (size before relaxing)
 *fill*         0x080085a5        0x3 
 .rodata.__sf_fake_stderr
                0x080085a8       0x20 d:/truestudio for stm32 9.3.0/armtools/bin/../lib/gcc/arm-atollic-eabi/6.3.1/../../../../arm-atollic-eabi/lib/armv7e-m/fpu\libc_nano.a(lib_a-findfp.o)
                0x080085a8                __sf_fake_stderr
 .rodata.__sf_fake_stdin
                0x080085c8       0x20 d:/truestudio for stm32 9.3.0/armtools/bin/../lib/gcc/arm-atollic-eabi/6.3.1/../../../../arm-atollic-eabi/lib/armv7e-m/fpu\libc_nano.a(lib_a-findfp.o)
                0x080085c8                __sf_fake_stdin
 .rodata.__sf_fake_stdout
                0x080085e8       0x20 d:/truestudio for stm32 9.3.0/armtools/bin/../lib/gcc/arm-atollic-eabi/6.3.1/../../../../arm-atollic-eabi/lib/armv7e-m/fpu\libc_nano.a(lib_a-findfp.o)
                0x080085e8                __sf_fake_stdout
 .rodata.__mprec_bigtens
                0x08008608       0x28 d:/truestudio for stm32 9.3.0/armtools/bin/../lib/gcc/arm-atollic-eabi/6.3.1/../../../../arm-atollic-eabi/lib/armv7e-m/fpu\libc_nano.a(lib_a-mprec.o)
                0x08008608                __mprec_bigtens
 .rodata.__mprec_tens
                0x08008630       0xc8 d:/truestudio for stm32 9.3.0/armtools/bin/../lib/gcc/arm-atollic-eabi/6.3.1/../../../../arm-atollic-eabi/lib/armv7e-m/fpu\libc_nano.a(lib_a-mprec.o)
                0x08008630                __mprec_tens
 .rodata.p05.7175
                0x080086f8        0xc d:/truestudio for stm32 9.3.0/armtools/bin/../lib/gcc/arm-atollic-eabi/6.3.1/../../../../arm-atollic-eabi/lib/armv7e-m/fpu\libc_nano.a(lib_a-mprec.o)
 .rodata._vfprintf_r.str1.1
                0x08008704       0x11 d:/truestudio for stm32 9.3.0/armtools/bin/../lib/gcc/arm-atollic-eabi/6.3.1/../../../../arm-atollic-eabi/lib/armv7e-m/fpu\libc_nano.a(lib_a-nano-vfprintf.o)
 .rodata._setlocale_r.str1.1
                0x08008715        0x8 d:/truestudio for stm32 9.3.0/armtools/bin/../lib/gcc/arm-atollic-eabi/6.3.1/../../../../arm-atollic-eabi/lib/armv7e-m/fpu\libc_nano.a(lib_a-locale.o)
                                  0x9 (size before relaxing)
 .rodata.str1.1
                0x0800871d        0x2 d:/truestudio for stm32 9.3.0/armtools/bin/../lib/gcc/arm-atollic-eabi/6.3.1/../../../../arm-atollic-eabi/lib/armv7e-m/fpu\libc_nano.a(lib_a-locale.o)
 .rodata._ctype_
                0x0800871f      0x101 d:/truestudio for stm32 9.3.0/armtools/bin/../lib/gcc/arm-atollic-eabi/6.3.1/../../../../arm-atollic-eabi/lib/armv7e-m/fpu\libc_nano.a(lib_a-ctype_.o)
                0x0800871f                _ctype_
 .rodata.asin.str1.1
                0x08008820        0x5 d:/truestudio for stm32 9.3.0/armtools/bin/../lib/gcc/arm-atollic-eabi/6.3.1/../../../../arm-atollic-eabi/lib/armv7e-m/fpu\libm.a(lib_a-w_asin.o)
                                  0x6 (size before relaxing)
 .rodata.sqrt.str1.1
                0x08008825        0x5 d:/truestudio for stm32 9.3.0/armtools/bin/../lib/gcc/arm-atollic-eabi/6.3.1/../../../../arm-atollic-eabi/lib/armv7e-m/fpu\libm.a(lib_a-w_sqrt.o)
 *fill*         0x0800882a        0x6 
 .rodata.atanhi
                0x08008830       0x20 d:/truestudio for stm32 9.3.0/armtools/bin/../lib/gcc/arm-atollic-eabi/6.3.1/../../../../arm-atollic-eabi/lib/armv7e-m/fpu\libm.a(lib_a-s_atan.o)
 .rodata.atanlo
                0x08008850       0x20 d:/truestudio for stm32 9.3.0/armtools/bin/../lib/gcc/arm-atollic-eabi/6.3.1/../../../../arm-atollic-eabi/lib/armv7e-m/fpu\libm.a(lib_a-s_atan.o)
                0x08008870                . = ALIGN (0x4)

.ARM.extab
 *(.ARM.extab* .gnu.linkonce.armextab.*)

.ARM            0x08008870        0x8
                0x08008870                __exidx_start = .
 *(.ARM.exidx*)
 .ARM.exidx     0x08008870        0x8 d:/truestudio for stm32 9.3.0/armtools/bin/../lib/gcc/arm-atollic-eabi/6.3.1/armv7e-m/fpu\libgcc.a(_udivmoddi4.o)
                0x08008878                __exidx_end = .

.rel.dyn        0x08008878        0x0
 .rel.iplt      0x08008878        0x0 d:/truestudio for stm32 9.3.0/armtools/bin/../lib/gcc/arm-atollic-eabi/6.3.1/armv7e-m/fpu/crtbegin.o

.preinit_array  0x08008878        0x0
                0x08008878                PROVIDE (__preinit_array_start, .)
 *(.preinit_array*)
                0x08008878                PROVIDE (__preinit_array_end, .)

.init_array     0x08008878        0x4
                0x08008878                PROVIDE (__init_array_start, .)
 *(SORT(.init_array.*))
 *(.init_array*)
 .init_array    0x08008878        0x4 d:/truestudio for stm32 9.3.0/armtools/bin/../lib/gcc/arm-atollic-eabi/6.3.1/armv7e-m/fpu/crtbegin.o
                0x0800887c                PROVIDE (__init_array_end, .)

.fini_array     0x0800887c        0x4
                [!provide]                PROVIDE (__fini_array_start, .)
 *(SORT(.fini_array.*))
 *(.fini_array*)
 .fini_array    0x0800887c        0x4 d:/truestudio for stm32 9.3.0/armtools/bin/../lib/gcc/arm-atollic-eabi/6.3.1/armv7e-m/fpu/crtbegin.o
                [!provide]                PROVIDE (__fini_array_end, .)
                0x08008880                _sidata = LOADADDR (.data)

.data           0x20000000      0x1e0 load address 0x08008880
                0x20000000                . = ALIGN (0x4)
                0x20000000                _sdata = .
 *(.data)
 *(.data*)
 .data.uwTickFreq
                0x20000000        0x1 Drivers\STM32F4xx_HAL_Driver\Src\stm32f4xx_hal.o
                0x20000000                uwTickFreq
 *fill*         0x20000001        0x3 
 .data.uwTickPrio
                0x20000004        0x4 Drivers\STM32F4xx_HAL_Driver\Src\stm32f4xx_hal.o
                0x20000004                uwTickPrio
 .data.SystemCoreClock
                0x20000008        0x4 Src\system_stm32f4xx.o
                0x20000008                SystemCoreClock
 .data._impure_ptr
                0x2000000c        0x4 d:/truestudio for stm32 9.3.0/armtools/bin/../lib/gcc/arm-atollic-eabi/6.3.1/../../../../arm-atollic-eabi/lib/armv7e-m/fpu\libc_nano.a(lib_a-impure.o)
                0x2000000c                _impure_ptr
 .data.impure_data
                0x20000010       0x60 d:/truestudio for stm32 9.3.0/armtools/bin/../lib/gcc/arm-atollic-eabi/6.3.1/../../../../arm-atollic-eabi/lib/armv7e-m/fpu\libc_nano.a(lib_a-impure.o)
 .data.__global_locale
                0x20000070      0x16c d:/truestudio for stm32 9.3.0/armtools/bin/../lib/gcc/arm-atollic-eabi/6.3.1/../../../../arm-atollic-eabi/lib/armv7e-m/fpu\libc_nano.a(lib_a-locale.o)
                0x20000070                __global_locale
 .data.__fdlib_version
                0x200001dc        0x1 d:/truestudio for stm32 9.3.0/armtools/bin/../lib/gcc/arm-atollic-eabi/6.3.1/../../../../arm-atollic-eabi/lib/armv7e-m/fpu\libm.a(lib_a-s_lib_ver.o)
                0x200001dc                __fdlib_version
                0x200001e0                . = ALIGN (0x4)
 *fill*         0x200001dd        0x3 
                0x200001e0                _edata = .
                0x08008a60                _siccmram = LOADADDR (.ccmram)

.igot.plt       0x200001e0        0x0 load address 0x08008a60
 .igot.plt      0x200001e0        0x0 d:/truestudio for stm32 9.3.0/armtools/bin/../lib/gcc/arm-atollic-eabi/6.3.1/armv7e-m/fpu/crtbegin.o

.ccmram         0x10000000        0x0 load address 0x08008a60
                0x10000000                . = ALIGN (0x4)
                0x10000000                _sccmram = .
 *(.ccmram)
 *(.ccmram*)
                0x10000000                . = ALIGN (0x4)
                0x10000000                _eccmram = .
                0x10000000                . = ALIGN (0x4)

.bss            0x200001e0      0x2d4
                0x200001e0                _sbss = .
                0x200001e0                __bss_start__ = _sbss
 *(.bss)
 .bss           0x200001e0       0x1c d:/truestudio for stm32 9.3.0/armtools/bin/../lib/gcc/arm-atollic-eabi/6.3.1/armv7e-m/fpu/crtbegin.o
 *(.bss*)
 .bss.heap_end.7010
                0x200001fc        0x4 Src\syscalls.o
 .bss.__malloc_free_list
                0x20000200        0x4 d:/truestudio for stm32 9.3.0/armtools/bin/../lib/gcc/arm-atollic-eabi/6.3.1/../../../../arm-atollic-eabi/lib/armv7e-m/fpu\libc_nano.a(lib_a-nano-mallocr.o)
                0x20000200                __malloc_free_list
 .bss.__malloc_sbrk_start
                0x20000204        0x4 d:/truestudio for stm32 9.3.0/armtools/bin/../lib/gcc/arm-atollic-eabi/6.3.1/../../../../arm-atollic-eabi/lib/armv7e-m/fpu\libc_nano.a(lib_a-nano-mallocr.o)
                0x20000204                __malloc_sbrk_start
 *(COMMON)
 COMMON         0x20000208        0x4 Drivers\STM32F4xx_HAL_Driver\Src\stm32f4xx_hal.o
                0x20000208                uwTick
 COMMON         0x2000020c       0xa8 Src\adc.o
                0x2000020c                hdma_adc3
                0x2000026c                hadc3
 COMMON         0x200002b4       0x54 Src\i2c.o
                0x200002b4                hi2c1
 COMMON         0x20000308       0xe8 Src\main.o
                0x20000308                filtered_Az
                0x2000030c                IMU
                0x20000334                MPU9250
                0x200003ec                adcval
 COMMON         0x200003f0       0x80 Src\tim.o
                0x200003f0                htim4
                0x20000430                htim1
 COMMON         0x20000470       0x40 Src\usart.o
                0x20000470                huart1
 COMMON         0x200004b0        0x4 d:/truestudio for stm32 9.3.0/armtools/bin/../lib/gcc/arm-atollic-eabi/6.3.1/../../../../arm-atollic-eabi/lib/armv7e-m/fpu\libc_nano.a(lib_a-reent.o)
                0x200004b0                errno
                0x200004b4                . = ALIGN (0x4)
                0x200004b4                _ebss = .
                0x200004b4                __bss_end__ = _ebss

._user_heap_stack
                0x200004b4      0x600
                0x200004b4                . = ALIGN (0x4)
                0x200004b4                PROVIDE (end, .)
                [!provide]                PROVIDE (_end, .)
                0x200006b4                . = (. + _Min_Heap_Size)
 *fill*         0x200004b4      0x200 
                0x20000ab4                . = (. + _Min_Stack_Size)
 *fill*         0x200006b4      0x400 
                0x20000ab4                . = ALIGN (0x4)

/DISCARD/
 libc.a(*)
 libm.a(*)
 libgcc.a(*)

.ARM.attributes
                0x00000000       0x30
 *(.ARM.attributes)
 .ARM.attributes
                0x00000000       0x22 d:/truestudio for stm32 9.3.0/armtools/bin/../lib/gcc/arm-atollic-eabi/6.3.1/armv7e-m/fpu/crti.o
 .ARM.attributes
                0x00000022       0x34 d:/truestudio for stm32 9.3.0/armtools/bin/../lib/gcc/arm-atollic-eabi/6.3.1/armv7e-m/fpu/crtbegin.o
 .ARM.attributes
                0x00000056       0x39 Drivers\STM32F4xx_HAL_Driver\Src\stm32f4xx_hal.o
 .ARM.attributes
                0x0000008f       0x39 Drivers\STM32F4xx_HAL_Driver\Src\stm32f4xx_hal_adc.o
 .ARM.attributes
                0x000000c8       0x39 Drivers\STM32F4xx_HAL_Driver\Src\stm32f4xx_hal_adc_ex.o
 .ARM.attributes
                0x00000101       0x39 Drivers\STM32F4xx_HAL_Driver\Src\stm32f4xx_hal_cortex.o
 .ARM.attributes
                0x0000013a       0x39 Drivers\STM32F4xx_HAL_Driver\Src\stm32f4xx_hal_dma.o
 .ARM.attributes
                0x00000173       0x39 Drivers\STM32F4xx_HAL_Driver\Src\stm32f4xx_hal_gpio.o
 .ARM.attributes
                0x000001ac       0x39 Drivers\STM32F4xx_HAL_Driver\Src\stm32f4xx_hal_i2c.o
 .ARM.attributes
                0x000001e5       0x39 Drivers\STM32F4xx_HAL_Driver\Src\stm32f4xx_hal_rcc.o
 .ARM.attributes
                0x0000021e       0x39 Drivers\STM32F4xx_HAL_Driver\Src\stm32f4xx_hal_tim.o
 .ARM.attributes
                0x00000257       0x39 Drivers\STM32F4xx_HAL_Driver\Src\stm32f4xx_hal_tim_ex.o
 .ARM.attributes
                0x00000290       0x39 Drivers\STM32F4xx_HAL_Driver\Src\stm32f4xx_hal_uart.o
 .ARM.attributes
                0x000002c9       0x39 Src\I2C_1.o
 .ARM.attributes
                0x00000302       0x39 Src\MPU9250.o
 .ARM.attributes
                0x0000033b       0x39 Src\adc.o
 .ARM.attributes
                0x00000374       0x39 Src\gpio.o
 .ARM.attributes
                0x000003ad       0x39 Src\i2c.o
 .ARM.attributes
                0x000003e6       0x39 Src\main.o
 .ARM.attributes
                0x0000041f       0x39 Src\stm32f4xx_hal_msp.o
 .ARM.attributes
                0x00000458       0x39 Src\stm32f4xx_it.o
 .ARM.attributes
                0x00000491       0x39 Src\syscalls.o
 .ARM.attributes
                0x000004ca       0x39 Src\system_stm32f4xx.o
 .ARM.attributes
                0x00000503       0x39 Src\tim.o
 .ARM.attributes
                0x0000053c       0x39 Src\tm_stm32_ahrs_imu.o
 .ARM.attributes
                0x00000575       0x39 Src\usart.o
 .ARM.attributes
                0x000005ae       0x21 startup\startup_stm32f407xx.o
 .ARM.attributes
                0x000005cf       0x34 d:/truestudio for stm32 9.3.0/armtools/bin/../lib/gcc/arm-atollic-eabi/6.3.1/../../../../arm-atollic-eabi/lib/armv7e-m/fpu\libc_nano.a(lib_a-errno.o)
 .ARM.attributes
                0x00000603       0x34 d:/truestudio for stm32 9.3.0/armtools/bin/../lib/gcc/arm-atollic-eabi/6.3.1/../../../../arm-atollic-eabi/lib/armv7e-m/fpu\libc_nano.a(lib_a-impure.o)
 .ARM.attributes
                0x00000637       0x34 d:/truestudio for stm32 9.3.0/armtools/bin/../lib/gcc/arm-atollic-eabi/6.3.1/../../../../arm-atollic-eabi/lib/armv7e-m/fpu\libc_nano.a(lib_a-init.o)
 .ARM.attributes
                0x0000066b       0x34 d:/truestudio for stm32 9.3.0/armtools/bin/../lib/gcc/arm-atollic-eabi/6.3.1/../../../../arm-atollic-eabi/lib/armv7e-m/fpu\libc_nano.a(lib_a-memset.o)
 .ARM.attributes
                0x0000069f       0x34 d:/truestudio for stm32 9.3.0/armtools/bin/../lib/gcc/arm-atollic-eabi/6.3.1/../../../../arm-atollic-eabi/lib/armv7e-m/fpu\libc_nano.a(lib_a-nano-vfprintf_float.o)
 .ARM.attributes
                0x000006d3       0x34 d:/truestudio for stm32 9.3.0/armtools/bin/../lib/gcc/arm-atollic-eabi/6.3.1/../../../../arm-atollic-eabi/lib/armv7e-m/fpu\libc_nano.a(lib_a-nano-vfprintf_i.o)
 .ARM.attributes
                0x00000707       0x34 d:/truestudio for stm32 9.3.0/armtools/bin/../lib/gcc/arm-atollic-eabi/6.3.1/../../../../arm-atollic-eabi/lib/armv7e-m/fpu\libc_nano.a(lib_a-printf.o)
 .ARM.attributes
                0x0000073b       0x34 d:/truestudio for stm32 9.3.0/armtools/bin/../lib/gcc/arm-atollic-eabi/6.3.1/../../../../arm-atollic-eabi/lib/armv7e-m/fpu\libc_nano.a(lib_a-puts.o)
 .ARM.attributes
                0x0000076f       0x1b d:/truestudio for stm32 9.3.0/armtools/bin/../lib/gcc/arm-atollic-eabi/6.3.1/../../../../arm-atollic-eabi/lib/armv7e-m/fpu\libc_nano.a(lib_a-strlen.o)
 .ARM.attributes
                0x0000078a       0x34 d:/truestudio for stm32 9.3.0/armtools/bin/../lib/gcc/arm-atollic-eabi/6.3.1/../../../../arm-atollic-eabi/lib/armv7e-m/fpu\libc_nano.a(lib_a-wbuf.o)
 .ARM.attributes
                0x000007be       0x34 d:/truestudio for stm32 9.3.0/armtools/bin/../lib/gcc/arm-atollic-eabi/6.3.1/../../../../arm-atollic-eabi/lib/armv7e-m/fpu\libc_nano.a(lib_a-wsetup.o)
 .ARM.attributes
                0x000007f2       0x34 d:/truestudio for stm32 9.3.0/armtools/bin/../lib/gcc/arm-atollic-eabi/6.3.1/../../../../arm-atollic-eabi/lib/armv7e-m/fpu\libc_nano.a(lib_a-dtoa.o)
 .ARM.attributes
                0x00000826       0x34 d:/truestudio for stm32 9.3.0/armtools/bin/../lib/gcc/arm-atollic-eabi/6.3.1/../../../../arm-atollic-eabi/lib/armv7e-m/fpu\libc_nano.a(lib_a-fflush.o)
 .ARM.attributes
                0x0000085a       0x34 d:/truestudio for stm32 9.3.0/armtools/bin/../lib/gcc/arm-atollic-eabi/6.3.1/../../../../arm-atollic-eabi/lib/armv7e-m/fpu\libc_nano.a(lib_a-findfp.o)
 .ARM.attributes
                0x0000088e       0x34 d:/truestudio for stm32 9.3.0/armtools/bin/../lib/gcc/arm-atollic-eabi/6.3.1/../../../../arm-atollic-eabi/lib/armv7e-m/fpu\libc_nano.a(lib_a-fwalk.o)
 .ARM.attributes
                0x000008c2       0x34 d:/truestudio for stm32 9.3.0/armtools/bin/../lib/gcc/arm-atollic-eabi/6.3.1/../../../../arm-atollic-eabi/lib/armv7e-m/fpu\libc_nano.a(lib_a-localeconv.o)
 .ARM.attributes
                0x000008f6       0x34 d:/truestudio for stm32 9.3.0/armtools/bin/../lib/gcc/arm-atollic-eabi/6.3.1/../../../../arm-atollic-eabi/lib/armv7e-m/fpu\libc_nano.a(lib_a-makebuf.o)
 .ARM.attributes
                0x0000092a       0x34 d:/truestudio for stm32 9.3.0/armtools/bin/../lib/gcc/arm-atollic-eabi/6.3.1/../../../../arm-atollic-eabi/lib/armv7e-m/fpu\libc_nano.a(lib_a-malloc.o)
 .ARM.attributes
                0x0000095e       0x20 d:/truestudio for stm32 9.3.0/armtools/bin/../lib/gcc/arm-atollic-eabi/6.3.1/../../../../arm-atollic-eabi/lib/armv7e-m/fpu\libc_nano.a(lib_a-memchr.o)
 .ARM.attributes
                0x0000097e       0x34 d:/truestudio for stm32 9.3.0/armtools/bin/../lib/gcc/arm-atollic-eabi/6.3.1/../../../../arm-atollic-eabi/lib/armv7e-m/fpu\libc_nano.a(lib_a-memcpy-stub.o)
 .ARM.attributes
                0x000009b2       0x34 d:/truestudio for stm32 9.3.0/armtools/bin/../lib/gcc/arm-atollic-eabi/6.3.1/../../../../arm-atollic-eabi/lib/armv7e-m/fpu\libc_nano.a(lib_a-mprec.o)
 .ARM.attributes
                0x000009e6       0x34 d:/truestudio for stm32 9.3.0/armtools/bin/../lib/gcc/arm-atollic-eabi/6.3.1/../../../../arm-atollic-eabi/lib/armv7e-m/fpu\libc_nano.a(lib_a-nano-callocr.o)
 .ARM.attributes
                0x00000a1a       0x34 d:/truestudio for stm32 9.3.0/armtools/bin/../lib/gcc/arm-atollic-eabi/6.3.1/../../../../arm-atollic-eabi/lib/armv7e-m/fpu\libc_nano.a(lib_a-nano-freer.o)
 .ARM.attributes
                0x00000a4e       0x34 d:/truestudio for stm32 9.3.0/armtools/bin/../lib/gcc/arm-atollic-eabi/6.3.1/../../../../arm-atollic-eabi/lib/armv7e-m/fpu\libc_nano.a(lib_a-nano-mallocr.o)
 .ARM.attributes
                0x00000a82       0x34 d:/truestudio for stm32 9.3.0/armtools/bin/../lib/gcc/arm-atollic-eabi/6.3.1/../../../../arm-atollic-eabi/lib/armv7e-m/fpu\libc_nano.a(lib_a-nano-vfprintf.o)
 .ARM.attributes
                0x00000ab6       0x34 d:/truestudio for stm32 9.3.0/armtools/bin/../lib/gcc/arm-atollic-eabi/6.3.1/../../../../arm-atollic-eabi/lib/armv7e-m/fpu\libc_nano.a(lib_a-sbrkr.o)
 .ARM.attributes
                0x00000aea       0x34 d:/truestudio for stm32 9.3.0/armtools/bin/../lib/gcc/arm-atollic-eabi/6.3.1/../../../../arm-atollic-eabi/lib/armv7e-m/fpu\libc_nano.a(lib_a-stdio.o)
 .ARM.attributes
                0x00000b1e       0x34 d:/truestudio for stm32 9.3.0/armtools/bin/../lib/gcc/arm-atollic-eabi/6.3.1/../../../../arm-atollic-eabi/lib/armv7e-m/fpu\libc_nano.a(lib_a-writer.o)
 .ARM.attributes
                0x00000b52       0x34 d:/truestudio for stm32 9.3.0/armtools/bin/../lib/gcc/arm-atollic-eabi/6.3.1/../../../../arm-atollic-eabi/lib/armv7e-m/fpu\libc_nano.a(lib_a-closer.o)
 .ARM.attributes
                0x00000b86       0x34 d:/truestudio for stm32 9.3.0/armtools/bin/../lib/gcc/arm-atollic-eabi/6.3.1/../../../../arm-atollic-eabi/lib/armv7e-m/fpu\libc_nano.a(lib_a-fstatr.o)
 .ARM.attributes
                0x00000bba       0x34 d:/truestudio for stm32 9.3.0/armtools/bin/../lib/gcc/arm-atollic-eabi/6.3.1/../../../../arm-atollic-eabi/lib/armv7e-m/fpu\libc_nano.a(lib_a-isattyr.o)
 .ARM.attributes
                0x00000bee       0x34 d:/truestudio for stm32 9.3.0/armtools/bin/../lib/gcc/arm-atollic-eabi/6.3.1/../../../../arm-atollic-eabi/lib/armv7e-m/fpu\libc_nano.a(lib_a-locale.o)
 .ARM.attributes
                0x00000c22       0x34 d:/truestudio for stm32 9.3.0/armtools/bin/../lib/gcc/arm-atollic-eabi/6.3.1/../../../../arm-atollic-eabi/lib/armv7e-m/fpu\libc_nano.a(lib_a-lseekr.o)
 .ARM.attributes
                0x00000c56       0x34 d:/truestudio for stm32 9.3.0/armtools/bin/../lib/gcc/arm-atollic-eabi/6.3.1/../../../../arm-atollic-eabi/lib/armv7e-m/fpu\libc_nano.a(lib_a-mbtowc_r.o)
 .ARM.attributes
                0x00000c8a       0x34 d:/truestudio for stm32 9.3.0/armtools/bin/../lib/gcc/arm-atollic-eabi/6.3.1/../../../../arm-atollic-eabi/lib/armv7e-m/fpu\libc_nano.a(lib_a-mlock.o)
 .ARM.attributes
                0x00000cbe       0x34 d:/truestudio for stm32 9.3.0/armtools/bin/../lib/gcc/arm-atollic-eabi/6.3.1/../../../../arm-atollic-eabi/lib/armv7e-m/fpu\libc_nano.a(lib_a-readr.o)
 .ARM.attributes
                0x00000cf2       0x34 d:/truestudio for stm32 9.3.0/armtools/bin/../lib/gcc/arm-atollic-eabi/6.3.1/../../../../arm-atollic-eabi/lib/armv7e-m/fpu\libc_nano.a(lib_a-reent.o)
 .ARM.attributes
                0x00000d26       0x34 d:/truestudio for stm32 9.3.0/armtools/bin/../lib/gcc/arm-atollic-eabi/6.3.1/../../../../arm-atollic-eabi/lib/armv7e-m/fpu\libc_nano.a(lib_a-wctomb_r.o)
 .ARM.attributes
                0x00000d5a       0x34 d:/truestudio for stm32 9.3.0/armtools/bin/../lib/gcc/arm-atollic-eabi/6.3.1/../../../../arm-atollic-eabi/lib/armv7e-m/fpu\libc_nano.a(lib_a-ctype_.o)
 .ARM.attributes
                0x00000d8e       0x34 d:/truestudio for stm32 9.3.0/armtools/bin/../lib/gcc/arm-atollic-eabi/6.3.1/../../../../arm-atollic-eabi/lib/armv7e-m/fpu\libm.a(lib_a-w_asin.o)
 .ARM.attributes
                0x00000dc2       0x34 d:/truestudio for stm32 9.3.0/armtools/bin/../lib/gcc/arm-atollic-eabi/6.3.1/../../../../arm-atollic-eabi/lib/armv7e-m/fpu\libm.a(lib_a-w_atan2.o)
 .ARM.attributes
                0x00000df6       0x34 d:/truestudio for stm32 9.3.0/armtools/bin/../lib/gcc/arm-atollic-eabi/6.3.1/../../../../arm-atollic-eabi/lib/armv7e-m/fpu\libm.a(lib_a-w_sqrt.o)
 .ARM.attributes
                0x00000e2a       0x34 d:/truestudio for stm32 9.3.0/armtools/bin/../lib/gcc/arm-atollic-eabi/6.3.1/../../../../arm-atollic-eabi/lib/armv7e-m/fpu\libm.a(lib_a-e_asin.o)
 .ARM.attributes
                0x00000e5e       0x34 d:/truestudio for stm32 9.3.0/armtools/bin/../lib/gcc/arm-atollic-eabi/6.3.1/../../../../arm-atollic-eabi/lib/armv7e-m/fpu\libm.a(lib_a-e_atan2.o)
 .ARM.attributes
                0x00000e92       0x34 d:/truestudio for stm32 9.3.0/armtools/bin/../lib/gcc/arm-atollic-eabi/6.3.1/../../../../arm-atollic-eabi/lib/armv7e-m/fpu\libm.a(lib_a-e_sqrt.o)
 .ARM.attributes
                0x00000ec6       0x34 d:/truestudio for stm32 9.3.0/armtools/bin/../lib/gcc/arm-atollic-eabi/6.3.1/../../../../arm-atollic-eabi/lib/armv7e-m/fpu\libm.a(lib_a-s_atan.o)
 .ARM.attributes
                0x00000efa       0x34 d:/truestudio for stm32 9.3.0/armtools/bin/../lib/gcc/arm-atollic-eabi/6.3.1/../../../../arm-atollic-eabi/lib/armv7e-m/fpu\libm.a(lib_a-s_fabs.o)
 .ARM.attributes
                0x00000f2e       0x34 d:/truestudio for stm32 9.3.0/armtools/bin/../lib/gcc/arm-atollic-eabi/6.3.1/../../../../arm-atollic-eabi/lib/armv7e-m/fpu\libm.a(lib_a-s_lib_ver.o)
 .ARM.attributes
                0x00000f62       0x34 d:/truestudio for stm32 9.3.0/armtools/bin/../lib/gcc/arm-atollic-eabi/6.3.1/../../../../arm-atollic-eabi/lib/armv7e-m/fpu\libm.a(lib_a-s_matherr.o)
 .ARM.attributes
                0x00000f96       0x34 d:/truestudio for stm32 9.3.0/armtools/bin/../lib/gcc/arm-atollic-eabi/6.3.1/../../../../arm-atollic-eabi/lib/armv7e-m/fpu\libm.a(lib_a-s_nan.o)
 .ARM.attributes
                0x00000fca       0x22 d:/truestudio for stm32 9.3.0/armtools/bin/../lib/gcc/arm-atollic-eabi/6.3.1/armv7e-m/fpu\libgcc.a(_arm_addsubdf3.o)
 .ARM.attributes
                0x00000fec       0x22 d:/truestudio for stm32 9.3.0/armtools/bin/../lib/gcc/arm-atollic-eabi/6.3.1/armv7e-m/fpu\libgcc.a(_arm_muldivdf3.o)
 .ARM.attributes
                0x0000100e       0x22 d:/truestudio for stm32 9.3.0/armtools/bin/../lib/gcc/arm-atollic-eabi/6.3.1/armv7e-m/fpu\libgcc.a(_arm_cmpdf2.o)
 .ARM.attributes
                0x00001030       0x22 d:/truestudio for stm32 9.3.0/armtools/bin/../lib/gcc/arm-atollic-eabi/6.3.1/armv7e-m/fpu\libgcc.a(_arm_unorddf2.o)
 .ARM.attributes
                0x00001052       0x22 d:/truestudio for stm32 9.3.0/armtools/bin/../lib/gcc/arm-atollic-eabi/6.3.1/armv7e-m/fpu\libgcc.a(_arm_fixdfsi.o)
 .ARM.attributes
                0x00001074       0x22 d:/truestudio for stm32 9.3.0/armtools/bin/../lib/gcc/arm-atollic-eabi/6.3.1/armv7e-m/fpu\libgcc.a(_arm_truncdfsf2.o)
 .ARM.attributes
                0x00001096       0x22 d:/truestudio for stm32 9.3.0/armtools/bin/../lib/gcc/arm-atollic-eabi/6.3.1/armv7e-m/fpu\libgcc.a(_aeabi_uldivmod.o)
 .ARM.attributes
                0x000010b8       0x34 d:/truestudio for stm32 9.3.0/armtools/bin/../lib/gcc/arm-atollic-eabi/6.3.1/armv7e-m/fpu\libgcc.a(_udivmoddi4.o)
 .ARM.attributes
                0x000010ec       0x22 d:/truestudio for stm32 9.3.0/armtools/bin/../lib/gcc/arm-atollic-eabi/6.3.1/armv7e-m/fpu\libgcc.a(_dvmd_tls.o)
 .ARM.attributes
                0x0000110e       0x22 d:/truestudio for stm32 9.3.0/armtools/bin/../lib/gcc/arm-atollic-eabi/6.3.1/armv7e-m/fpu/crtn.o
OUTPUT(all_test1.elf elf32-littlearm)

.debug_info     0x00000000    0x18e1c
 .debug_info    0x00000000      0x9ef Drivers\STM32F4xx_HAL_Driver\Src\stm32f4xx_hal.o
 .debug_info    0x000009ef      0xdb1 Drivers\STM32F4xx_HAL_Driver\Src\stm32f4xx_hal_adc.o
 .debug_info    0x000017a0      0xbd6 Drivers\STM32F4xx_HAL_Driver\Src\stm32f4xx_hal_adc_ex.o
 .debug_info    0x00002376      0xf39 Drivers\STM32F4xx_HAL_Driver\Src\stm32f4xx_hal_cortex.o
 .debug_info    0x000032af      0xa4c Drivers\STM32F4xx_HAL_Driver\Src\stm32f4xx_hal_dma.o
 .debug_info    0x00003cfb      0x775 Drivers\STM32F4xx_HAL_Driver\Src\stm32f4xx_hal_gpio.o
 .debug_info    0x00004470     0x334f Drivers\STM32F4xx_HAL_Driver\Src\stm32f4xx_hal_i2c.o
 .debug_info    0x000077bf      0xa57 Drivers\STM32F4xx_HAL_Driver\Src\stm32f4xx_hal_rcc.o
 .debug_info    0x00008216     0x34cf Drivers\STM32F4xx_HAL_Driver\Src\stm32f4xx_hal_tim.o
 .debug_info    0x0000b6e5     0x12fe Drivers\STM32F4xx_HAL_Driver\Src\stm32f4xx_hal_tim_ex.o
 .debug_info    0x0000c9e3     0x16c9 Drivers\STM32F4xx_HAL_Driver\Src\stm32f4xx_hal_uart.o
 .debug_info    0x0000e0ac      0x800 Src\I2C_1.o
 .debug_info    0x0000e8ac      0xe08 Src\MPU9250.o
 .debug_info    0x0000f6b4      0xd8a Src\adc.o
 .debug_info    0x0001043e      0x57c Src\gpio.o
 .debug_info    0x000109ba      0xd06 Src\i2c.o
 .debug_info    0x000116c0     0x20f4 Src\main.o
 .debug_info    0x000137b4      0x57e Src\stm32f4xx_hal_msp.o
 .debug_info    0x00013d32      0xeb9 Src\stm32f4xx_it.o
 .debug_info    0x00014beb      0xfe1 Src\syscalls.o
 .debug_info    0x00015bcc      0x50a Src\system_stm32f4xx.o
 .debug_info    0x000160d6     0x1170 Src\tim.o
 .debug_info    0x00017246      0xf3f Src\tm_stm32_ahrs_imu.o
 .debug_info    0x00018185      0xc34 Src\usart.o
 .debug_info    0x00018db9       0x63 startup\startup_stm32f407xx.o

.debug_abbrev   0x00000000     0x385f
 .debug_abbrev  0x00000000      0x23d Drivers\STM32F4xx_HAL_Driver\Src\stm32f4xx_hal.o
 .debug_abbrev  0x0000023d      0x2bf Drivers\STM32F4xx_HAL_Driver\Src\stm32f4xx_hal_adc.o
 .debug_abbrev  0x000004fc      0x284 Drivers\STM32F4xx_HAL_Driver\Src\stm32f4xx_hal_adc_ex.o
 .debug_abbrev  0x00000780      0x314 Drivers\STM32F4xx_HAL_Driver\Src\stm32f4xx_hal_cortex.o
 .debug_abbrev  0x00000a94      0x2e8 Drivers\STM32F4xx_HAL_Driver\Src\stm32f4xx_hal_dma.o
 .debug_abbrev  0x00000d7c      0x1ef Drivers\STM32F4xx_HAL_Driver\Src\stm32f4xx_hal_gpio.o
 .debug_abbrev  0x00000f6b      0x399 Drivers\STM32F4xx_HAL_Driver\Src\stm32f4xx_hal_i2c.o
 .debug_abbrev  0x00001304      0x2cb Drivers\STM32F4xx_HAL_Driver\Src\stm32f4xx_hal_rcc.o
 .debug_abbrev  0x000015cf      0x324 Drivers\STM32F4xx_HAL_Driver\Src\stm32f4xx_hal_tim.o
 .debug_abbrev  0x000018f3      0x29c Drivers\STM32F4xx_HAL_Driver\Src\stm32f4xx_hal_tim_ex.o
 .debug_abbrev  0x00001b8f      0x2fb Drivers\STM32F4xx_HAL_Driver\Src\stm32f4xx_hal_uart.o
 .debug_abbrev  0x00001e8a      0x194 Src\I2C_1.o
 .debug_abbrev  0x0000201e      0x220 Src\MPU9250.o
 .debug_abbrev  0x0000223e      0x202 Src\adc.o
 .debug_abbrev  0x00002440      0x173 Src\gpio.o
 .debug_abbrev  0x000025b3      0x1e9 Src\i2c.o
 .debug_abbrev  0x0000279c      0x31a Src\main.o
 .debug_abbrev  0x00002ab6      0x144 Src\stm32f4xx_hal_msp.o
 .debug_abbrev  0x00002bfa      0x1de Src\stm32f4xx_it.o
 .debug_abbrev  0x00002dd8      0x2d9 Src\syscalls.o
 .debug_abbrev  0x000030b1      0x10e Src\system_stm32f4xx.o
 .debug_abbrev  0x000031bf      0x1f5 Src\tim.o
 .debug_abbrev  0x000033b4      0x2a5 Src\tm_stm32_ahrs_imu.o
 .debug_abbrev  0x00003659      0x1f4 Src\usart.o
 .debug_abbrev  0x0000384d       0x12 startup\startup_stm32f407xx.o

.debug_loc      0x00000000     0xb414
 .debug_loc     0x00000000      0x11b Drivers\STM32F4xx_HAL_Driver\Src\stm32f4xx_hal.o
 .debug_loc     0x0000011b      0x7aa Drivers\STM32F4xx_HAL_Driver\Src\stm32f4xx_hal_adc.o
 .debug_loc     0x000008c5      0x7a8 Drivers\STM32F4xx_HAL_Driver\Src\stm32f4xx_hal_adc_ex.o
 .debug_loc     0x0000106d      0x4fb Drivers\STM32F4xx_HAL_Driver\Src\stm32f4xx_hal_cortex.o
 .debug_loc     0x00001568      0x727 Drivers\STM32F4xx_HAL_Driver\Src\stm32f4xx_hal_dma.o
 .debug_loc     0x00001c8f      0x36d Drivers\STM32F4xx_HAL_Driver\Src\stm32f4xx_hal_gpio.o
 .debug_loc     0x00001ffc     0x2f30 Drivers\STM32F4xx_HAL_Driver\Src\stm32f4xx_hal_i2c.o
 .debug_loc     0x00004f2c      0x336 Drivers\STM32F4xx_HAL_Driver\Src\stm32f4xx_hal_rcc.o
 .debug_loc     0x00005262     0x3009 Drivers\STM32F4xx_HAL_Driver\Src\stm32f4xx_hal_tim.o
 .debug_loc     0x0000826b      0xa7c Drivers\STM32F4xx_HAL_Driver\Src\stm32f4xx_hal_tim_ex.o
 .debug_loc     0x00008ce7     0x1335 Drivers\STM32F4xx_HAL_Driver\Src\stm32f4xx_hal_uart.o
 .debug_loc     0x0000a01c      0x135 Src\I2C_1.o
 .debug_loc     0x0000a151      0x167 Src\MPU9250.o
 .debug_loc     0x0000a2b8       0x63 Src\adc.o
 .debug_loc     0x0000a31b       0x58 Src\i2c.o
 .debug_loc     0x0000a373       0x40 Src\main.o
 .debug_loc     0x0000a3b3      0x3ef Src\syscalls.o
 .debug_loc     0x0000a7a2      0x11c Src\system_stm32f4xx.o
 .debug_loc     0x0000a8be       0x9d Src\tim.o
 .debug_loc     0x0000a95b      0xa61 Src\tm_stm32_ahrs_imu.o
 .debug_loc     0x0000b3bc       0x58 Src\usart.o

.debug_aranges  0x00000000      0xe40
 .debug_aranges
                0x00000000       0xe8 Drivers\STM32F4xx_HAL_Driver\Src\stm32f4xx_hal.o
 .debug_aranges
                0x000000e8       0xb8 Drivers\STM32F4xx_HAL_Driver\Src\stm32f4xx_hal_adc.o
 .debug_aranges
                0x000001a0       0x90 Drivers\STM32F4xx_HAL_Driver\Src\stm32f4xx_hal_adc_ex.o
 .debug_aranges
                0x00000230       0xa8 Drivers\STM32F4xx_HAL_Driver\Src\stm32f4xx_hal_cortex.o
 .debug_aranges
                0x000002d8       0x80 Drivers\STM32F4xx_HAL_Driver\Src\stm32f4xx_hal_dma.o
 .debug_aranges
                0x00000358       0x58 Drivers\STM32F4xx_HAL_Driver\Src\stm32f4xx_hal_gpio.o
 .debug_aranges
                0x000003b0      0x1b0 Drivers\STM32F4xx_HAL_Driver\Src\stm32f4xx_hal_i2c.o
 .debug_aranges
                0x00000560       0x88 Drivers\STM32F4xx_HAL_Driver\Src\stm32f4xx_hal_rcc.o
 .debug_aranges
                0x000005e8      0x278 Drivers\STM32F4xx_HAL_Driver\Src\stm32f4xx_hal_tim.o
 .debug_aranges
                0x00000860       0xf8 Drivers\STM32F4xx_HAL_Driver\Src\stm32f4xx_hal_tim_ex.o
 .debug_aranges
                0x00000958      0x170 Drivers\STM32F4xx_HAL_Driver\Src\stm32f4xx_hal_uart.o
 .debug_aranges
                0x00000ac8       0x28 Src\I2C_1.o
 .debug_aranges
                0x00000af0       0x40 Src\MPU9250.o
 .debug_aranges
                0x00000b30       0x30 Src\adc.o
 .debug_aranges
                0x00000b60       0x20 Src\gpio.o
 .debug_aranges
                0x00000b80       0x30 Src\i2c.o
 .debug_aranges
                0x00000bb0       0x40 Src\main.o
 .debug_aranges
                0x00000bf0       0x20 Src\stm32f4xx_hal_msp.o
 .debug_aranges
                0x00000c10       0x80 Src\stm32f4xx_it.o
 .debug_aranges
                0x00000c90       0xb0 Src\syscalls.o
 .debug_aranges
                0x00000d40       0x28 Src\system_stm32f4xx.o
 .debug_aranges
                0x00000d68       0x40 Src\tim.o
 .debug_aranges
                0x00000da8       0x40 Src\tm_stm32_ahrs_imu.o
 .debug_aranges
                0x00000de8       0x30 Src\usart.o
 .debug_aranges
                0x00000e18       0x28 startup\startup_stm32f407xx.o

.debug_ranges   0x00000000     0x1250
 .debug_ranges  0x00000000       0xd8 Drivers\STM32F4xx_HAL_Driver\Src\stm32f4xx_hal.o
 .debug_ranges  0x000000d8       0xc8 Drivers\STM32F4xx_HAL_Driver\Src\stm32f4xx_hal_adc.o
 .debug_ranges  0x000001a0       0x80 Drivers\STM32F4xx_HAL_Driver\Src\stm32f4xx_hal_adc_ex.o
 .debug_ranges  0x00000220      0x128 Drivers\STM32F4xx_HAL_Driver\Src\stm32f4xx_hal_cortex.o
 .debug_ranges  0x00000348       0xc8 Drivers\STM32F4xx_HAL_Driver\Src\stm32f4xx_hal_dma.o
 .debug_ranges  0x00000410       0x68 Drivers\STM32F4xx_HAL_Driver\Src\stm32f4xx_hal_gpio.o
 .debug_ranges  0x00000478      0x3d0 Drivers\STM32F4xx_HAL_Driver\Src\stm32f4xx_hal_i2c.o
 .debug_ranges  0x00000848       0xb0 Drivers\STM32F4xx_HAL_Driver\Src\stm32f4xx_hal_rcc.o
 .debug_ranges  0x000008f8      0x340 Drivers\STM32F4xx_HAL_Driver\Src\stm32f4xx_hal_tim.o
 .debug_ranges  0x00000c38       0xe8 Drivers\STM32F4xx_HAL_Driver\Src\stm32f4xx_hal_tim_ex.o
 .debug_ranges  0x00000d20      0x178 Drivers\STM32F4xx_HAL_Driver\Src\stm32f4xx_hal_uart.o
 .debug_ranges  0x00000e98       0x18 Src\I2C_1.o
 .debug_ranges  0x00000eb0       0x30 Src\MPU9250.o
 .debug_ranges  0x00000ee0       0x38 Src\adc.o
 .debug_ranges  0x00000f18       0x40 Src\gpio.o
 .debug_ranges  0x00000f58       0x58 Src\i2c.o
 .debug_ranges  0x00000fb0       0x30 Src\main.o
 .debug_ranges  0x00000fe0       0x28 Src\stm32f4xx_hal_msp.o
 .debug_ranges  0x00001008       0x70 Src\stm32f4xx_it.o
 .debug_ranges  0x00001078       0xa0 Src\syscalls.o
 .debug_ranges  0x00001118       0x18 Src\system_stm32f4xx.o
 .debug_ranges  0x00001130       0x98 Src\tim.o
 .debug_ranges  0x000011c8       0x30 Src\tm_stm32_ahrs_imu.o
 .debug_ranges  0x000011f8       0x38 Src\usart.o
 .debug_ranges  0x00001230       0x20 startup\startup_stm32f407xx.o

.debug_line     0x00000000     0x837d
 .debug_line    0x00000000      0x3e3 Drivers\STM32F4xx_HAL_Driver\Src\stm32f4xx_hal.o
 .debug_line    0x000003e3      0x6e4 Drivers\STM32F4xx_HAL_Driver\Src\stm32f4xx_hal_adc.o
 .debug_line    0x00000ac7      0x561 Drivers\STM32F4xx_HAL_Driver\Src\stm32f4xx_hal_adc_ex.o
 .debug_line    0x00001028      0x41e Drivers\STM32F4xx_HAL_Driver\Src\stm32f4xx_hal_cortex.o
 .debug_line    0x00001446      0x537 Drivers\STM32F4xx_HAL_Driver\Src\stm32f4xx_hal_dma.o
 .debug_line    0x0000197d      0x3ac Drivers\STM32F4xx_HAL_Driver\Src\stm32f4xx_hal_gpio.o
 .debug_line    0x00001d29     0x1bb9 Drivers\STM32F4xx_HAL_Driver\Src\stm32f4xx_hal_i2c.o
 .debug_line    0x000038e2      0x4bc Drivers\STM32F4xx_HAL_Driver\Src\stm32f4xx_hal_rcc.o
 .debug_line    0x00003d9e     0x114b Drivers\STM32F4xx_HAL_Driver\Src\stm32f4xx_hal_tim.o
 .debug_line    0x00004ee9      0x645 Drivers\STM32F4xx_HAL_Driver\Src\stm32f4xx_hal_tim_ex.o
 .debug_line    0x0000552e      0xb3e Drivers\STM32F4xx_HAL_Driver\Src\stm32f4xx_hal_uart.o
 .debug_line    0x0000606c      0x202 Src\I2C_1.o
 .debug_line    0x0000626e      0x2bf Src\MPU9250.o
 .debug_line    0x0000652d      0x29e Src\adc.o
 .debug_line    0x000067cb      0x1c4 Src\gpio.o
 .debug_line    0x0000698f      0x26b Src\i2c.o
 .debug_line    0x00006bfa      0x453 Src\main.o
 .debug_line    0x0000704d      0x1ba Src\stm32f4xx_hal_msp.o
 .debug_line    0x00007207      0x307 Src\stm32f4xx_it.o
 .debug_line    0x0000750e      0x34b Src\syscalls.o
 .debug_line    0x00007859      0x1a6 Src\system_stm32f4xx.o
 .debug_line    0x000079ff      0x320 Src\tim.o
 .debug_line    0x00007d1f      0x378 Src\tm_stm32_ahrs_imu.o
 .debug_line    0x00008097      0x267 Src\usart.o
 .debug_line    0x000082fe       0x7f startup\startup_stm32f407xx.o

.debug_str      0x00000000     0x5604
 .debug_str     0x00000000      0xb32 Drivers\STM32F4xx_HAL_Driver\Src\stm32f4xx_hal.o
                                0xba0 (size before relaxing)
 .debug_str     0x00000b32      0x695 Drivers\STM32F4xx_HAL_Driver\Src\stm32f4xx_hal_adc.o
                                0x994 (size before relaxing)
 .debug_str     0x000011c7      0x2df Drivers\STM32F4xx_HAL_Driver\Src\stm32f4xx_hal_adc_ex.o
                                0x9f7 (size before relaxing)
 .debug_str     0x000014a6      0x4a1 Drivers\STM32F4xx_HAL_Driver\Src\stm32f4xx_hal_cortex.o
                                0xc6b (size before relaxing)
 .debug_str     0x00001947      0x2ef Drivers\STM32F4xx_HAL_Driver\Src\stm32f4xx_hal_dma.o
                                0x7b7 (size before relaxing)
 .debug_str     0x00001c36      0x1cd Drivers\STM32F4xx_HAL_Driver\Src\stm32f4xx_hal_gpio.o
                                0x531 (size before relaxing)
 .debug_str     0x00001e03      0xae9 Drivers\STM32F4xx_HAL_Driver\Src\stm32f4xx_hal_i2c.o
                               0x103e (size before relaxing)
 .debug_str     0x000028ec      0x2c9 Drivers\STM32F4xx_HAL_Driver\Src\stm32f4xx_hal_rcc.o
                                0x704 (size before relaxing)
 .debug_str     0x00002bb5      0xfd9 Drivers\STM32F4xx_HAL_Driver\Src\stm32f4xx_hal_tim.o
                               0x150e (size before relaxing)
 .debug_str     0x00003b8e      0x548 Drivers\STM32F4xx_HAL_Driver\Src\stm32f4xx_hal_tim_ex.o
                                0xd26 (size before relaxing)
 .debug_str     0x000040d6      0x6bb Drivers\STM32F4xx_HAL_Driver\Src\stm32f4xx_hal_uart.o
                                0xc59 (size before relaxing)
 .debug_str     0x00004791       0x74 Src\I2C_1.o
                                0x7d9 (size before relaxing)
 .debug_str     0x00004805      0x2d5 Src\MPU9250.o
                                0xa03 (size before relaxing)
 .debug_str     0x00004ada       0x49 Src\adc.o
                                0xd90 (size before relaxing)
 .debug_str     0x00004b23       0x1b Src\gpio.o
                                0x3d1 (size before relaxing)
 .debug_str     0x00004b3e       0x24 Src\i2c.o
                                0xe29 (size before relaxing)
 .debug_str     0x00004b62      0x534 Src\main.o
                               0x1733 (size before relaxing)