stm32f4xx_it.c:75:6:NMI_Handler	0	static
stm32f4xx_it.c:88:6:HardFault_Handler	0	static
stm32f4xx_it.c:103:6:MemManage_Handler	0	static
stm32f4xx_it.c:118:6:BusFault_Handler	0	static
stm32f4xx_it.c:133:6:UsageFault_Handler	0	static
stm32f4xx_it.c:148:6:SVC_Handler	0	static
stm32f4xx_it.c:161:6:DebugMon_Handler	0	static
stm32f4xx_it.c:174:6:PendSV_Handler	0	static
stm32f4xx_it.c:187:6:SysTick_Handler	0	static
stm32f4xx_it.c:208:6:RCC_IRQHandler	0	static
stm32f4xx_it.c:221:6:ADC_IRQHandler	0	static
stm32f4xx_it.c:235:6:EXTI9_5_IRQHandler	8	static
stm32f4xx_it.c:263:6:TIM1_CC_IRQHandler	0	static
stm32f4xx_it.c:249:6:TIM1_UP_TIM10_IRQHandler	0	static
stm32f4xx_it.c:277:6:TIM4_IRQHandler	0	static
stm32f4xx_it.c:291:6:I2C1_EV_IRQHandler	0	static
stm32f4xx_it.c:305:6:I2C1_ER_IRQHandler	0	static
stm32f4xx_it.c:319:6:USART1_IRQHandler	0	static
stm32f4xx_it.c:333:6:EXTI15_10_IRQHandler	8	static
stm32f4xx_it.c:347:6:USART6_IRQHandler	0	static
